Archive member included to satisfy reference by file (symbol)

c:/st/stm32cubeide_1.7.0/stm32cubeide/plugins/com.st.stm32cube.ide.mcu.externaltools.gnu-tools-for-stm32.9-2020-q2-update.win32_2.0.0.202105311346/tools/bin/../lib/gcc/arm-none-eabi/9.3.1/../../../../arm-none-eabi/lib/thumb/v7-m/nofp\libc_nano.a(lib_a-assert.o)
                              ./Core/Src/lfs.o (__assert_func)
c:/st/stm32cubeide_1.7.0/stm32cubeide/plugins/com.st.stm32cube.ide.mcu.externaltools.gnu-tools-for-stm32.9-2020-q2-update.win32_2.0.0.202105311346/tools/bin/../lib/gcc/arm-none-eabi/9.3.1/../../../../arm-none-eabi/lib/thumb/v7-m/nofp\libc_nano.a(lib_a-errno.o)
                              ./Core/Src/syscalls.o (__errno)
c:/st/stm32cubeide_1.7.0/stm32cubeide/plugins/com.st.stm32cube.ide.mcu.externaltools.gnu-tools-for-stm32.9-2020-q2-update.win32_2.0.0.202105311346/tools/bin/../lib/gcc/arm-none-eabi/9.3.1/../../../../arm-none-eabi/lib/thumb/v7-m/nofp\libc_nano.a(lib_a-exit.o)
                              c:/st/stm32cubeide_1.7.0/stm32cubeide/plugins/com.st.stm32cube.ide.mcu.externaltools.gnu-tools-for-stm32.9-2020-q2-update.win32_2.0.0.202105311346/tools/bin/../lib/gcc/arm-none-eabi/9.3.1/../../../../arm-none-eabi/lib/thumb/v7-m/nofp/crt0.o (exit)
c:/st/stm32cubeide_1.7.0/stm32cubeide/plugins/com.st.stm32cube.ide.mcu.externaltools.gnu-tools-for-stm32.9-2020-q2-update.win32_2.0.0.202105311346/tools/bin/../lib/gcc/arm-none-eabi/9.3.1/../../../../arm-none-eabi/lib/thumb/v7-m/nofp\libc_nano.a(lib_a-fprintf.o)
                              c:/st/stm32cubeide_1.7.0/stm32cubeide/plugins/com.st.stm32cube.ide.mcu.externaltools.gnu-tools-for-stm32.9-2020-q2-update.win32_2.0.0.202105311346/tools/bin/../lib/gcc/arm-none-eabi/9.3.1/../../../../arm-none-eabi/lib/thumb/v7-m/nofp\libc_nano.a(lib_a-assert.o) (fiprintf)
c:/st/stm32cubeide_1.7.0/stm32cubeide/plugins/com.st.stm32cube.ide.mcu.externaltools.gnu-tools-for-stm32.9-2020-q2-update.win32_2.0.0.202105311346/tools/bin/../lib/gcc/arm-none-eabi/9.3.1/../../../../arm-none-eabi/lib/thumb/v7-m/nofp\libc_nano.a(lib_a-impure.o)
                              c:/st/stm32cubeide_1.7.0/stm32cubeide/plugins/com.st.stm32cube.ide.mcu.externaltools.gnu-tools-for-stm32.9-2020-q2-update.win32_2.0.0.202105311346/tools/bin/../lib/gcc/arm-none-eabi/9.3.1/../../../../arm-none-eabi/lib/thumb/v7-m/nofp\libc_nano.a(lib_a-exit.o) (_global_impure_ptr)
c:/st/stm32cubeide_1.7.0/stm32cubeide/plugins/com.st.stm32cube.ide.mcu.externaltools.gnu-tools-for-stm32.9-2020-q2-update.win32_2.0.0.202105311346/tools/bin/../lib/gcc/arm-none-eabi/9.3.1/../../../../arm-none-eabi/lib/thumb/v7-m/nofp\libc_nano.a(lib_a-init.o)
                              c:/st/stm32cubeide_1.7.0/stm32cubeide/plugins/com.st.stm32cube.ide.mcu.externaltools.gnu-tools-for-stm32.9-2020-q2-update.win32_2.0.0.202105311346/tools/bin/../lib/gcc/arm-none-eabi/9.3.1/../../../../arm-none-eabi/lib/thumb/v7-m/nofp/crt0.o (__libc_init_array)
c:/st/stm32cubeide_1.7.0/stm32cubeide/plugins/com.st.stm32cube.ide.mcu.externaltools.gnu-tools-for-stm32.9-2020-q2-update.win32_2.0.0.202105311346/tools/bin/../lib/gcc/arm-none-eabi/9.3.1/../../../../arm-none-eabi/lib/thumb/v7-m/nofp\libc_nano.a(lib_a-malloc.o)
                              ./Core/Src/lfs.o (malloc)
c:/st/stm32cubeide_1.7.0/stm32cubeide/plugins/com.st.stm32cube.ide.mcu.externaltools.gnu-tools-for-stm32.9-2020-q2-update.win32_2.0.0.202105311346/tools/bin/../lib/gcc/arm-none-eabi/9.3.1/../../../../arm-none-eabi/lib/thumb/v7-m/nofp\libc_nano.a(lib_a-memcmp.o)
                              ./Core/Src/lfs.o (memcmp)
c:/st/stm32cubeide_1.7.0/stm32cubeide/plugins/com.st.stm32cube.ide.mcu.externaltools.gnu-tools-for-stm32.9-2020-q2-update.win32_2.0.0.202105311346/tools/bin/../lib/gcc/arm-none-eabi/9.3.1/../../../../arm-none-eabi/lib/thumb/v7-m/nofp\libc_nano.a(lib_a-memcpy-stub.o)
                              ./Core/Src/lfs.o (memcpy)
c:/st/stm32cubeide_1.7.0/stm32cubeide/plugins/com.st.stm32cube.ide.mcu.externaltools.gnu-tools-for-stm32.9-2020-q2-update.win32_2.0.0.202105311346/tools/bin/../lib/gcc/arm-none-eabi/9.3.1/../../../../arm-none-eabi/lib/thumb/v7-m/nofp\libc_nano.a(lib_a-memset.o)
                              c:/st/stm32cubeide_1.7.0/stm32cubeide/plugins/com.st.stm32cube.ide.mcu.externaltools.gnu-tools-for-stm32.9-2020-q2-update.win32_2.0.0.202105311346/tools/bin/../lib/gcc/arm-none-eabi/9.3.1/../../../../arm-none-eabi/lib/thumb/v7-m/nofp/crt0.o (memset)
c:/st/stm32cubeide_1.7.0/stm32cubeide/plugins/com.st.stm32cube.ide.mcu.externaltools.gnu-tools-for-stm32.9-2020-q2-update.win32_2.0.0.202105311346/tools/bin/../lib/gcc/arm-none-eabi/9.3.1/../../../../arm-none-eabi/lib/thumb/v7-m/nofp\libc_nano.a(lib_a-nano-freer.o)
[...]
Memory Configuration

Name             Origin             Length             Attributes
RAM              0x0000000020000000 0x0000000000005000 xrw
FLASH            0x0000000008000000 0x0000000000011400 xr
*default*        0x0000000000000000 0xffffffffffffffff

Linker script and memory map

LOAD c:/st/stm32cubeide_1.7.0/stm32cubeide/plugins/com.st.stm32cube.ide.mcu.externaltools.gnu-tools-for-stm32.9-2020-q2-update.win32_2.0.0.202105311346/tools/bin/../lib/gcc/arm-none-eabi/9.3.1/thumb/v7-m/nofp/crti.o
LOAD c:/st/stm32cubeide_1.7.0/stm32cubeide/plugins/com.st.stm32cube.ide.mcu.externaltools.gnu-tools-for-stm32.9-2020-q2-update.win32_2.0.0.202105311346/tools/bin/../lib/gcc/arm-none-eabi/9.3.1/thumb/v7-m/nofp/crtbegin.o
LOAD c:/st/stm32cubeide_1.7.0/stm32cubeide/plugins/com.st.stm32cube.ide.mcu.externaltools.gnu-tools-for-stm32.9-2020-q2-update.win32_2.0.0.202105311346/tools/bin/../lib/gcc/arm-none-eabi/9.3.1/../../../../arm-none-eabi/lib/thumb/v7-m/nofp/crt0.o
LOAD ./Core/Src/MT25Q.o
LOAD ./Core/Src/RM3100QUAD.o
LOAD ./Core/Src/lfs.o
LOAD ./Core/Src/lfs_port.o
LOAD ./Core/Src/lfs_port_ai.o
LOAD ./Core/Src/lfs_util.o
LOAD ./Core/Src/main.o
LOAD ./Core/Src/main_original.o
LOAD ./Core/Src/nor.o
LOAD ./Core/Src/nor_ids.o
LOAD ./Core/Src/stm32f1xx_hal_msp.o
LOAD ./Core/Src/stm32f1xx_it.o
LOAD ./Core/Src/syscalls.o
LOAD ./Core/Src/sysmem.o
LOAD ./Core/Src/system_stm32f1xx.o
LOAD ./Core/Startup/startup_stm32f103c8tx.o
LOAD ./Drivers/STM32F1xx_HAL_Driver/Src/stm32f1xx_hal.o
LOAD ./Drivers/STM32F1xx_HAL_Driver/Src/stm32f1xx_hal_cortex.o
LOAD ./Drivers/STM32F1xx_HAL_Driver/Src/stm32f1xx_hal_dma.o
LOAD ./Drivers/STM32F1xx_HAL_Driver/Src/stm32f1xx_hal_exti.o
LOAD ./Drivers/STM32F1xx_HAL_Driver/Src/stm32f1xx_hal_flash.o
LOAD ./Drivers/STM32F1xx_HAL_Driver/Src/stm32f1xx_hal_flash_ex.o
LOAD ./Drivers/STM32F1xx_HAL_Driver/Src/stm32f1xx_hal_gpio.o
LOAD ./Drivers/STM32F1xx_HAL_Driver/Src/stm32f1xx_hal_gpio_ex.o
LOAD ./Drivers/STM32F1xx_HAL_Driver/Src/stm32f1xx_hal_pcd.o
LOAD ./Drivers/STM32F1xx_HAL_Driver/Src/stm32f1xx_hal_pcd_ex.o
LOAD ./Drivers/STM32F1xx_HAL_Driver/Src/stm32f1xx_hal_pwr.o
LOAD ./Drivers/STM32F1xx_HAL_Driver/Src/stm32f1xx_hal_rcc.o
LOAD ./Drivers/STM32F1xx_HAL_Driver/Src/stm32f1xx_hal_rcc_ex.o
LOAD ./Drivers/STM32F1xx_HAL_Driver/Src/stm32f1xx_hal_rtc.o
LOAD ./Drivers/STM32F1xx_HAL_Driver/Src/stm32f1xx_hal_rtc_ex.o
LOAD ./Drivers/STM32F1xx_HAL_Driver/Src/stm32f1xx_hal_spi.o
LOAD ./Drivers/STM32F1xx_HAL_Driver/Src/stm32f1xx_hal_tim.o
LOAD ./Drivers/STM32F1xx_HAL_Driver/Src/stm32f1xx_hal_tim_ex.o
LOAD ./Drivers/STM32F1xx_HAL_Driver/Src/stm32f1xx_hal_uart.o
LOAD ./Drivers/STM32F1xx_HAL_Driver/Src/stm32f1xx_ll_usb.o
START GROUP
LOAD c:/st/stm32cubeide_1.7.0/stm32cubeide/plugins/com.st.stm32cube.ide.mcu.externaltools.gnu-tools-for-stm32.9-2020-q2-update.win32_2.0.0.202105311346/tools/bin/../lib/gcc/arm-none-eabi/9.3.1/../../../../arm-none-eabi/lib/thumb/v7-m/nofp\libc_nano.a
LOAD c:/st/stm32cubeide_1.7.0/stm32cubeide/plugins/com.st.stm32cube.ide.mcu.externaltools.gnu-tools-for-stm32.9-2020-q2-update.win32_2.0.0.202105311346/tools/bin/../lib/gcc/arm-none-eabi/9.3.1/../../../../arm-none-eabi/lib/thumb/v7-m/nofp\libm.a
END GROUP
START GROUP
LOAD c:/st/stm32cubeide_1.7.0/stm32cubeide/plugins/com.st.stm32cube.ide.mcu.externaltools.gnu-tools-for-stm32.9-2020-q2-update.win32_2.0.0.202105311346/tools/bin/../lib/gcc/arm-none-eabi/9.3.1/thumb/v7-m/nofp\libgcc.a
LOAD c:/st/stm32cubeide_1.7.0/stm32cubeide/plugins/com.st.stm32cube.ide.mcu.externaltools.gnu-tools-for-stm32.9-2020-q2-update.win32_2.0.0.202105311346/tools/bin/../lib/gcc/arm-none-eabi/9.3.1/../../../../arm-none-eabi/lib/thumb/v7-m/nofp\libc_nano.a
END GROUP
START GROUP
LOAD c:/st/stm32cubeide_1.7.0/stm32cubeide/plugins/com.st.stm32cube.ide.mcu.externaltools.gnu-tools-for-stm32.9-2020-q2-update.win32_2.0.0.202105311346/tools/bin/../lib/gcc/arm-none-eabi/9.3.1/thumb/v7-m/nofp\libgcc.a
LOAD c:/st/stm32cubeide_1.7.0/stm32cubeide/plugins/com.st.stm32cube.ide.mcu.externaltools.gnu-tools-for-stm32.9-2020-q2-update.win32_2.0.0.202105311346/tools/bin/../lib/gcc/arm-none-eabi/9.3.1/../../../../arm-none-eabi/lib/thumb/v7-m/nofp\libc_nano.a
LOAD c:/st/stm32cubeide_1.7.0/stm32cubeide/plugins/com.st.stm32cube.ide.mcu.externaltools.gnu-tools-for-stm32.9-2020-q2-update.win32_2.0.0.202105311346/tools/bin/../lib/gcc/arm-none-eabi/9.3.1/../../../../arm-none-eabi/lib/thumb/v7-m/nofp\libnosys.a
END GROUP
START GROUP
LOAD c:/st/stm32cubeide_1.7.0/stm32cubeide/plugins/com.st.stm32cube.ide.mcu.externaltools.gnu-tools-for-stm32.9-2020-q2-update.win32_2.0.0.202105311346/tools/bin/../lib/gcc/arm-none-eabi/9.3.1/thumb/v7-m/nofp\libgcc.a
LOAD c:/st/stm32cubeide_1.7.0/stm32cubeide/plugins/com.st.stm32cube.ide.mcu.externaltools.gnu-tools-for-stm32.9-2020-q2-update.win32_2.0.0.202105311346/tools/bin/../lib/gcc/arm-none-eabi/9.3.1/../../../../arm-none-eabi/lib/thumb/v7-m/nofp\libc_nano.a
LOAD c:/st/stm32cubeide_1.7.0/stm32cubeide/plugins/com.st.stm32cube.ide.mcu.externaltools.gnu-tools-for-stm32.9-2020-q2-update.win32_2.0.0.202105311346/tools/bin/../lib/gcc/arm-none-eabi/9.3.1/../../../../arm-none-eabi/lib/thumb/v7-m/nofp\libnosys.a
END GROUP
LOAD c:/st/stm32cubeide_1.7.0/stm32cubeide/plugins/com.st.stm32cube.ide.mcu.externaltools.gnu-tools-for-stm32.9-2020-q2-update.win32_2.0.0.202105311346/tools/bin/../lib/gcc/arm-none-eabi/9.3.1/thumb/v7-m/nofp/crtend.o
LOAD c:/st/stm32cubeide_1.7.0/stm32cubeide/plugins/com.st.stm32cube.ide.mcu.externaltools.gnu-tools-for-stm32.9-2020-q2-update.win32_2.0.0.202105311346/tools/bin/../lib/gcc/arm-none-eabi/9.3.1/thumb/v7-m/nofp/crtn.o
                0x0000000020005000                _estack = (ORIGIN (RAM) + LENGTH (RAM))
                0x0000000000000200                _Min_Heap_Size = 0x200
                0x0000000000000400                _Min_Stack_Size = 0x400

.isr_vector     0x0000000008000000      0x10c
                0x0000000008000000                . = ALIGN (0x4)
 *(.isr_vector)
 .isr_vector    0x0000000008000000      0x10c ./Core/Startup/startup_stm32f103c8tx.o
                0x0000000008000000                g_pfnVectors
                0x000000000800010c                . = ALIGN (0x4)

.text           0x000000000800010c     0xea6c
                0x000000000800010c                . = ALIGN (0x4)
 *(.text)
 .text          0x000000000800010c       0x40 c:/st/stm32cubeide_1.7.0/stm32cubeide/plugins/com.st.stm32cube.ide.mcu.externaltools.gnu-tools-for-stm32.9-2020-q2-update.win32_2.0.0.202105311346/tools/bin/../lib/gcc/arm-none-eabi/9.3.1/thumb/v7-m/nofp/crtbegin.o
 .text          0x000000000800014c       0x14 c:/st/stm32cubeide_1.7.0/stm32cubeide/plugins/com.st.stm32cube.ide.mcu.externaltools.gnu-tools-for-stm32.9-2020-q2-update.win32_2.0.0.202105311346/tools/bin/../lib/gcc/arm-none-eabi/9.3.1/../../../../arm-none-eabi/lib/thumb/v7-m/nofp\libc_nano.a(lib_a-strcmp.o)
                0x000000000800014c                strcmp
 .text          0x0000000008000160       0x10 c:/st/stm32cubeide_1.7.0/stm32cubeide/plugins/com.st.stm32cube.ide.mcu.externaltools.gnu-tools-for-stm32.9-2020-q2-update.win32_2.0.0.202105311346/tools/bin/../lib/gcc/arm-none-eabi/9.3.1/../../../../arm-none-eabi/lib/thumb/v7-m/nofp\libc_nano.a(lib_a-strlen.o)
                0x0000000008000160                strlen
 .text          0x0000000008000170       0x28 c:/st/stm32cubeide_1.7.0/stm32cubeide/plugins/com.st.stm32cube.ide.mcu.externaltools.gnu-tools-for-stm32.9-2020-q2-update.win32_2.0.0.202105311346/tools/bin/../lib/gcc/arm-none-eabi/9.3.1/thumb/v7-m/nofp\libgcc.a(_popcountsi2.o)
                0x0000000008000170                __popcountsi2
 *(.text*)
 .text.Read_ID  0x0000000008000198       0xd4 ./Core/Src/MT25Q.o
                0x0000000008000198                Read_ID
 .text.FM_Enable
                0x000000000800026c       0x34 ./Core/Src/MT25Q.o
 .text.FM_Disable
                0x00000000080002a0       0x34 ./Core/Src/MT25Q.o
 .text.lfs_max  0x00000000080002d4       0x1e ./Core/Src/lfs.o
 .text.lfs_min  0x00000000080002f2       0x1e ./Core/Src/lfs.o
 .text.lfs_aligndown
                0x0000000008000310       0x28 ./Core/Src/lfs.o
 .text.lfs_alignup
                0x0000000008000338       0x24 ./Core/Src/lfs.o
 .text.lfs_npw2
                0x000000000800035c       0x1e ./Core/Src/lfs.o
 .text.lfs_ctz  0x000000000800037a       0x1c ./Core/Src/lfs.o
 .text.lfs_popc
                0x0000000008000396       0x18 ./Core/Src/lfs.o
 .text.lfs_scmp
                0x00000000080003ae       0x1a ./Core/Src/lfs.o
 .text.lfs_fromle32
                0x00000000080003c8       0x14 ./Core/Src/lfs.o
 .text.lfs_tole32
                0x00000000080003dc       0x18 ./Core/Src/lfs.o
 .text.lfs_frombe32
                0x00000000080003f4       0x16 ./Core/Src/lfs.o
 .text.lfs_tobe32
                0x000000000800040a       0x18 ./Core/Src/lfs.o
 .text.lfs_malloc
                0x0000000008000422       0x18 ./Core/Src/lfs.o
 .text.lfs_free
                0x000000000800043a       0x16 ./Core/Src/lfs.o
 .text.lfs_cache_drop
                0x0000000008000450       0x1c ./Core/Src/lfs.o
 .text.lfs_cache_zero
                0x000000000800046c       0x2c ./Core/Src/lfs.o
 .text.lfs_bd_read
                0x0000000008000498      0x288 ./Core/Src/lfs.o
 .text.lfs_bd_cmp
                0x0000000008000720       0xa2 ./Core/Src/lfs.o
 *fill*         0x00000000080007c2        0x2 
 .text.lfs_bd_flush
                0x00000000080007c4       0xf8 ./Core/Src/lfs.o
 .text.lfs_bd_sync
                0x00000000080008bc       0x68 ./Core/Src/lfs.o
 .text.lfs_bd_prog
                0x0000000008000924      0x158 ./Core/Src/lfs.o
 .text.lfs_bd_erase
                0x0000000008000a7c       0x64 ./Core/Src/lfs.o
 .text.lfs_pair_swap
                0x0000000008000ae0       0x28 ./Core/Src/lfs.o
 .text.lfs_pair_isnull
                0x0000000008000b08       0x34 ./Core/Src/lfs.o
 .text.lfs_pair_cmp
                0x0000000008000b3c       0x52 ./Core/Src/lfs.o
 .text.lfs_pair_sync
                0x0000000008000b8e       0x58 ./Core/Src/lfs.o
 .text.lfs_pair_fromle32
                0x0000000008000be6       0x34 ./Core/Src/lfs.o
 .text.lfs_pair_tole32
                0x0000000008000c1a       0x34 ./Core/Src/lfs.o
 .text.lfs_tag_isvalid
                0x0000000008000c4e       0x1a ./Core/Src/lfs.o
 .text.lfs_tag_isdelete
                0x0000000008000c68       0x24 ./Core/Src/lfs.o
 .text.lfs_tag_type1
                0x0000000008000c8c       0x1e ./Core/Src/lfs.o
 .text.lfs_tag_type3
                0x0000000008000caa       0x1e ./Core/Src/lfs.o
 .text.lfs_tag_chunk
                0x0000000008000cc8       0x18 ./Core/Src/lfs.o
 .text.lfs_tag_splice
                0x0000000008000ce0       0x1a ./Core/Src/lfs.o
 .text.lfs_tag_id
                0x0000000008000cfa       0x1e ./Core/Src/lfs.o
 .text.lfs_tag_size
                0x0000000008000d18       0x18 ./Core/Src/lfs.o
 .text.lfs_tag_dsize
                0x0000000008000d30       0x28 ./Core/Src/lfs.o
 .text.lfs_gstate_xor
                0x0000000008000d58       0x48 ./Core/Src/lfs.o
 .text.lfs_gstate_iszero
                0x0000000008000da0       0x38 ./Core/Src/lfs.o
 .text.lfs_gstate_hasorphans
                0x0000000008000dd8       0x26 ./Core/Src/lfs.o
 .text.lfs_gstate_getorphans
                0x0000000008000dfe       0x1e ./Core/Src/lfs.o
 .text.lfs_gstate_hasmove
                0x0000000008000e1c       0x26 ./Core/Src/lfs.o
 .text.lfs_gstate_hasmovehere
                0x0000000008000e42       0x40 ./Core/Src/lfs.o
 .text.lfs_gstate_fromle32
                0x0000000008000e82       0x40 ./Core/Src/lfs.o
 .text.lfs_gstate_tole32
                0x0000000008000ec2       0x40 ./Core/Src/lfs.o
 .text.lfs_ctz_fromle32
                0x0000000008000f02       0x30 ./Core/Src/lfs.o
 .text.lfs_ctz_tole32
                0x0000000008000f32       0x30 ./Core/Src/lfs.o
 .text.lfs_superblock_fromle32
                0x0000000008000f62       0x70 ./Core/Src/lfs.o
 .text.lfs_superblock_tole32
                0x0000000008000fd2       0x70 ./Core/Src/lfs.o
 .text.lfs_mlist_isopen
                0x0000000008001042       0x38 ./Core/Src/lfs.o
 .text.lfs_mlist_remove
                0x000000000800107a       0x42 ./Core/Src/lfs.o
 .text.lfs_mlist_append
                0x00000000080010bc       0x22 ./Core/Src/lfs.o
 .text.lfs_alloc_lookahead
                0x00000000080010de       0x6c ./Core/Src/lfs.o
 .text.lfs_alloc_ack
                0x000000000800114a       0x1c ./Core/Src/lfs.o
 .text.lfs_alloc_drop
                0x0000000008001166       0x22 ./Core/Src/lfs.o
 .text.lfs_alloc
                0x0000000008001188      0x168 ./Core/Src/lfs.o
 .text.lfs_dir_getslice
                0x00000000080012f0      0x1cc ./Core/Src/lfs.o
 .text.lfs_dir_get
                0x00000000080014bc       0x36 ./Core/Src/lfs.o
 .text.lfs_dir_getread
                0x00000000080014f2      0x1b6 ./Core/Src/lfs.o
 .text.lfs_dir_traverse_filter
                0x00000000080016a8       0xb8 ./Core/Src/lfs.o
 .text.lfs_dir_traverse
                0x0000000008001760      0x814 ./Core/Src/lfs.o
 .text.lfs_dir_fetchmatch
                0x0000000008001f74      0x6e8 ./Core/Src/lfs.o
 .text.lfs_dir_fetch
                0x000000000800265c       0x36 ./Core/Src/lfs.o
 *fill*         0x0000000008002692        0x2 
 .text.lfs_dir_getgstate
                0x0000000008002694       0x64 ./Core/Src/lfs.o
 .text.lfs_dir_getinfo
                0x00000000080026f8       0xf4 ./Core/Src/lfs.o
 .text.lfs_dir_find_match
                0x00000000080027ec       0x92 ./Core/Src/lfs.o
 *fill*         0x000000000800287e        0x2 
 .text.lfs_dir_find
                0x0000000008002880      0x1f4 ./Core/Src/lfs.o
 .text.lfs_dir_commitprog
                0x0000000008002a74       0x6c ./Core/Src/lfs.o
 .text.lfs_dir_commitattr
                0x0000000008002ae0      0x100 ./Core/Src/lfs.o
 .text.lfs_dir_commitcrc
                0x0000000008002be0      0x278 ./Core/Src/lfs.o
 .text.lfs_dir_alloc
                0x0000000008002e58       0xf2 ./Core/Src/lfs.o
 .text.lfs_dir_split
                0x0000000008002f4a       0xa8 ./Core/Src/lfs.o
 .text.lfs_dir_commit_size
                0x0000000008002ff2       0x2c ./Core/Src/lfs.o
 .text.lfs_dir_commit_commit
                0x000000000800301e       0x2a ./Core/Src/lfs.o
 .text.lfs_dir_needsrelocation
                0x0000000008003048       0x4a ./Core/Src/lfs.o
 *fill*         0x0000000008003092        0x2 
 .text.lfs_dir_compact
                0x0000000008003094      0x3ec ./Core/Src/lfs.o
 .text.lfs_dir_splittingcompact
                0x0000000008003480      0x230 ./Core/Src/lfs.o
 .text.lfs_dir_relocatingcommit
                0x00000000080036b0      0x568 ./Core/Src/lfs.o
 .text.lfs_dir_orphaningcommit
                0x0000000008003c18      0x5f4 ./Core/Src/lfs.o
 .text.lfs_dir_commit
                0x000000000800420c       0x4a ./Core/Src/lfs.o
 *fill*         0x0000000008004256        0x2 
 .text.lfs_dir_rawopen
                0x0000000008004258       0xf4 ./Core/Src/lfs.o
 .text.lfs_dir_rawclose
                0x000000000800434c       0x1c ./Core/Src/lfs.o
 .text.lfs_dir_rawread
                0x0000000008004368      0x108 ./Core/Src/lfs.o
 .text.lfs_ctz_index
                0x0000000008004470       0x70 ./Core/Src/lfs.o
 .text.lfs_ctz_find
                0x00000000080044e0       0xd6 ./Core/Src/lfs.o
 *fill*         0x00000000080045b6        0x2 
 .text.lfs_ctz_extend
                0x00000000080045b8      0x210 ./Core/Src/lfs.o
 .text.lfs_ctz_traverse
                0x00000000080047c8       0xfc ./Core/Src/lfs.o
 .text.lfs_file_rawopencfg
                0x00000000080048c4      0x3a0 ./Core/Src/lfs.o
 .text.lfs_file_rawopen
                0x0000000008004c64       0x30 ./Core/Src/lfs.o
 .text.lfs_file_rawclose
                0x0000000008004c94       0x3a ./Core/Src/lfs.o
 *fill*         0x0000000008004cce        0x2 
 .text.lfs_file_relocate
                0x0000000008004cd0      0x1b4 ./Core/Src/lfs.o
 .text.lfs_file_outline
                0x0000000008004e84       0x42 ./Core/Src/lfs.o
 *fill*         0x0000000008004ec6        0x2 
 .text.lfs_file_flush
                0x0000000008004ec8      0x1a8 ./Core/Src/lfs.o
 .text.lfs_file_rawsync
                0x0000000008005070      0x118 ./Core/Src/lfs.o
 .text.lfs_file_flushedread
                0x0000000008005188      0x1a4 ./Core/Src/lfs.o
 .text.lfs_file_flushedwrite
                0x000000000800532c      0x24e ./Core/Src/lfs.o
 *fill*         0x000000000800557a        0x2 
 .text.lfs_file_rawwrite
                0x000000000800557c      0x108 ./Core/Src/lfs.o
 .text.lfs_init
                0x0000000008005684      0x370 ./Core/Src/lfs.o
 .text.lfs_deinit
                0x00000000080059f4       0x4e ./Core/Src/lfs.o
 *fill*         0x0000000008005a42        0x2 
 .text.lfs_rawformat
                0x0000000008005a44      0x140 ./Core/Src/lfs.o
 .text.lfs_rawmount
                0x0000000008005b84      0x358 ./Core/Src/lfs.o
 .text.lfs_rawunmount
                0x0000000008005edc       0x18 ./Core/Src/lfs.o
 .text.lfs_fs_rawtraverse
                0x0000000008005ef4      0x250 ./Core/Src/lfs.o
 .text.lfs_fs_pred
                0x0000000008006144       0x8a ./Core/Src/lfs.o
 .text.lfs_fs_parent_match
                0x00000000080061ce       0x84 ./Core/Src/lfs.o
 *fill*         0x0000000008006252        0x2 
 .text.lfs_fs_parent
                0x0000000008006254       0xac ./Core/Src/lfs.o
 .text.lfs_fs_preporphans
                0x0000000008006300       0x74 ./Core/Src/lfs.o
 .text.lfs_fs_prepmove
                0x0000000008006374       0x74 ./Core/Src/lfs.o
 .text.lfs_fs_demove
                0x00000000080063e8       0xcc ./Core/Src/lfs.o
 .text.lfs_fs_deorphan
                0x00000000080064b4      0x348 ./Core/Src/lfs.o
 .text.lfs_fs_forceconsistency
                0x00000000080067fc       0x38 ./Core/Src/lfs.o
 .text.lfs_fs_size_count
                0x0000000008006834       0x24 ./Core/Src/lfs.o
 .text.lfs_fs_rawsize
                0x0000000008006858       0x34 ./Core/Src/lfs.o
 .text.lfs_format
                0x000000000800688c       0x2c ./Core/Src/lfs.o
                0x000000000800688c                lfs_format
 .text.lfs_mount
                0x00000000080068b8       0x2c ./Core/Src/lfs.o
                0x00000000080068b8                lfs_mount
 .text.lfs_unmount
                0x00000000080068e4       0x28 ./Core/Src/lfs.o
                0x00000000080068e4                lfs_unmount
 .text.lfs_file_open
                0x000000000800690c       0x68 ./Core/Src/lfs.o
                0x000000000800690c                lfs_file_open
 .text.lfs_file_close
                0x0000000008006974       0x58 ./Core/Src/lfs.o
                0x0000000008006974                lfs_file_close
 .text.lfs_file_write
                0x00000000080069cc       0x60 ./Core/Src/lfs.o
                0x00000000080069cc                lfs_file_write
 .text.lfs_dir_open
                0x0000000008006a2c       0x64 ./Core/Src/lfs.o
                0x0000000008006a2c                lfs_dir_open
 .text.lfs_dir_close
                0x0000000008006a90       0x2c ./Core/Src/lfs.o
                0x0000000008006a90                lfs_dir_close
 .text.lfs_dir_read
                0x0000000008006abc       0x30 ./Core/Src/lfs.o
                0x0000000008006abc                lfs_dir_read
 .text.lfs_crc  0x0000000008006aec       0x78 ./Core/Src/lfs_util.o
                0x0000000008006aec                lfs_crc
 .text.nor_delay_us
                0x0000000008006b64       0x12 ./Core/Src/main.o
                0x0000000008006b64                nor_delay_us
 *fill*         0x0000000008006b76        0x2 
 .text.nor_cs_assert
                0x0000000008006b78       0x18 ./Core/Src/main.o
                0x0000000008006b78                nor_cs_assert
 .text.nor_cs_deassert
                0x0000000008006b90       0x18 ./Core/Src/main.o
                0x0000000008006b90                nor_cs_deassert
 .text.nor_spi_tx
                0x0000000008006ba8       0x30 ./Core/Src/main.o
                0x0000000008006ba8                nor_spi_tx
 .text.nor_spi_rx
                0x0000000008006bd8       0x30 ./Core/Src/main.o
                0x0000000008006bd8                nor_spi_rx
 .text.__init_nor
                0x0000000008006c08       0x50 ./Core/Src/main.o
                0x0000000008006c08                __init_nor
 .text._fs_read
                0x0000000008006c58       0x38 ./Core/Src/main.o
                0x0000000008006c58                _fs_read
 .text._fs_write
                0x0000000008006c90       0x38 ./Core/Src/main.o
                0x0000000008006c90                _fs_write
 .text._fs_erase
                0x0000000008006cc8       0x2c ./Core/Src/main.o
                0x0000000008006cc8                _fs_erase
 .text._fs_sync
                0x0000000008006cf4       0x14 ./Core/Src/main.o
                0x0000000008006cf4                _fs_sync
 .text.__init_littefs
                0x0000000008006d08      0x120 ./Core/Src/main.o
                0x0000000008006d08                __init_littefs
 .text.count_files_in_directory
                0x0000000008006e28       0xac ./Core/Src/main.o
                0x0000000008006e28                count_files_in_directory
 .text.list_directories_with_file_count
                0x0000000008006ed4      0x138 ./Core/Src/main.o
                0x0000000008006ed4                list_directories_with_file_count
 .text.list_files_with_size
                0x000000000800700c      0x188 ./Core/Src/main.o
                0x000000000800700c                list_files_with_size
 .text.__init_storage
                0x0000000008007194       0x10 ./Core/Src/main.o
                0x0000000008007194                __init_storage
 .text.main     0x00000000080071a4      0x174 ./Core/Src/main.o
                0x00000000080071a4                main
 .text.SystemClock_Config
                0x0000000008007318       0xc0 ./Core/Src/main.o
                0x0000000008007318                SystemClock_Config
 .text.MX_RTC_Init
                0x00000000080073d8       0x38 ./Core/Src/main.o
 .text.MX_SPI1_Init
                0x0000000008007410       0x6c ./Core/Src/main.o
 .text.MX_SPI2_Init
                0x000000000800747c       0x6c ./Core/Src/main.o
 .text.MX_USART1_UART_Init
                0x00000000080074e8       0x54 ./Core/Src/main.o
 .text.MX_USART2_UART_Init
                0x000000000800753c       0x54 ./Core/Src/main.o
 .text.MX_USB_PCD_Init
                0x0000000008007590       0x44 ./Core/Src/main.o
 .text.MX_GPIO_Init
                0x00000000080075d4       0xc4 ./Core/Src/main.o
 .text.Error_Handler
                0x0000000008007698        0xa ./Core/Src/main.o
                0x0000000008007698                Error_Handler
 .text._nor_cs_assert
                0x00000000080076a2       0x16 ./Core/Src/nor.o
 .text._nor_cs_deassert
                0x00000000080076b8       0x16 ./Core/Src/nor.o
 .text._nor_spi_tx
                0x00000000080076ce       0x1e ./Core/Src/nor.o
 .text._nor_spi_rx
                0x00000000080076ec       0x1e ./Core/Src/nor.o
 .text._nor_delay_us
                0x000000000800770a       0x1a ./Core/Src/nor.o
 .text._nor_ReadID
                0x0000000008007724       0x42 ./Core/Src/nor.o
 .text._nor_ReadUniqID
                0x0000000008007766       0x62 ./Core/Src/nor.o
 .text._nor_WriteEnable
                0x00000000080077c8       0x2e ./Core/Src/nor.o
 .text._nor_ReadStatusRegister
                0x00000000080077f6       0x84 ./Core/Src/nor.o
                0x00000000080077f6                _nor_ReadStatusRegister
 .text._nor_WaitForWriteEnd
                0x000000000800787a       0x78 ./Core/Src/nor.o
                0x000000000800787a                _nor_WaitForWriteEnd
 .text.NOR_Init
                0x00000000080078f2      0x17c ./Core/Src/nor.o
                0x00000000080078f2                NOR_Init
 *fill*         0x0000000008007a6e        0x2 
 .text.NOR_EraseAddress
                0x0000000008007a70       0xb4 ./Core/Src/nor.o
                0x0000000008007a70                NOR_EraseAddress
 .text.NOR_EraseSector
                0x0000000008007b24       0x48 ./Core/Src/nor.o
                0x0000000008007b24                NOR_EraseSector
 .text.NOR_WriteBytes
                0x0000000008007b6c       0xe0 ./Core/Src/nor.o
                0x0000000008007b6c                NOR_WriteBytes
 .text.NOR_WriteSector
                0x0000000008007c4c       0x70 ./Core/Src/nor.o
                0x0000000008007c4c                NOR_WriteSector
 .text.NOR_ReadBytes
                0x0000000008007cbc       0xdc ./Core/Src/nor.o
                0x0000000008007cbc                NOR_ReadBytes
 .text.NOR_ReadSector
                0x0000000008007d98       0x70 ./Core/Src/nor.o
                0x0000000008007d98                NOR_ReadSector
 .text.NOR_IDS_Interpret_Manufacturer
                0x0000000008007e08       0x16 ./Core/Src/nor_ids.o
                0x0000000008007e08                NOR_IDS_Interpret_Manufacturer
 .text.NOR_IDS_Interpret_Model
                0x0000000008007e1e       0x48 ./Core/Src/nor_ids.o
                0x0000000008007e1e                NOR_IDS_Interpret_Model
 .text.NOR_IDS_GetQtdBlocks
                0x0000000008007e66       0x60 ./Core/Src/nor_ids.o
                0x0000000008007e66                NOR_IDS_GetQtdBlocks
 *fill*         0x0000000008007ec6        0x2 
 .text.HAL_MspInit
                0x0000000008007ec8       0x64 ./Core/Src/stm32f1xx_hal_msp.o
                0x0000000008007ec8                HAL_MspInit
 .text.HAL_RTC_MspInit
                0x0000000008007f2c       0x58 ./Core/Src/stm32f1xx_hal_msp.o
                0x0000000008007f2c                HAL_RTC_MspInit
 .text.HAL_SPI_MspInit
                0x0000000008007f84      0x12c ./Core/Src/stm32f1xx_hal_msp.o
                0x0000000008007f84                HAL_SPI_MspInit
 .text.HAL_UART_MspInit
                0x00000000080080b0      0x108 ./Core/Src/stm32f1xx_hal_msp.o
                0x00000000080080b0                HAL_UART_MspInit
 .text.HAL_PCD_MspInit
                0x00000000080081b8       0x5c ./Core/Src/stm32f1xx_hal_msp.o
                0x00000000080081b8                HAL_PCD_MspInit
 .text.NMI_Handler
                0x0000000008008214        0x6 ./Core/Src/stm32f1xx_it.o
                0x0000000008008214                NMI_Handler
 .text.HardFault_Handler
                0x000000000800821a        0x6 ./Core/Src/stm32f1xx_it.o
                0x000000000800821a                HardFault_Handler
 .text.MemManage_Handler
                0x0000000008008220        0x6 ./Core/Src/stm32f1xx_it.o
                0x0000000008008220                MemManage_Handler
 .text.BusFault_Handler
                0x0000000008008226        0x6 ./Core/Src/stm32f1xx_it.o
                0x0000000008008226                BusFault_Handler
 .text.UsageFault_Handler
                0x000000000800822c        0x6 ./Core/Src/stm32f1xx_it.o
                0x000000000800822c                UsageFault_Handler
 .text.SVC_Handler
                0x0000000008008232        0xc ./Core/Src/stm32f1xx_it.o
                0x0000000008008232                SVC_Handler
 .text.DebugMon_Handler
                0x000000000800823e        0xc ./Core/Src/stm32f1xx_it.o
                0x000000000800823e                DebugMon_Handler
 .text.PendSV_Handler
                0x000000000800824a        0xc ./Core/Src/stm32f1xx_it.o
                0x000000000800824a                PendSV_Handler
 .text.SysTick_Handler
                0x0000000008008256        0xc ./Core/Src/stm32f1xx_it.o
                0x0000000008008256                SysTick_Handler
 *fill*         0x0000000008008262        0x2 
 .text.RTC_IRQHandler
                0x0000000008008264       0x14 ./Core/Src/stm32f1xx_it.o
                0x0000000008008264                RTC_IRQHandler
 .text.USB_HP_CAN1_TX_IRQHandler
                0x0000000008008278       0x14 ./Core/Src/stm32f1xx_it.o
                0x0000000008008278                USB_HP_CAN1_TX_IRQHandler
 .text.USB_LP_CAN1_RX0_IRQHandler
                0x000000000800828c       0x14 ./Core/Src/stm32f1xx_it.o
                0x000000000800828c                USB_LP_CAN1_RX0_IRQHandler
 .text.SPI1_IRQHandler
                0x00000000080082a0       0x14 ./Core/Src/stm32f1xx_it.o
                0x00000000080082a0                SPI1_IRQHandler
 .text.SPI2_IRQHandler
                0x00000000080082b4       0x14 ./Core/Src/stm32f1xx_it.o
                0x00000000080082b4                SPI2_IRQHandler
 .text._getpid  0x00000000080082c8        0xe ./Core/Src/syscalls.o
                0x00000000080082c8                _getpid
 .text._kill    0x00000000080082d6       0x20 ./Core/Src/syscalls.o
                0x00000000080082d6                _kill
 .text._exit    0x00000000080082f6       0x14 ./Core/Src/syscalls.o
                0x00000000080082f6                _exit
 .text._read    0x000000000800830a       0x3a ./Core/Src/syscalls.o
                0x000000000800830a                _read
 .text._write   0x0000000008008344       0x38 ./Core/Src/syscalls.o
                0x0000000008008344                _write
 .text._close   0x000000000800837c       0x16 ./Core/Src/syscalls.o
                0x000000000800837c                _close
 .text._fstat   0x0000000008008392       0x1e ./Core/Src/syscalls.o
                0x0000000008008392                _fstat
 .text._isatty  0x00000000080083b0       0x14 ./Core/Src/syscalls.o
                0x00000000080083b0                _isatty
 .text._lseek   0x00000000080083c4       0x18 ./Core/Src/syscalls.o
                0x00000000080083c4                _lseek
 .text._sbrk    0x00000000080083dc       0x6c ./Core/Src/sysmem.o
                0x00000000080083dc                _sbrk
 .text.SystemInit
                0x0000000008008448        0xc ./Core/Src/system_stm32f1xx.o
                0x0000000008008448                SystemInit
 .text.Reset_Handler
                0x0000000008008454       0x48 ./Core/Startup/startup_stm32f103c8tx.o
                0x0000000008008454                Reset_Handler
 .text.Default_Handler
                0x000000000800849c        0x2 ./Core/Startup/startup_stm32f103c8tx.o
                0x000000000800849c                RTC_Alarm_IRQHandler
                0x000000000800849c                EXTI2_IRQHandler
                0x000000000800849c                TIM1_CC_IRQHandler
                0x000000000800849c                PVD_IRQHandler
                0x000000000800849c                EXTI3_IRQHandler
                0x000000000800849c                EXTI0_IRQHandler
                0x000000000800849c                I2C2_EV_IRQHandler
                0x000000000800849c                ADC1_2_IRQHandler
                0x000000000800849c                TAMPER_IRQHandler
                0x000000000800849c                DMA1_Channel4_IRQHandler
                0x000000000800849c                USART3_IRQHandler
                0x000000000800849c                DMA1_Channel7_IRQHandler
                0x000000000800849c                CAN1_RX1_IRQHandler
                0x000000000800849c                TIM4_IRQHandler
                0x000000000800849c                I2C1_EV_IRQHandler
                0x000000000800849c                DMA1_Channel6_IRQHandler
                0x000000000800849c                TIM3_IRQHandler
                0x000000000800849c                RCC_IRQHandler
                0x000000000800849c                TIM1_TRG_COM_IRQHandler
                0x000000000800849c                DMA1_Channel1_IRQHandler
                0x000000000800849c                Default_Handler
                0x000000000800849c                EXTI15_10_IRQHandler
                0x000000000800849c                EXTI9_5_IRQHandler
                0x000000000800849c                DMA1_Channel5_IRQHandler
                0x000000000800849c                EXTI4_IRQHandler
                0x000000000800849c                DMA1_Channel3_IRQHandler
                0x000000000800849c                TIM1_UP_IRQHandler
                0x000000000800849c                WWDG_IRQHandler
                0x000000000800849c                TIM2_IRQHandler
                0x000000000800849c                TIM1_BRK_IRQHandler
                0x000000000800849c                EXTI1_IRQHandler
                0x000000000800849c                USART2_IRQHandler
                0x000000000800849c                I2C2_ER_IRQHandler
                0x000000000800849c                DMA1_Channel2_IRQHandler
                0x000000000800849c                CAN1_SCE_IRQHandler
                0x000000000800849c                FLASH_IRQHandler
                0x000000000800849c                USART1_IRQHandler
                0x000000000800849c                I2C1_ER_IRQHandler
                0x000000000800849c                USBWakeUp_IRQHandler
 *fill*         0x000000000800849e        0x2 
 .text.HAL_Init
                0x00000000080084a0       0x2c ./Drivers/STM32F1xx_HAL_Driver/Src/stm32f1xx_hal.o
                0x00000000080084a0                HAL_Init
 .text.HAL_InitTick
                0x00000000080084cc       0x60 ./Drivers/STM32F1xx_HAL_Driver/Src/stm32f1xx_hal.o
                0x00000000080084cc                HAL_InitTick
 .text.HAL_IncTick
                0x000000000800852c       0x24 ./Drivers/STM32F1xx_HAL_Driver/Src/stm32f1xx_hal.o
                0x000000000800852c                HAL_IncTick
 .text.HAL_GetTick
                0x0000000008008550       0x14 ./Drivers/STM32F1xx_HAL_Driver/Src/stm32f1xx_hal.o
                0x0000000008008550                HAL_GetTick
 .text.HAL_Delay
                0x0000000008008564       0x48 ./Drivers/STM32F1xx_HAL_Driver/Src/stm32f1xx_hal.o
                0x0000000008008564                HAL_Delay
 .text.__NVIC_SetPriorityGrouping
                0x00000000080085ac       0x48 ./Drivers/STM32F1xx_HAL_Driver/Src/stm32f1xx_hal_cortex.o
 .text.__NVIC_GetPriorityGrouping
                0x00000000080085f4       0x1c ./Drivers/STM32F1xx_HAL_Driver/Src/stm32f1xx_hal_cortex.o
 .text.__NVIC_EnableIRQ
                0x0000000008008610       0x38 ./Drivers/STM32F1xx_HAL_Driver/Src/stm32f1xx_hal_cortex.o
 .text.__NVIC_SetPriority
                0x0000000008008648       0x54 ./Drivers/STM32F1xx_HAL_Driver/Src/stm32f1xx_hal_cortex.o
 .text.NVIC_EncodePriority
                0x000000000800869c       0x64 ./Drivers/STM32F1xx_HAL_Driver/Src/stm32f1xx_hal_cortex.o
 .text.SysTick_Config
                0x0000000008008700       0x44 ./Drivers/STM32F1xx_HAL_Driver/Src/stm32f1xx_hal_cortex.o
 .text.HAL_NVIC_SetPriorityGrouping
                0x0000000008008744       0x16 ./Drivers/STM32F1xx_HAL_Driver/Src/stm32f1xx_hal_cortex.o
                0x0000000008008744                HAL_NVIC_SetPriorityGrouping
 .text.HAL_NVIC_SetPriority
                0x000000000800875a       0x38 ./Drivers/STM32F1xx_HAL_Driver/Src/stm32f1xx_hal_cortex.o
                0x000000000800875a                HAL_NVIC_SetPriority
 .text.HAL_NVIC_EnableIRQ
                0x0000000008008792       0x1c ./Drivers/STM32F1xx_HAL_Driver/Src/stm32f1xx_hal_cortex.o
                0x0000000008008792                HAL_NVIC_EnableIRQ
 .text.HAL_SYSTICK_Config
                0x00000000080087ae       0x18 ./Drivers/STM32F1xx_HAL_Driver/Src/stm32f1xx_hal_cortex.o
                0x00000000080087ae                HAL_SYSTICK_Config
 *fill*         0x00000000080087c6        0x2 
 .text.HAL_DMA_Abort_IT
                0x00000000080087c8       0xf0 ./Drivers/STM32F1xx_HAL_Driver/Src/stm32f1xx_hal_dma.o
                0x00000000080087c8                HAL_DMA_Abort_IT
 .text.HAL_GPIO_Init
                0x00000000080088b8      0x308 ./Drivers/STM32F1xx_HAL_Driver/Src/stm32f1xx_hal_gpio.o
                0x00000000080088b8                HAL_GPIO_Init
 .text.HAL_GPIO_WritePin
                0x0000000008008bc0       0x30 ./Drivers/STM32F1xx_HAL_Driver/Src/stm32f1xx_hal_gpio.o
                0x0000000008008bc0                HAL_GPIO_WritePin
 .text.HAL_PCD_Init
                0x0000000008008bf0      0x1ec ./Drivers/STM32F1xx_HAL_Driver/Src/stm32f1xx_hal_pcd.o
                0x0000000008008bf0                HAL_PCD_Init
 .text.HAL_PCD_IRQHandler
                0x0000000008008ddc      0x264 ./Drivers/STM32F1xx_HAL_Driver/Src/stm32f1xx_hal_pcd.o
                0x0000000008008ddc                HAL_PCD_IRQHandler
 .text.HAL_PCD_DataOutStageCallback
                0x0000000008009040       0x16 ./Drivers/STM32F1xx_HAL_Driver/Src/stm32f1xx_hal_pcd.o
                0x0000000008009040                HAL_PCD_DataOutStageCallback
 .text.HAL_PCD_DataInStageCallback
                0x0000000008009056       0x16 ./Drivers/STM32F1xx_HAL_Driver/Src/stm32f1xx_hal_pcd.o
                0x0000000008009056                HAL_PCD_DataInStageCallback
 .text.HAL_PCD_SetupStageCallback
                0x000000000800906c       0x12 ./Drivers/STM32F1xx_HAL_Driver/Src/stm32f1xx_hal_pcd.o
                0x000000000800906c                HAL_PCD_SetupStageCallback
 .text.HAL_PCD_SOFCallback
                0x000000000800907e       0x12 ./Drivers/STM32F1xx_HAL_Driver/Src/stm32f1xx_hal_pcd.o
                0x000000000800907e                HAL_PCD_SOFCallback
 .text.HAL_PCD_ResetCallback
                0x0000000008009090       0x12 ./Drivers/STM32F1xx_HAL_Driver/Src/stm32f1xx_hal_pcd.o
                0x0000000008009090                HAL_PCD_ResetCallback
 .text.HAL_PCD_SuspendCallback
                0x00000000080090a2       0x12 ./Drivers/STM32F1xx_HAL_Driver/Src/stm32f1xx_hal_pcd.o
                0x00000000080090a2                HAL_PCD_SuspendCallback
 .text.HAL_PCD_ResumeCallback
                0x00000000080090b4       0x12 ./Drivers/STM32F1xx_HAL_Driver/Src/stm32f1xx_hal_pcd.o
                0x00000000080090b4                HAL_PCD_ResumeCallback
 .text.HAL_PCD_SetAddress
                0x00000000080090c6       0x48 ./Drivers/STM32F1xx_HAL_Driver/Src/stm32f1xx_hal_pcd.o
                0x00000000080090c6                HAL_PCD_SetAddress
 .text.PCD_EP_ISR_Handler
                0x000000000800910e      0x7a0 ./Drivers/STM32F1xx_HAL_Driver/Src/stm32f1xx_hal_pcd.o
 .text.HAL_PCD_EP_DB_Receive
                0x00000000080098ae      0x21a ./Drivers/STM32F1xx_HAL_Driver/Src/stm32f1xx_hal_pcd.o
 .text.HAL_PCD_EP_DB_Transmit
                0x0000000008009ac8      0x7f4 ./Drivers/STM32F1xx_HAL_Driver/Src/stm32f1xx_hal_pcd.o
 .text.HAL_PWR_EnableBkUpAccess
                0x000000000800a2bc       0x18 ./Drivers/STM32F1xx_HAL_Driver/Src/stm32f1xx_hal_pwr.o
                0x000000000800a2bc                HAL_PWR_EnableBkUpAccess
 .text.HAL_RCC_OscConfig
                0x000000000800a2d4      0x500 ./Drivers/STM32F1xx_HAL_Driver/Src/stm32f1xx_hal_rcc.o
                0x000000000800a2d4                HAL_RCC_OscConfig
 .text.HAL_RCC_ClockConfig
                0x000000000800a7d4      0x1d4 ./Drivers/STM32F1xx_HAL_Driver/Src/stm32f1xx_hal_rcc.o
                0x000000000800a7d4                HAL_RCC_ClockConfig
 .text.HAL_RCC_GetSysClockFreq
                0x000000000800a9a8       0xa8 ./Drivers/STM32F1xx_HAL_Driver/Src/stm32f1xx_hal_rcc.o
                0x000000000800a9a8                HAL_RCC_GetSysClockFreq
 .text.HAL_RCC_GetHCLKFreq
                0x000000000800aa50       0x14 ./Drivers/STM32F1xx_HAL_Driver/Src/stm32f1xx_hal_rcc.o
                0x000000000800aa50                HAL_RCC_GetHCLKFreq
 .text.HAL_RCC_GetPCLK1Freq
                0x000000000800aa64       0x28 ./Drivers/STM32F1xx_HAL_Driver/Src/stm32f1xx_hal_rcc.o
                0x000000000800aa64                HAL_RCC_GetPCLK1Freq
 .text.HAL_RCC_GetPCLK2Freq
                0x000000000800aa8c       0x28 ./Drivers/STM32F1xx_HAL_Driver/Src/stm32f1xx_hal_rcc.o
                0x000000000800aa8c                HAL_RCC_GetPCLK2Freq
 .text.RCC_Delay
                0x000000000800aab4       0x3c ./Drivers/STM32F1xx_HAL_Driver/Src/stm32f1xx_hal_rcc.o
 .text.HAL_RCCEx_PeriphCLKConfig
                0x000000000800aaf0      0x16c ./Drivers/STM32F1xx_HAL_Driver/Src/stm32f1xx_hal_rcc_ex.o
                0x000000000800aaf0                HAL_RCCEx_PeriphCLKConfig
 .text.HAL_RCCEx_GetPeriphCLKFreq
                0x000000000800ac5c      0x16c ./Drivers/STM32F1xx_HAL_Driver/Src/stm32f1xx_hal_rcc_ex.o
                0x000000000800ac5c                HAL_RCCEx_GetPeriphCLKFreq
 .text.HAL_RTC_Init
                0x000000000800adc8      0x118 ./Drivers/STM32F1xx_HAL_Driver/Src/stm32f1xx_hal_rtc.o
                0x000000000800adc8                HAL_RTC_Init
 .text.HAL_RTC_WaitForSynchro
                0x000000000800aee0       0x5a ./Drivers/STM32F1xx_HAL_Driver/Src/stm32f1xx_hal_rtc.o
                0x000000000800aee0                HAL_RTC_WaitForSynchro
 .text.RTC_EnterInitMode
                0x000000000800af3a       0x50 ./Drivers/STM32F1xx_HAL_Driver/Src/stm32f1xx_hal_rtc.o
 .text.RTC_ExitInitMode
                0x000000000800af8a       0x50 ./Drivers/STM32F1xx_HAL_Driver/Src/stm32f1xx_hal_rtc.o
 .text.HAL_RTCEx_RTCIRQHandler
                0x000000000800afda       0x6e ./Drivers/STM32F1xx_HAL_Driver/Src/stm32f1xx_hal_rtc_ex.o
                0x000000000800afda                HAL_RTCEx_RTCIRQHandler
 .text.HAL_RTCEx_RTCEventCallback
                0x000000000800b048       0x12 ./Drivers/STM32F1xx_HAL_Driver/Src/stm32f1xx_hal_rtc_ex.o
                0x000000000800b048                HAL_RTCEx_RTCEventCallback
 .text.HAL_RTCEx_RTCEventErrorCallback
                0x000000000800b05a       0x12 ./Drivers/STM32F1xx_HAL_Driver/Src/stm32f1xx_hal_rtc_ex.o
                0x000000000800b05a                HAL_RTCEx_RTCEventErrorCallback
 .text.HAL_SPI_Init
                0x000000000800b06c      0x108 ./Drivers/STM32F1xx_HAL_Driver/Src/stm32f1xx_hal_spi.o
                0x000000000800b06c                HAL_SPI_Init
 .text.HAL_SPI_Transmit
                0x000000000800b174      0x288 ./Drivers/STM32F1xx_HAL_Driver/Src/stm32f1xx_hal_spi.o
                0x000000000800b174                HAL_SPI_Transmit
 .text.HAL_SPI_Receive
                0x000000000800b3fc      0x232 ./Drivers/STM32F1xx_HAL_Driver/Src/stm32f1xx_hal_spi.o
                0x000000000800b3fc                HAL_SPI_Receive
 .text.HAL_SPI_TransmitReceive
                0x000000000800b62e      0x352 ./Drivers/STM32F1xx_HAL_Driver/Src/stm32f1xx_hal_spi.o
                0x000000000800b62e                HAL_SPI_TransmitReceive
 .text.HAL_SPI_IRQHandler
                0x000000000800b980      0x1cc ./Drivers/STM32F1xx_HAL_Driver/Src/stm32f1xx_hal_spi.o
                0x000000000800b980                HAL_SPI_IRQHandler
 .text.HAL_SPI_ErrorCallback
                0x000000000800bb4c       0x12 ./Drivers/STM32F1xx_HAL_Driver/Src/stm32f1xx_hal_spi.o
                0x000000000800bb4c                HAL_SPI_ErrorCallback
 .text.SPI_DMAAbortOnError
                0x000000000800bb5e       0x28 ./Drivers/STM32F1xx_HAL_Driver/Src/stm32f1xx_hal_spi.o
 *fill*         0x000000000800bb86        0x2 
 .text.SPI_WaitFlagStateUntilTimeout
                0x000000000800bb88      0x110 ./Drivers/STM32F1xx_HAL_Driver/Src/stm32f1xx_hal_spi.o
 .text.SPI_EndRxTransaction
                0x000000000800bc98       0xa4 ./Drivers/STM32F1xx_HAL_Driver/Src/stm32f1xx_hal_spi.o
 .text.SPI_EndRxTxTransaction
                0x000000000800bd3c       0x62 ./Drivers/STM32F1xx_HAL_Driver/Src/stm32f1xx_hal_spi.o
 .text.HAL_UART_Init
                0x000000000800bd9e       0xa0 ./Drivers/STM32F1xx_HAL_Driver/Src/stm32f1xx_hal_uart.o
                0x000000000800bd9e                HAL_UART_Init
 .text.HAL_UART_Transmit
                0x000000000800be3e      0x116 ./Drivers/STM32F1xx_HAL_Driver/Src/stm32f1xx_hal_uart.o
                0x000000000800be3e                HAL_UART_Transmit
 .text.UART_WaitOnFlagUntilTimeout
                0x000000000800bf54       0xb2 ./Drivers/STM32F1xx_HAL_Driver/Src/stm32f1xx_hal_uart.o
 .text.UART_EndRxTransfer
                0x000000000800c006       0xc4 ./Drivers/STM32F1xx_HAL_Driver/Src/stm32f1xx_hal_uart.o
 *fill*         0x000000000800c0ca        0x2 
 .text.UART_SetConfig
                0x000000000800c0cc      0x11c ./Drivers/STM32F1xx_HAL_Driver/Src/stm32f1xx_hal_uart.o
 .text.USB_CoreInit
                0x000000000800c1e8       0x1a ./Drivers/STM32F1xx_HAL_Driver/Src/stm32f1xx_ll_usb.o
                0x000000000800c1e8                USB_CoreInit
 .text.USB_DisableGlobalInt
                0x000000000800c202       0x34 ./Drivers/STM32F1xx_HAL_Driver/Src/stm32f1xx_ll_usb.o
                0x000000000800c202                USB_DisableGlobalInt
 .text.USB_SetCurrentMode
                0x000000000800c236       0x18 ./Drivers/STM32F1xx_HAL_Driver/Src/stm32f1xx_ll_usb.o
                0x000000000800c236                USB_SetCurrentMode
 .text.USB_DevInit
                0x000000000800c24e       0x3a ./Drivers/STM32F1xx_HAL_Driver/Src/stm32f1xx_ll_usb.o
                0x000000000800c24e                USB_DevInit
 .text.USB_EPStartXfer
                0x000000000800c288     0x1298 ./Drivers/STM32F1xx_HAL_Driver/Src/stm32f1xx_ll_usb.o
                0x000000000800c288                USB_EPStartXfer
 .text.USB_SetDevAddress
                0x000000000800d520       0x26 ./Drivers/STM32F1xx_HAL_Driver/Src/stm32f1xx_ll_usb.o
                0x000000000800d520                USB_SetDevAddress
 .text.USB_DevDisconnect
                0x000000000800d546       0x14 ./Drivers/STM32F1xx_HAL_Driver/Src/stm32f1xx_ll_usb.o
                0x000000000800d546                USB_DevDisconnect
 .text.USB_ReadInterrupts
                0x000000000800d55a       0x1e ./Drivers/STM32F1xx_HAL_Driver/Src/stm32f1xx_ll_usb.o
                0x000000000800d55a                USB_ReadInterrupts
 .text.USB_WritePMA
                0x000000000800d578       0x8a ./Drivers/STM32F1xx_HAL_Driver/Src/stm32f1xx_ll_usb.o
                0x000000000800d578                USB_WritePMA
 .text.USB_ReadPMA
                0x000000000800d602       0x9e ./Drivers/STM32F1xx_HAL_Driver/Src/stm32f1xx_ll_usb.o
                0x000000000800d602                USB_ReadPMA
 .text.__assert_func
                0x000000000800d6a0       0x3c c:/st/stm32cubeide_1.7.0/stm32cubeide/plugins/com.st.stm32cube.ide.mcu.externaltools.gnu-tools-for-stm32.9-2020-q2-update.win32_2.0.0.202105311346/tools/bin/../lib/gcc/arm-none-eabi/9.3.1/../../../../arm-none-eabi/lib/thumb/v7-m/nofp\libc_nano.a(lib_a-assert.o)
                0x000000000800d6a0                __assert_func
 .text.__errno  0x000000000800d6dc        0xc c:/st/stm32cubeide_1.7.0/stm32cubeide/plugins/com.st.stm32cube.ide.mcu.externaltools.gnu-tools-for-stm32.9-2020-q2-update.win32_2.0.0.202105311346/tools/bin/../lib/gcc/arm-none-eabi/9.3.1/../../../../arm-none-eabi/lib/thumb/v7-m/nofp\libc_nano.a(lib_a-errno.o)
                0x000000000800d6dc                __errno
 .text.fprintf  0x000000000800d6e8       0x24 c:/st/stm32cubeide_1.7.0/stm32cubeide/plugins/com.st.stm32cube.ide.mcu.externaltools.gnu-tools-for-stm32.9-2020-q2-update.win32_2.0.0.202105311346/tools/bin/../lib/gcc/arm-none-eabi/9.3.1/../../../../arm-none-eabi/lib/thumb/v7-m/nofp\libc_nano.a(lib_a-fprintf.o)
                0x000000000800d6e8                fiprintf
                0x000000000800d6e8                fprintf
 .text.__libc_init_array
                0x000000000800d70c       0x48 c:/st/stm32cubeide_1.7.0/stm32cubeide/plugins/com.st.stm32cube.ide.mcu.externaltools.gnu-tools-for-stm32.9-2020-q2-update.win32_2.0.0.202105311346/tools/bin/../lib/gcc/arm-none-eabi/9.3.1/../../../../arm-none-eabi/lib/thumb/v7-m/nofp\libc_nano.a(lib_a-init.o)
                0x000000000800d70c                __libc_init_array
 .text.malloc   0x000000000800d754       0x10 c:/st/stm32cubeide_1.7.0/stm32cubeide/plugins/com.st.stm32cube.ide.mcu.externaltools.gnu-tools-for-stm32.9-2020-q2-update.win32_2.0.0.202105311346/tools/bin/../lib/gcc/arm-none-eabi/9.3.1/../../../../arm-none-eabi/lib/thumb/v7-m/nofp\libc_nano.a(lib_a-malloc.o)
                0x000000000800d754                malloc
 .text.free     0x000000000800d764       0x10 c:/st/stm32cubeide_1.7.0/stm32cubeide/plugins/com.st.stm32cube.ide.mcu.externaltools.gnu-tools-for-stm32.9-2020-q2-update.win32_2.0.0.202105311346/tools/bin/../lib/gcc/arm-none-eabi/9.3.1/../../../../arm-none-eabi/lib/thumb/v7-m/nofp\libc_nano.a(lib_a-malloc.o)
                0x000000000800d764                free
 .text.memcmp   0x000000000800d774       0x1c c:/st/stm32cubeide_1.7.0/stm32cubeide/plugins/com.st.stm32cube.ide.mcu.externaltools.gnu-tools-for-stm32.9-2020-q2-update.win32_2.0.0.202105311346/tools/bin/../lib/gcc/arm-none-eabi/9.3.1/../../../../arm-none-eabi/lib/thumb/v7-m/nofp\libc_nano.a(lib_a-memcmp.o)
                0x000000000800d774                memcmp
 .text.memcpy   0x000000000800d790       0x1c c:/st/stm32cubeide_1.7.0/stm32cubeide/plugins/com.st.stm32cube.ide.mcu.externaltools.gnu-tools-for-stm32.9-2020-q2-update.win32_2.0.0.202105311346/tools/bin/../lib/gcc/arm-none-eabi/9.3.1/../../../../arm-none-eabi/lib/thumb/v7-m/nofp\libc_nano.a(lib_a-memcpy-stub.o)
                0x000000000800d790                memcpy
 .text.memset   0x000000000800d7ac       0x10 c:/st/stm32cubeide_1.7.0/stm32cubeide/plugins/com.st.stm32cube.ide.mcu.externaltools.gnu-tools-for-stm32.9-2020-q2-update.win32_2.0.0.202105311346/tools/bin/../lib/gcc/arm-none-eabi/9.3.1/../../../../arm-none-eabi/lib/thumb/v7-m/nofp\libc_nano.a(lib_a-memset.o)
                0x000000000800d7ac                memset
 .text._free_r  0x000000000800d7bc       0x98 c:/st/stm32cubeide_1.7.0/stm32cubeide/plugins/com.st.stm32cube.ide.mcu.externaltools.gnu-tools-for-stm32.9-2020-q2-update.win32_2.0.0.202105311346/tools/bin/../lib/gcc/arm-none-eabi/9.3.1/../../../../arm-none-eabi/lib/thumb/v7-m/nofp\libc_nano.a(lib_a-nano-freer.o)
                0x000000000800d7bc                _free_r
 .text._malloc_r
                0x000000000800d854       0xb4 c:/st/stm32cubeide_1.7.0/stm32cubeide/plugins/com.st.stm32cube.ide.mcu.externaltools.gnu-tools-for-stm32.9-2020-q2-update.win32_2.0.0.202105311346/tools/bin/../lib/gcc/arm-none-eabi/9.3.1/../../../../arm-none-eabi/lib/thumb/v7-m/nofp\libc_nano.a(lib_a-nano-mallocr.o)
                0x000000000800d854                _malloc_r
 .text.__sfputc_r
                0x000000000800d908       0x2a c:/st/stm32cubeide_1.7.0/stm32cubeide/plugins/com.st.stm32cube.ide.mcu.externaltools.gnu-tools-for-stm32.9-2020-q2-update.win32_2.0.0.202105311346/tools/bin/../lib/gcc/arm-none-eabi/9.3.1/../../../../arm-none-eabi/lib/thumb/v7-m/nofp\libc_nano.a(lib_a-nano-vfprintf.o)
 .text.__sfputs_r
                0x000000000800d932       0x24 c:/st/stm32cubeide_1.7.0/stm32cubeide/plugins/com.st.stm32cube.ide.mcu.externaltools.gnu-tools-for-stm32.9-2020-q2-update.win32_2.0.0.202105311346/tools/bin/../lib/gcc/arm-none-eabi/9.3.1/../../../../arm-none-eabi/lib/thumb/v7-m/nofp\libc_nano.a(lib_a-nano-vfprintf.o)
                0x000000000800d932                __sfputs_r
 *fill*         0x000000000800d956        0x2 
 .text._vfprintf_r
                0x000000000800d958      0x260 c:/st/stm32cubeide_1.7.0/stm32cubeide/plugins/com.st.stm32cube.ide.mcu.externaltools.gnu-tools-for-stm32.9-2020-q2-update.win32_2.0.0.202105311346/tools/bin/../lib/gcc/arm-none-eabi/9.3.1/../../../../arm-none-eabi/lib/thumb/v7-m/nofp\libc_nano.a(lib_a-nano-vfprintf.o)
                0x000000000800d958                _vfprintf_r
                0x000000000800d958                _vfiprintf_r
 .text._printf_common
                0x000000000800dbb8       0xde c:/st/stm32cubeide_1.7.0/stm32cubeide/plugins/com.st.stm32cube.ide.mcu.externaltools.gnu-tools-for-stm32.9-2020-q2-update.win32_2.0.0.202105311346/tools/bin/../lib/gcc/arm-none-eabi/9.3.1/../../../../arm-none-eabi/lib/thumb/v7-m/nofp\libc_nano.a(lib_a-nano-vfprintf_i.o)
                0x000000000800dbb8                _printf_common
 *fill*         0x000000000800dc96        0x2 
 .text._printf_i
                0x000000000800dc98      0x24c c:/st/stm32cubeide_1.7.0/stm32cubeide/plugins/com.st.stm32cube.ide.mcu.externaltools.gnu-tools-for-stm32.9-2020-q2-update.win32_2.0.0.202105311346/tools/bin/../lib/gcc/arm-none-eabi/9.3.1/../../../../arm-none-eabi/lib/thumb/v7-m/nofp\libc_nano.a(lib_a-nano-vfprintf_i.o)
                0x000000000800dc98                _printf_i
 .text.printf   0x000000000800dee4       0x30 c:/st/stm32cubeide_1.7.0/stm32cubeide/plugins/com.st.stm32cube.ide.mcu.externaltools.gnu-tools-for-stm32.9-2020-q2-update.win32_2.0.0.202105311346/tools/bin/../lib/gcc/arm-none-eabi/9.3.1/../../../../arm-none-eabi/lib/thumb/v7-m/nofp\libc_nano.a(lib_a-printf.o)
                0x000000000800dee4                iprintf
                0x000000000800dee4                printf
 .text._sbrk_r  0x000000000800df14       0x20 c:/st/stm32cubeide_1.7.0/stm32cubeide/plugins/com.st.stm32cube.ide.mcu.externaltools.gnu-tools-for-stm32.9-2020-q2-update.win32_2.0.0.202105311346/tools/bin/../lib/gcc/arm-none-eabi/9.3.1/../../../../arm-none-eabi/lib/thumb/v7-m/nofp\libc_nano.a(lib_a-sbrkr.o)
                0x000000000800df14                _sbrk_r
 .text.snprintf
                0x000000000800df34       0x68 c:/st/stm32cubeide_1.7.0/stm32cubeide/plugins/com.st.stm32cube.ide.mcu.externaltools.gnu-tools-for-stm32.9-2020-q2-update.win32_2.0.0.202105311346/tools/bin/../lib/gcc/arm-none-eabi/9.3.1/../../../../arm-none-eabi/lib/thumb/v7-m/nofp\libc_nano.a(lib_a-snprintf.o)
                0x000000000800df34                sniprintf
                0x000000000800df34                snprintf
 .text.sprintf  0x000000000800df9c       0x40 c:/st/stm32cubeide_1.7.0/stm32cubeide/plugins/com.st.stm32cube.ide.mcu.externaltools.gnu-tools-for-stm32.9-2020-q2-update.win32_2.0.0.202105311346/tools/bin/../lib/gcc/arm-none-eabi/9.3.1/../../../../arm-none-eabi/lib/thumb/v7-m/nofp\libc_nano.a(lib_a-sprintf.o)
                0x000000000800df9c                siprintf
                0x000000000800df9c                sprintf
 .text.strchr   0x000000000800dfdc       0x1a c:/st/stm32cubeide_1.7.0/stm32cubeide/plugins/com.st.stm32cube.ide.mcu.externaltools.gnu-tools-for-stm32.9-2020-q2-update.win32_2.0.0.202105311346/tools/bin/../lib/gcc/arm-none-eabi/9.3.1/../../../../arm-none-eabi/lib/thumb/v7-m/nofp\libc_nano.a(lib_a-strchr.o)
                0x000000000800dfdc                strchr
 .text.strcspn  0x000000000800dff6       0x22 c:/st/stm32cubeide_1.7.0/stm32cubeide/plugins/com.st.stm32cube.ide.mcu.externaltools.gnu-tools-for-stm32.9-2020-q2-update.win32_2.0.0.202105311346/tools/bin/../lib/gcc/arm-none-eabi/9.3.1/../../../../arm-none-eabi/lib/thumb/v7-m/nofp\libc_nano.a(lib_a-strcspn.o)
                0x000000000800dff6                strcspn
 .text.strspn   0x000000000800e018       0x20 c:/st/stm32cubeide_1.7.0/stm32cubeide/plugins/com.st.stm32cube.ide.mcu.externaltools.gnu-tools-for-stm32.9-2020-q2-update.win32_2.0.0.202105311346/tools/bin/../lib/gcc/arm-none-eabi/9.3.1/../../../../arm-none-eabi/lib/thumb/v7-m/nofp\libc_nano.a(lib_a-strspn.o)
                0x000000000800e018                strspn
 .text.__swbuf_r
                0x000000000800e038       0xa4 c:/st/stm32cubeide_1.7.0/stm32cubeide/plugins/com.st.stm32cube.ide.mcu.externaltools.gnu-tools-for-stm32.9-2020-q2-update.win32_2.0.0.202105311346/tools/bin/../lib/gcc/arm-none-eabi/9.3.1/../../../../arm-none-eabi/lib/thumb/v7-m/nofp\libc_nano.a(lib_a-wbuf.o)
                0x000000000800e038                __swbuf_r
 .text.__swsetup_r
                0x000000000800e0dc       0xdc c:/st/stm32cubeide_1.7.0/stm32cubeide/plugins/com.st.stm32cube.ide.mcu.externaltools.gnu-tools-for-stm32.9-2020-q2-update.win32_2.0.0.202105311346/tools/bin/../lib/gcc/arm-none-eabi/9.3.1/../../../../arm-none-eabi/lib/thumb/v7-m/nofp\libc_nano.a(lib_a-wsetup.o)
                0x000000000800e0dc                __swsetup_r
 .text.abort    0x000000000800e1b8        0xe c:/st/stm32cubeide_1.7.0/stm32cubeide/plugins/com.st.stm32cube.ide.mcu.externaltools.gnu-tools-for-stm32.9-2020-q2-update.win32_2.0.0.202105311346/tools/bin/../lib/gcc/arm-none-eabi/9.3.1/../../../../arm-none-eabi/lib/thumb/v7-m/nofp\libc_nano.a(lib_a-abort.o)
                0x000000000800e1b8                abort
 *fill*         0x000000000800e1c6        0x2 
 .text.__sflush_r
                0x000000000800e1c8      0x10c c:/st/stm32cubeide_1.7.0/stm32cubeide/plugins/com.st.stm32cube.ide.mcu.externaltools.gnu-tools-for-stm32.9-2020-q2-update.win32_2.0.0.202105311346/tools/bin/../lib/gcc/arm-none-eabi/9.3.1/../../../../arm-none-eabi/lib/thumb/v7-m/nofp\libc_nano.a(lib_a-fflush.o)
                0x000000000800e1c8                __sflush_r
 .text._fflush_r
                0x000000000800e2d4       0x78 c:/st/stm32cubeide_1.7.0/stm32cubeide/plugins/com.st.stm32cube.ide.mcu.externaltools.gnu-tools-for-stm32.9-2020-q2-update.win32_2.0.0.202105311346/tools/bin/../lib/gcc/arm-none-eabi/9.3.1/../../../../arm-none-eabi/lib/thumb/v7-m/nofp\libc_nano.a(lib_a-fflush.o)
                0x000000000800e2d4                _fflush_r
 .text.std      0x000000000800e34c       0x48 c:/st/stm32cubeide_1.7.0/stm32cubeide/plugins/com.st.stm32cube.ide.mcu.externaltools.gnu-tools-for-stm32.9-2020-q2-update.win32_2.0.0.202105311346/tools/bin/../lib/gcc/arm-none-eabi/9.3.1/../../../../arm-none-eabi/lib/thumb/v7-m/nofp\libc_nano.a(lib_a-findfp.o)
 .text._cleanup_r
                0x000000000800e394        0xc c:/st/stm32cubeide_1.7.0/stm32cubeide/plugins/com.st.stm32cube.ide.mcu.externaltools.gnu-tools-for-stm32.9-2020-q2-update.win32_2.0.0.202105311346/tools/bin/../lib/gcc/arm-none-eabi/9.3.1/../../../../arm-none-eabi/lib/thumb/v7-m/nofp\libc_nano.a(lib_a-findfp.o)
                0x000000000800e394                _cleanup_r
 .text.__sfmoreglue
                0x000000000800e3a0       0x2c c:/st/stm32cubeide_1.7.0/stm32cubeide/plugins/com.st.stm32cube.ide.mcu.externaltools.gnu-tools-for-stm32.9-2020-q2-update.win32_2.0.0.202105311346/tools/bin/../lib/gcc/arm-none-eabi/9.3.1/../../../../arm-none-eabi/lib/thumb/v7-m/nofp\libc_nano.a(lib_a-findfp.o)
                0x000000000800e3a0                __sfmoreglue
 .text.__sfp_lock_acquire
                0x000000000800e3cc        0xc c:/st/stm32cubeide_1.7.0/stm32cubeide/plugins/com.st.stm32cube.ide.mcu.externaltools.gnu-tools-for-stm32.9-2020-q2-update.win32_2.0.0.202105311346/tools/bin/../lib/gcc/arm-none-eabi/9.3.1/../../../../arm-none-eabi/lib/thumb/v7-m/nofp\libc_nano.a(lib_a-findfp.o)
                0x000000000800e3cc                __sfp_lock_acquire
 .text.__sfp_lock_release
                0x000000000800e3d8        0xc c:/st/stm32cubeide_1.7.0/stm32cubeide/plugins/com.st.stm32cube.ide.mcu.externaltools.gnu-tools-for-stm32.9-2020-q2-update.win32_2.0.0.202105311346/tools/bin/../lib/gcc/arm-none-eabi/9.3.1/../../../../arm-none-eabi/lib/thumb/v7-m/nofp\libc_nano.a(lib_a-findfp.o)
                0x000000000800e3d8                __sfp_lock_release
 .text.__sinit_lock_acquire
                0x000000000800e3e4        0xc c:/st/stm32cubeide_1.7.0/stm32cubeide/plugins/com.st.stm32cube.ide.mcu.externaltools.gnu-tools-for-stm32.9-2020-q2-update.win32_2.0.0.202105311346/tools/bin/../lib/gcc/arm-none-eabi/9.3.1/../../../../arm-none-eabi/lib/thumb/v7-m/nofp\libc_nano.a(lib_a-findfp.o)
                0x000000000800e3e4                __sinit_lock_acquire
 .text.__sinit_lock_release
                0x000000000800e3f0        0xc c:/st/stm32cubeide_1.7.0/stm32cubeide/plugins/com.st.stm32cube.ide.mcu.externaltools.gnu-tools-for-stm32.9-2020-q2-update.win32_2.0.0.202105311346/tools/bin/../lib/gcc/arm-none-eabi/9.3.1/../../../../arm-none-eabi/lib/thumb/v7-m/nofp\libc_nano.a(lib_a-findfp.o)
                0x000000000800e3f0                __sinit_lock_release
 .text.__sinit  0x000000000800e3fc       0x70 c:/st/stm32cubeide_1.7.0/stm32cubeide/plugins/com.st.stm32cube.ide.mcu.externaltools.gnu-tools-for-stm32.9-2020-q2-update.win32_2.0.0.202105311346/tools/bin/../lib/gcc/arm-none-eabi/9.3.1/../../../../arm-none-eabi/lib/thumb/v7-m/nofp\libc_nano.a(lib_a-findfp.o)
                0x000000000800e3fc                __sinit
 .text.__sfp    0x000000000800e46c       0x8c c:/st/stm32cubeide_1.7.0/stm32cubeide/plugins/com.st.stm32cube.ide.mcu.externaltools.gnu-tools-for-stm32.9-2020-q2-update.win32_2.0.0.202105311346/tools/bin/../lib/gcc/arm-none-eabi/9.3.1/../../../../arm-none-eabi/lib/thumb/v7-m/nofp\libc_nano.a(lib_a-findfp.o)
                0x000000000800e46c                __sfp
 .text._fwalk_reent
                0x000000000800e4f8       0x3e c:/st/stm32cubeide_1.7.0/stm32cubeide/plugins/com.st.stm32cube.ide.mcu.externaltools.gnu-tools-for-stm32.9-2020-q2-update.win32_2.0.0.202105311346/tools/bin/../lib/gcc/arm-none-eabi/9.3.1/../../../../arm-none-eabi/lib/thumb/v7-m/nofp\libc_nano.a(lib_a-fwalk.o)
                0x000000000800e4f8                _fwalk_reent
 .text.__retarget_lock_init_recursive
                0x000000000800e536        0x2 c:/st/stm32cubeide_1.7.0/stm32cubeide/plugins/com.st.stm32cube.ide.mcu.externaltools.gnu-tools-for-stm32.9-2020-q2-update.win32_2.0.0.202105311346/tools/bin/../lib/gcc/arm-none-eabi/9.3.1/../../../../arm-none-eabi/lib/thumb/v7-m/nofp\libc_nano.a(lib_a-lock.o)
                0x000000000800e536                __retarget_lock_init_recursive
 .text.__retarget_lock_acquire_recursive
                0x000000000800e538        0x2 c:/st/stm32cubeide_1.7.0/stm32cubeide/plugins/com.st.stm32cube.ide.mcu.externaltools.gnu-tools-for-stm32.9-2020-q2-update.win32_2.0.0.202105311346/tools/bin/../lib/gcc/arm-none-eabi/9.3.1/../../../../arm-none-eabi/lib/thumb/v7-m/nofp\libc_nano.a(lib_a-lock.o)
                0x000000000800e538                __retarget_lock_acquire_recursive
 .text.__retarget_lock_release_recursive
                0x000000000800e53a        0x2 c:/st/stm32cubeide_1.7.0/stm32cubeide/plugins/com.st.stm32cube.ide.mcu.externaltools.gnu-tools-for-stm32.9-2020-q2-update.win32_2.0.0.202105311346/tools/bin/../lib/gcc/arm-none-eabi/9.3.1/../../../../arm-none-eabi/lib/thumb/v7-m/nofp\libc_nano.a(lib_a-lock.o)
                0x000000000800e53a                __retarget_lock_release_recursive
 .text.__swhatbuf_r
                0x000000000800e53c       0x48 c:/st/stm32cubeide_1.7.0/stm32cubeide/plugins/com.st.stm32cube.ide.mcu.externaltools.gnu-tools-for-stm32.9-2020-q2-update.win32_2.0.0.202105311346/tools/bin/../lib/gcc/arm-none-eabi/9.3.1/../../../../arm-none-eabi/lib/thumb/v7-m/nofp\libc_nano.a(lib_a-makebuf.o)
                0x000000000800e53c                __swhatbuf_r
 .text.__smakebuf_r
                0x000000000800e584       0x80 c:/st/stm32cubeide_1.7.0/stm32cubeide/plugins/com.st.stm32cube.ide.mcu.externaltools.gnu-tools-for-stm32.9-2020-q2-update.win32_2.0.0.202105311346/tools/bin/../lib/gcc/arm-none-eabi/9.3.1/../../../../arm-none-eabi/lib/thumb/v7-m/nofp\libc_nano.a(lib_a-makebuf.o)
                0x000000000800e584                __smakebuf_r
 .text.memchr   0x000000000800e604       0x1c c:/st/stm32cubeide_1.7.0/stm32cubeide/plugins/com.st.stm32cube.ide.mcu.externaltools.gnu-tools-for-stm32.9-2020-q2-update.win32_2.0.0.202105311346/tools/bin/../lib/gcc/arm-none-eabi/9.3.1/../../../../arm-none-eabi/lib/thumb/v7-m/nofp\libc_nano.a(lib_a-memchr-stub.o)
                0x000000000800e604                memchr
 .text.memmove  0x000000000800e620       0x34 c:/st/stm32cubeide_1.7.0/stm32cubeide/plugins/com.st.stm32cube.ide.mcu.externaltools.gnu-tools-for-stm32.9-2020-q2-update.win32_2.0.0.202105311346/tools/bin/../lib/gcc/arm-none-eabi/9.3.1/../../../../arm-none-eabi/lib/thumb/v7-m/nofp\libc_nano.a(lib_a-memmove.o)
                0x000000000800e620                memmove
 .text.__malloc_lock
                0x000000000800e654        0xc c:/st/stm32cubeide_1.7.0/stm32cubeide/plugins/com.st.stm32cube.ide.mcu.externaltools.gnu-tools-for-stm32.9-2020-q2-update.win32_2.0.0.202105311346/tools/bin/../lib/gcc/arm-none-eabi/9.3.1/../../../../arm-none-eabi/lib/thumb/v7-m/nofp\libc_nano.a(lib_a-mlock.o)
                0x000000000800e654                __malloc_lock
 .text.__malloc_unlock
                0x000000000800e660        0xc c:/st/stm32cubeide_1.7.0/stm32cubeide/plugins/com.st.stm32cube.ide.mcu.externaltools.gnu-tools-for-stm32.9-2020-q2-update.win32_2.0.0.202105311346/tools/bin/../lib/gcc/arm-none-eabi/9.3.1/../../../../arm-none-eabi/lib/thumb/v7-m/nofp\libc_nano.a(lib_a-mlock.o)
                0x000000000800e660                __malloc_unlock
 .text._realloc_r
                0x000000000800e66c       0x4c c:/st/stm32cubeide_1.7.0/stm32cubeide/plugins/com.st.stm32cube.ide.mcu.externaltools.gnu-tools-for-stm32.9-2020-q2-update.win32_2.0.0.202105311346/tools/bin/../lib/gcc/arm-none-eabi/9.3.1/../../../../arm-none-eabi/lib/thumb/v7-m/nofp\libc_nano.a(lib_a-nano-reallocr.o)
                0x000000000800e66c                _realloc_r
 .text.__ssputs_r
                0x000000000800e6b8       0xb6 c:/st/stm32cubeide_1.7.0/stm32cubeide/plugins/com.st.stm32cube.ide.mcu.externaltools.gnu-tools-for-stm32.9-2020-q2-update.win32_2.0.0.202105311346/tools/bin/../lib/gcc/arm-none-eabi/9.3.1/../../../../arm-none-eabi/lib/thumb/v7-m/nofp\libc_nano.a(lib_a-nano-svfprintf.o)
                0x000000000800e6b8                __ssputs_r
 *fill*         0x000000000800e76e        0x2 
 .text._svfprintf_r
                0x000000000800e770      0x200 c:/st/stm32cubeide_1.7.0/stm32cubeide/plugins/com.st.stm32cube.ide.mcu.externaltools.gnu-tools-for-stm32.9-2020-q2-update.win32_2.0.0.202105311346/tools/bin/../lib/gcc/arm-none-eabi/9.3.1/../../../../arm-none-eabi/lib/thumb/v7-m/nofp\libc_nano.a(lib_a-nano-svfprintf.o)
                0x000000000800e770                _svfiprintf_r
                0x000000000800e770                _svfprintf_r
 .text._raise_r
                0x000000000800e970       0x50 c:/st/stm32cubeide_1.7.0/stm32cubeide/plugins/com.st.stm32cube.ide.mcu.externaltools.gnu-tools-for-stm32.9-2020-q2-update.win32_2.0.0.202105311346/tools/bin/../lib/gcc/arm-none-eabi/9.3.1/../../../../arm-none-eabi/lib/thumb/v7-m/nofp\libc_nano.a(lib_a-signal.o)
                0x000000000800e970                _raise_r
 .text.raise    0x000000000800e9c0       0x10 c:/st/stm32cubeide_1.7.0/stm32cubeide/plugins/com.st.stm32cube.ide.mcu.externaltools.gnu-tools-for-stm32.9-2020-q2-update.win32_2.0.0.202105311346/tools/bin/../lib/gcc/arm-none-eabi/9.3.1/../../../../arm-none-eabi/lib/thumb/v7-m/nofp\libc_nano.a(lib_a-signal.o)
                0x000000000800e9c0                raise
 .text._kill_r  0x000000000800e9d0       0x24 c:/st/stm32cubeide_1.7.0/stm32cubeide/plugins/com.st.stm32cube.ide.mcu.externaltools.gnu-tools-for-stm32.9-2020-q2-update.win32_2.0.0.202105311346/tools/bin/../lib/gcc/arm-none-eabi/9.3.1/../../../../arm-none-eabi/lib/thumb/v7-m/nofp\libc_nano.a(lib_a-signalr.o)
                0x000000000800e9d0                _kill_r
 .text._getpid_r
                0x000000000800e9f4        0x4 c:/st/stm32cubeide_1.7.0/stm32cubeide/plugins/com.st.stm32cube.ide.mcu.externaltools.gnu-tools-for-stm32.9-2020-q2-update.win32_2.0.0.202105311346/tools/bin/../lib/gcc/arm-none-eabi/9.3.1/../../../../arm-none-eabi/lib/thumb/v7-m/nofp\libc_nano.a(lib_a-signalr.o)
                0x000000000800e9f4                _getpid_r
 .text.__sread  0x000000000800e9f8       0x22 c:/st/stm32cubeide_1.7.0/stm32cubeide/plugins/com.st.stm32cube.ide.mcu.externaltools.gnu-tools-for-stm32.9-2020-q2-update.win32_2.0.0.202105311346/tools/bin/../lib/gcc/arm-none-eabi/9.3.1/../../../../arm-none-eabi/lib/thumb/v7-m/nofp\libc_nano.a(lib_a-stdio.o)
                0x000000000800e9f8                __sread
 .text.__swrite
                0x000000000800ea1a       0x38 c:/st/stm32cubeide_1.7.0/stm32cubeide/plugins/com.st.stm32cube.ide.mcu.externaltools.gnu-tools-for-stm32.9-2020-q2-update.win32_2.0.0.202105311346/tools/bin/../lib/gcc/arm-none-eabi/9.3.1/../../../../arm-none-eabi/lib/thumb/v7-m/nofp\libc_nano.a(lib_a-stdio.o)
                0x000000000800ea1a                __swrite
 .text.__sseek  0x000000000800ea52       0x24 c:/st/stm32cubeide_1.7.0/stm32cubeide/plugins/com.st.stm32cube.ide.mcu.externaltools.gnu-tools-for-stm32.9-2020-q2-update.win32_2.0.0.202105311346/tools/bin/../lib/gcc/arm-none-eabi/9.3.1/../../../../arm-none-eabi/lib/thumb/v7-m/nofp\libc_nano.a(lib_a-stdio.o)
                0x000000000800ea52                __sseek
 .text.__sclose
                0x000000000800ea76        0x8 c:/st/stm32cubeide_1.7.0/stm32cubeide/plugins/com.st.stm32cube.ide.mcu.externaltools.gnu-tools-for-stm32.9-2020-q2-update.win32_2.0.0.202105311346/tools/bin/../lib/gcc/arm-none-eabi/9.3.1/../../../../arm-none-eabi/lib/thumb/v7-m/nofp\libc_nano.a(lib_a-stdio.o)
                0x000000000800ea76                __sclose
 *fill*         0x000000000800ea7e        0x2 
 .text._write_r
                0x000000000800ea80       0x24 c:/st/stm32cubeide_1.7.0/stm32cubeide/plugins/com.st.stm32cube.ide.mcu.externaltools.gnu-tools-for-stm32.9-2020-q2-update.win32_2.0.0.202105311346/tools/bin/../lib/gcc/arm-none-eabi/9.3.1/../../../../arm-none-eabi/lib/thumb/v7-m/nofp\libc_nano.a(lib_a-writer.o)
                0x000000000800ea80                _write_r
 .text._close_r
                0x000000000800eaa4       0x20 c:/st/stm32cubeide_1.7.0/stm32cubeide/plugins/com.st.stm32cube.ide.mcu.externaltools.gnu-tools-for-stm32.9-2020-q2-update.win32_2.0.0.202105311346/tools/bin/../lib/gcc/arm-none-eabi/9.3.1/../../../../arm-none-eabi/lib/thumb/v7-m/nofp\libc_nano.a(lib_a-closer.o)
                0x000000000800eaa4                _close_r
 .text._fstat_r
                0x000000000800eac4       0x24 c:/st/stm32cubeide_1.7.0/stm32cubeide/plugins/com.st.stm32cube.ide.mcu.externaltools.gnu-tools-for-stm32.9-2020-q2-update.win32_2.0.0.202105311346/tools/bin/../lib/gcc/arm-none-eabi/9.3.1/../../../../arm-none-eabi/lib/thumb/v7-m/nofp\libc_nano.a(lib_a-fstatr.o)
                0x000000000800eac4                _fstat_r
 .text._isatty_r
                0x000000000800eae8       0x20 c:/st/stm32cubeide_1.7.0/stm32cubeide/plugins/com.st.stm32cube.ide.mcu.externaltools.gnu-tools-for-stm32.9-2020-q2-update.win32_2.0.0.202105311346/tools/bin/../lib/gcc/arm-none-eabi/9.3.1/../../../../arm-none-eabi/lib/thumb/v7-m/nofp\libc_nano.a(lib_a-isattyr.o)
                0x000000000800eae8                _isatty_r
 .text._lseek_r
                0x000000000800eb08       0x24 c:/st/stm32cubeide_1.7.0/stm32cubeide/plugins/com.st.stm32cube.ide.mcu.externaltools.gnu-tools-for-stm32.9-2020-q2-update.win32_2.0.0.202105311346/tools/bin/../lib/gcc/arm-none-eabi/9.3.1/../../../../arm-none-eabi/lib/thumb/v7-m/nofp\libc_nano.a(lib_a-lseekr.o)
                0x000000000800eb08                _lseek_r
 .text._malloc_usable_size_r
                0x000000000800eb2c       0x10 c:/st/stm32cubeide_1.7.0/stm32cubeide/plugins/com.st.stm32cube.ide.mcu.externaltools.gnu-tools-for-stm32.9-2020-q2-update.win32_2.0.0.202105311346/tools/bin/../lib/gcc/arm-none-eabi/9.3.1/../../../../arm-none-eabi/lib/thumb/v7-m/nofp\libc_nano.a(lib_a-nano-msizer.o)
                0x000000000800eb2c                _malloc_usable_size_r
 .text._read_r  0x000000000800eb3c       0x24 c:/st/stm32cubeide_1.7.0/stm32cubeide/plugins/com.st.stm32cube.ide.mcu.externaltools.gnu-tools-for-stm32.9-2020-q2-update.win32_2.0.0.202105311346/tools/bin/../lib/gcc/arm-none-eabi/9.3.1/../../../../arm-none-eabi/lib/thumb/v7-m/nofp\libc_nano.a(lib_a-readr.o)
                0x000000000800eb3c                _read_r
 *(.glue_7)
 .glue_7        0x000000000800eb60        0x0 linker stubs
 *(.glue_7t)
 .glue_7t       0x000000000800eb60        0x0 linker stubs
 *(.eh_frame)
 .eh_frame      0x000000000800eb60        0x0 c:/st/stm32cubeide_1.7.0/stm32cubeide/plugins/com.st.stm32cube.ide.mcu.externaltools.gnu-tools-for-stm32.9-2020-q2-update.win32_2.0.0.202105311346/tools/bin/../lib/gcc/arm-none-eabi/9.3.1/thumb/v7-m/nofp/crtbegin.o
 *(.init)
 .init          0x000000000800eb60        0x4 c:/st/stm32cubeide_1.7.0/stm32cubeide/plugins/com.st.stm32cube.ide.mcu.externaltools.gnu-tools-for-stm32.9-2020-q2-update.win32_2.0.0.202105311346/tools/bin/../lib/gcc/arm-none-eabi/9.3.1/thumb/v7-m/nofp/crti.o
                0x000000000800eb60                _init
 .init          0x000000000800eb64        0x8 c:/st/stm32cubeide_1.7.0/stm32cubeide/plugins/com.st.stm32cube.ide.mcu.externaltools.gnu-tools-for-stm32.9-2020-q2-update.win32_2.0.0.202105311346/tools/bin/../lib/gcc/arm-none-eabi/9.3.1/thumb/v7-m/nofp/crtn.o
 *(.fini)
 .fini          0x000000000800eb6c        0x4 c:/st/stm32cubeide_1.7.0/stm32cubeide/plugins/com.st.stm32cube.ide.mcu.externaltools.gnu-tools-for-stm32.9-2020-q2-update.win32_2.0.0.202105311346/tools/bin/../lib/gcc/arm-none-eabi/9.3.1/thumb/v7-m/nofp/crti.o
                0x000000000800eb6c                _fini
 .fini          0x000000000800eb70        0x8 c:/st/stm32cubeide_1.7.0/stm32cubeide/plugins/com.st.stm32cube.ide.mcu.externaltools.gnu-tools-for-stm32.9-2020-q2-update.win32_2.0.0.202105311346/tools/bin/../lib/gcc/arm-none-eabi/9.3.1/thumb/v7-m/nofp/crtn.o
                0x000000000800eb78                . = ALIGN (0x4)
                0x000000000800eb78                _etext = .

.vfp11_veneer   0x000000000800eb78        0x0
 .vfp11_veneer  0x000000000800eb78        0x0 linker stubs

.v4_bx          0x000000000800eb78        0x0
 .v4_bx         0x000000000800eb78        0x0 linker stubs

.iplt           0x000000000800eb78        0x0
 .iplt          0x000000000800eb78        0x0 c:/st/stm32cubeide_1.7.0/stm32cubeide/plugins/com.st.stm32cube.ide.mcu.externaltools.gnu-tools-for-stm32.9-2020-q2-update.win32_2.0.0.202105311346/tools/bin/../lib/gcc/arm-none-eabi/9.3.1/thumb/v7-m/nofp/crtbegin.o

.rodata         0x000000000800eb78      0xe28
                0x000000000800eb78                . = ALIGN (0x4)
 *(.rodata)
 .rodata        0x000000000800eb78       0x1d ./Core/Src/MT25Q.o
 *fill*         0x000000000800eb95        0x3 
 .rodata        0x000000000800eb98      0x926 ./Core/Src/lfs.o
 *fill*         0x000000000800f4be        0x2 
 .rodata        0x000000000800f4c0      0x270 ./Core/Src/main.o
 *(.rodata*)
 .rodata.__func__.8265
                0x000000000800f730        0xc ./Core/Src/lfs.o
 .rodata.__func__.8293
                0x000000000800f73c        0xd ./Core/Src/lfs.o
 *fill*         0x000000000800f749        0x3 
 .rodata.__func__.8304
                0x000000000800f74c        0xc ./Core/Src/lfs.o
 .rodata.__func__.8316
                0x000000000800f758        0xc ./Core/Src/lfs.o
 .rodata.__func__.8326
                0x000000000800f764        0xd ./Core/Src/lfs.o
 *fill*         0x000000000800f771        0x3 
 .rodata.__func__.8662
                0x000000000800f774       0x11 ./Core/Src/lfs.o
 *fill*         0x000000000800f785        0x3 
 .rodata.__func__.8896
                0x000000000800f788       0x10 ./Core/Src/lfs.o
 .rodata.__func__.8935
                0x000000000800f798       0x19 ./Core/Src/lfs.o
 *fill*         0x000000000800f7b1        0x3 
 .rodata.__func__.8992
                0x000000000800f7b4       0x18 ./Core/Src/lfs.o
 .rodata.defaults.9164
                0x000000000800f7cc        0xc ./Core/Src/lfs.o
 .rodata.__func__.9263
                0x000000000800f7d8       0x12 ./Core/Src/lfs.o
 *fill*         0x000000000800f7ea        0x2 
 .rodata.__func__.9407
                0x000000000800f7ec        0x9 ./Core/Src/lfs.o
 *fill*         0x000000000800f7f5        0x3 
 .rodata.__func__.9520
                0x000000000800f7f8       0x13 ./Core/Src/lfs.o
 *fill*         0x000000000800f80b        0x1 
 .rodata.__func__.9631
                0x000000000800f80c        0xe ./Core/Src/lfs.o
 *fill*         0x000000000800f81a        0x2 
 .rodata.__func__.9646
                0x000000000800f81c        0xf ./Core/Src/lfs.o
 *fill*         0x000000000800f82b        0x1 
 .rodata.__func__.9669
                0x000000000800f82c        0xf ./Core/Src/lfs.o
 *fill*         0x000000000800f83b        0x1 
 .rodata.__func__.9725
                0x000000000800f83c        0xd ./Core/Src/lfs.o
 *fill*         0x000000000800f849        0x3 
 .rodata.rtable.7934
                0x000000000800f84c       0x40 ./Core/Src/lfs_util.o
 .rodata.AHBPrescTable
                0x000000000800f88c       0x10 ./Core/Src/system_stm32f1xx.o
                0x000000000800f88c                AHBPrescTable
 .rodata.APBPrescTable
                0x000000000800f89c        0x8 ./Core/Src/system_stm32f1xx.o
                0x000000000800f89c                APBPrescTable
 .rodata.aPLLMULFactorTable.6230
                0x000000000800f8a4       0x10 ./Drivers/STM32F1xx_HAL_Driver/Src/stm32f1xx_hal_rcc.o
 .rodata.aPredivFactorTable.6231
                0x000000000800f8b4        0x2 ./Drivers/STM32F1xx_HAL_Driver/Src/stm32f1xx_hal_rcc.o
 *fill*         0x000000000800f8b6        0x2 
 .rodata.aPLLMULFactorTable.6165
                0x000000000800f8b8       0x10 ./Drivers/STM32F1xx_HAL_Driver/Src/stm32f1xx_hal_rcc_ex.o
 .rodata.aPredivFactorTable.6166
                0x000000000800f8c8        0x2 ./Drivers/STM32F1xx_HAL_Driver/Src/stm32f1xx_hal_rcc_ex.o
 .rodata.__assert_func.str1.1
                0x000000000800f8ca       0x3c c:/st/stm32cubeide_1.7.0/stm32cubeide/plugins/com.st.stm32cube.ide.mcu.externaltools.gnu-tools-for-stm32.9-2020-q2-update.win32_2.0.0.202105311346/tools/bin/../lib/gcc/arm-none-eabi/9.3.1/../../../../arm-none-eabi/lib/thumb/v7-m/nofp\libc_nano.a(lib_a-assert.o)
                                         0x3d (size before relaxing)
 *fill*         0x000000000800f906        0x2 
 .rodata._global_impure_ptr
                0x000000000800f908        0x4 c:/st/stm32cubeide_1.7.0/stm32cubeide/plugins/com.st.stm32cube.ide.mcu.externaltools.gnu-tools-for-stm32.9-2020-q2-update.win32_2.0.0.202105311346/tools/bin/../lib/gcc/arm-none-eabi/9.3.1/../../../../arm-none-eabi/lib/thumb/v7-m/nofp\libc_nano.a(lib_a-impure.o)
                0x000000000800f908                _global_impure_ptr
 .rodata._vfprintf_r.str1.1
                0x000000000800f90c       0x11 c:/st/stm32cubeide_1.7.0/stm32cubeide/plugins/com.st.stm32cube.ide.mcu.externaltools.gnu-tools-for-stm32.9-2020-q2-update.win32_2.0.0.202105311346/tools/bin/../lib/gcc/arm-none-eabi/9.3.1/../../../../arm-none-eabi/lib/thumb/v7-m/nofp\libc_nano.a(lib_a-nano-vfprintf.o)
 .rodata._printf_i.str1.1
                0x000000000800f91d       0x22 c:/st/stm32cubeide_1.7.0/stm32cubeide/plugins/com.st.stm32cube.ide.mcu.externaltools.gnu-tools-for-stm32.9-2020-q2-update.win32_2.0.0.202105311346/tools/bin/../lib/gcc/arm-none-eabi/9.3.1/../../../../arm-none-eabi/lib/thumb/v7-m/nofp\libc_nano.a(lib_a-nano-vfprintf_i.o)
 *fill*         0x000000000800f93f        0x1 
 .rodata.__sf_fake_stderr
                0x000000000800f940       0x20 c:/st/stm32cubeide_1.7.0/stm32cubeide/plugins/com.st.stm32cube.ide.mcu.externaltools.gnu-tools-for-stm32.9-2020-q2-update.win32_2.0.0.202105311346/tools/bin/../lib/gcc/arm-none-eabi/9.3.1/../../../../arm-none-eabi/lib/thumb/v7-m/nofp\libc_nano.a(lib_a-findfp.o)
                0x000000000800f940                __sf_fake_stderr
 .rodata.__sf_fake_stdin
                0x000000000800f960       0x20 c:/st/stm32cubeide_1.7.0/stm32cubeide/plugins/com.st.stm32cube.ide.mcu.externaltools.gnu-tools-for-stm32.9-2020-q2-update.win32_2.0.0.202105311346/tools/bin/../lib/gcc/arm-none-eabi/9.3.1/../../../../arm-none-eabi/lib/thumb/v7-m/nofp\libc_nano.a(lib_a-findfp.o)
                0x000000000800f960                __sf_fake_stdin
 .rodata.__sf_fake_stdout
                0x000000000800f980       0x20 c:/st/stm32cubeide_1.7.0/stm32cubeide/plugins/com.st.stm32cube.ide.mcu.externaltools.gnu-tools-for-stm32.9-2020-q2-update.win32_2.0.0.202105311346/tools/bin/../lib/gcc/arm-none-eabi/9.3.1/../../../../arm-none-eabi/lib/thumb/v7-m/nofp\libc_nano.a(lib_a-findfp.o)
                0x000000000800f980                __sf_fake_stdout
 .rodata._svfprintf_r.str1.1
                0x000000000800f9a0       0x11 c:/st/stm32cubeide_1.7.0/stm32cubeide/plugins/com.st.stm32cube.ide.mcu.externaltools.gnu-tools-for-stm32.9-2020-q2-update.win32_2.0.0.202105311346/tools/bin/../lib/gcc/arm-none-eabi/9.3.1/../../../../arm-none-eabi/lib/thumb/v7-m/nofp\libc_nano.a(lib_a-nano-svfprintf.o)
                0x000000000800f9b4                . = ALIGN (0x4)

.rel.dyn        0x000000000800f9a0        0x0
 .rel.iplt      0x000000000800f9a0        0x0 c:/st/stm32cubeide_1.7.0/stm32cubeide/plugins/com.st.stm32cube.ide.mcu.externaltools.gnu-tools-for-stm32.9-2020-q2-update.win32_2.0.0.202105311346/tools/bin/../lib/gcc/arm-none-eabi/9.3.1/thumb/v7-m/nofp/crtbegin.o

.ARM.extab      0x000000000800f9a0        0x0
                0x000000000800f9a0                . = ALIGN (0x4)
 *(.ARM.extab* .gnu.linkonce.armextab.*)
                0x000000000800f9a0                . = ALIGN (0x4)

.ARM            0x000000000800f9a0        0x0
                0x000000000800f9a0                . = ALIGN (0x4)
                0x000000000800f9a0                __exidx_start = .
 *(.ARM.exidx*)
                0x000000000800f9a0                __exidx_end = .
                0x000000000800f9a0                . = ALIGN (0x4)

.preinit_array  0x000000000800f9a0        0x0
                0x000000000800f9a0                . = ALIGN (0x4)
                0x000000000800f9a0                PROVIDE (__preinit_array_start = .)
 *(.preinit_array*)
                0x000000000800f9a0                PROVIDE (__preinit_array_end = .)
                0x000000000800f9a0                . = ALIGN (0x4)

.init_array     0x000000000800f9a0        0x4
                0x000000000800f9a0                . = ALIGN (0x4)
                0x000000000800f9a0                PROVIDE (__init_array_start = .)
 *(SORT_BY_NAME(.init_array.*))
 *(.init_array*)
 .init_array    0x000000000800f9a0        0x4 c:/st/stm32cubeide_1.7.0/stm32cubeide/plugins/com.st.stm32cube.ide.mcu.externaltools.gnu-tools-for-stm32.9-2020-q2-update.win32_2.0.0.202105311346/tools/bin/../lib/gcc/arm-none-eabi/9.3.1/thumb/v7-m/nofp/crtbegin.o
                0x000000000800f9a4                PROVIDE (__init_array_end = .)
                0x000000000800f9a4                . = ALIGN (0x4)

.fini_array     0x000000000800f9a4        0x4
                0x000000000800f9a4                . = ALIGN (0x4)
                [!provide]                        PROVIDE (__fini_array_start = .)
 *(SORT_BY_NAME(.fini_array.*))
 *(.fini_array*)
 .fini_array    0x000000000800f9a4        0x4 c:/st/stm32cubeide_1.7.0/stm32cubeide/plugins/com.st.stm32cube.ide.mcu.externaltools.gnu-tools-for-stm32.9-2020-q2-update.win32_2.0.0.202105311346/tools/bin/../lib/gcc/arm-none-eabi/9.3.1/thumb/v7-m/nofp/crtbegin.o
                [!provide]                        PROVIDE (__fini_array_end = .)
                0x000000000800f9a8                . = ALIGN (0x4)
                0x000000000800f9a8                _sidata = LOADADDR (.data)

.data           0x0000000020000000       0x70 load address 0x000000000800f9a8
                0x0000000020000000                . = ALIGN (0x4)
                0x0000000020000000                _sdata = .
 *(.data)
 *(.data*)
 .data.SystemCoreClock
                0x0000000020000000        0x4 ./Core/Src/system_stm32f1xx.o
                0x0000000020000000                SystemCoreClock
 .data.uwTickPrio
                0x0000000020000004        0x4 ./Drivers/STM32F1xx_HAL_Driver/Src/stm32f1xx_hal.o
                0x0000000020000004                uwTickPrio
 .data.uwTickFreq
                0x0000000020000008        0x1 ./Drivers/STM32F1xx_HAL_Driver/Src/stm32f1xx_hal.o
                0x0000000020000008                uwTickFreq
 *fill*         0x0000000020000009        0x3 
 .data._impure_ptr
                0x000000002000000c        0x4 c:/st/stm32cubeide_1.7.0/stm32cubeide/plugins/com.st.stm32cube.ide.mcu.externaltools.gnu-tools-for-stm32.9-2020-q2-update.win32_2.0.0.202105311346/tools/bin/../lib/gcc/arm-none-eabi/9.3.1/../../../../arm-none-eabi/lib/thumb/v7-m/nofp\libc_nano.a(lib_a-impure.o)
                0x000000002000000c                _impure_ptr
 .data.impure_data
                0x0000000020000010       0x60 c:/st/stm32cubeide_1.7.0/stm32cubeide/plugins/com.st.stm32cube.ide.mcu.externaltools.gnu-tools-for-stm32.9-2020-q2-update.win32_2.0.0.202105311346/tools/bin/../lib/gcc/arm-none-eabi/9.3.1/../../../../arm-none-eabi/lib/thumb/v7-m/nofp\libc_nano.a(lib_a-impure.o)
 *(.RamFunc)
 *(.RamFunc*)
                0x0000000020000070                . = ALIGN (0x4)
                0x0000000020000070                _edata = .

.igot.plt       0x0000000020000070        0x0 load address 0x000000000800fa18
 .igot.plt      0x0000000020000070        0x0 c:/st/stm32cubeide_1.7.0/stm32cubeide/plugins/com.st.stm32cube.ide.mcu.externaltools.gnu-tools-for-stm32.9-2020-q2-update.win32_2.0.0.202105311346/tools/bin/../lib/gcc/arm-none-eabi/9.3.1/thumb/v7-m/nofp/crtbegin.o
                0x0000000020000070                . = ALIGN (0x4)

.bss            0x0000000020000070      0x7e4 load address 0x000000000800fa18
                0x0000000020000070                _sbss = .
                0x0000000020000070                __bss_start__ = _sbss
 *(.bss)
 .bss           0x0000000020000070       0x1c c:/st/stm32cubeide_1.7.0/stm32cubeide/plugins/com.st.stm32cube.ide.mcu.externaltools.gnu-tools-for-stm32.9-2020-q2-update.win32_2.0.0.202105311346/tools/bin/../lib/gcc/arm-none-eabi/9.3.1/thumb/v7-m/nofp/crtbegin.o
 *(.bss*)
 .bss.Counter   0x000000002000008c        0x8 ./Core/Src/main.o
                0x000000002000008c                Counter
 .bss.LfsConfig
                0x0000000020000094       0x4c ./Core/Src/main.o
 .bss.LfsConfig2
                0x00000000200000e0       0x4c ./Core/Src/main.o
 .bss.DmaEnd    0x000000002000012c        0x1 ./Core/Src/main.o
                0x000000002000012c                DmaEnd
 *fill*         0x000000002000012d        0x3 
 .bss.__sbrk_heap_end
                0x0000000020000130        0x4 ./Core/Src/sysmem.o
 .bss.__malloc_free_list
                0x0000000020000134        0x4 c:/st/stm32cubeide_1.7.0/stm32cubeide/plugins/com.st.stm32cube.ide.mcu.externaltools.gnu-tools-for-stm32.9-2020-q2-update.win32_2.0.0.202105311346/tools/bin/../lib/gcc/arm-none-eabi/9.3.1/../../../../arm-none-eabi/lib/thumb/v7-m/nofp\libc_nano.a(lib_a-nano-mallocr.o)
                0x0000000020000134                __malloc_free_list
 .bss.__malloc_sbrk_start
                0x0000000020000138        0x4 c:/st/stm32cubeide_1.7.0/stm32cubeide/plugins/com.st.stm32cube.ide.mcu.externaltools.gnu-tools-for-stm32.9-2020-q2-update.win32_2.0.0.202105311346/tools/bin/../lib/gcc/arm-none-eabi/9.3.1/../../../../arm-none-eabi/lib/thumb/v7-m/nofp\libc_nano.a(lib_a-nano-mallocr.o)
                0x0000000020000138                __malloc_sbrk_start
 *(COMMON)
 *fill*         0x000000002000013c        0x4 
 COMMON         0x0000000020000140      0x700 ./Core/Src/main.o
                0x0000000020000140                hspi2
                0x0000000020000198                File
                0x00000000200001ec                huart1
                0x0000000020000234                tx
                0x000000002000034c                Lfs2
                0x00000000200003c4                hrtc
                0x00000000200003d8                Nor
                0x0000000020000428                hspi1
                0x0000000020000480                huart2
                0x00000000200004c8                hpcd_USB_FS
                0x00000000200007a0                Lfs
                0x0000000020000818                Text
                0x000000002000082c                dev_id
 COMMON         0x0000000020000840        0x4 ./Drivers/STM32F1xx_HAL_Driver/Src/stm32f1xx_hal.o
                0x0000000020000840                uwTick
 COMMON         0x0000000020000844        0x9 c:/st/stm32cubeide_1.7.0/stm32cubeide/plugins/com.st.stm32cube.ide.mcu.externaltools.gnu-tools-for-stm32.9-2020-q2-update.win32_2.0.0.202105311346/tools/bin/../lib/gcc/arm-none-eabi/9.3.1/../../../../arm-none-eabi/lib/thumb/v7-m/nofp\libc_nano.a(lib_a-lock.o)
                0x0000000020000844                __lock___atexit_recursive_mutex
                0x0000000020000845                __lock___arc4random_mutex
                0x0000000020000846                __lock___env_recursive_mutex
                0x0000000020000847                __lock___sinit_recursive_mutex
                0x0000000020000848                __lock___malloc_recursive_mutex
                0x0000000020000849                __lock___at_quick_exit_mutex
                0x000000002000084a                __lock___dd_hash_mutex
                0x000000002000084b                __lock___tz_mutex
                0x000000002000084c                __lock___sfp_recursive_mutex
 *fill*         0x000000002000084d        0x3 
 COMMON         0x0000000020000850        0x4 c:/st/stm32cubeide_1.7.0/stm32cubeide/plugins/com.st.stm32cube.ide.mcu.externaltools.gnu-tools-for-stm32.9-2020-q2-update.win32_2.0.0.202105311346/tools/bin/../lib/gcc/arm-none-eabi/9.3.1/../../../../arm-none-eabi/lib/thumb/v7-m/nofp\libc_nano.a(lib_a-reent.o)
                0x0000000020000850                errno
                0x0000000020000854                . = ALIGN (0x4)
                0x0000000020000854                _ebss = .
                0x0000000020000854                __bss_end__ = _ebss

._user_heap_stack
                0x0000000020000854      0x604 load address 0x000000000800fa18
                0x0000000020000858                . = ALIGN (0x8)
 *fill*         0x0000000020000854        0x4 
                [!provide]                        PROVIDE (end = .)
                0x0000000020000858                PROVIDE (_end = .)
                0x0000000020000a58                . = (. + _Min_Heap_Size)
 *fill*         0x0000000020000858      0x200 
                0x0000000020000e58                . = (. + _Min_Stack_Size)
 *fill*         0x0000000020000a58      0x400 
                0x0000000020000e58                . = ALIGN (0x8)

/DISCARD/
 libc.a(*)
 libm.a(*)
 libgcc.a(*)

.ARM.attributes
                0x0000000000000000       0x29
 *(.ARM.attributes)
 .ARM.attributes
                0x0000000000000000       0x1d c:/st/stm32cubeide_1.7.0/stm32cubeide/plugins/com.st.stm32cube.ide.mcu.externaltools.gnu-tools-for-stm32.9-2020-q2-update.win32_2.0.0.202105311346/tools/bin/../lib/gcc/arm-none-eabi/9.3.1/thumb/v7-m/nofp/crti.o
 .ARM.attributes
                0x000000000000001d       0x2d c:/st/stm32cubeide_1.7.0/stm32cubeide/plugins/com.st.stm32cube.ide.mcu.externaltools.gnu-tools-for-stm32.9-2020-q2-update.win32_2.0.0.202105311346/tools/bin/../lib/gcc/arm-none-eabi/9.3.1/thumb/v7-m/nofp/crtbegin.o
 .ARM.attributes
                0x000000000000004a       0x2d ./Core/Src/MT25Q.o
 .ARM.attributes
                0x0000000000000077       0x2d ./Core/Src/lfs.o
 .ARM.attributes
                0x00000000000000a4       0x2d ./Core/Src/lfs_util.o
 .ARM.attributes
                0x00000000000000d1       0x2d ./Core/Src/main.o
 .ARM.attributes
                0x00000000000000fe       0x2d ./Core/Src/nor.o
 .ARM.attributes
                0x000000000000012b       0x2d ./Core/Src/nor_ids.o
 .ARM.attributes
                0x0000000000000158       0x2d ./Core/Src/stm32f1xx_hal_msp.o
 .ARM.attributes
                0x0000000000000185       0x2d ./Core/Src/stm32f1xx_it.o
 .ARM.attributes
                0x00000000000001b2       0x2d ./Core/Src/syscalls.o
 .ARM.attributes
                0x00000000000001df       0x2d ./Core/Src/sysmem.o
 .ARM.attributes
                0x000000000000020c       0x2d ./Core/Src/system_stm32f1xx.o
 .ARM.attributes
                0x0000000000000239       0x21 ./Core/Startup/startup_stm32f103c8tx.o
 .ARM.attributes
                0x000000000000025a       0x2d ./Drivers/STM32F1xx_HAL_Driver/Src/stm32f1xx_hal.o
 .ARM.attributes
                0x0000000000000287       0x2d ./Drivers/STM32F1xx_HAL_Driver/Src/stm32f1xx_hal_cortex.o
 .ARM.attributes
                0x00000000000002b4       0x2d ./Drivers/STM32F1xx_HAL_Driver/Src/stm32f1xx_hal_dma.o
 .ARM.attributes
                0x00000000000002e1       0x2d ./Drivers/STM32F1xx_HAL_Driver/Src/stm32f1xx_hal_gpio.o
 .ARM.attributes
                0x000000000000030e       0x2d ./Drivers/STM32F1xx_HAL_Driver/Src/stm32f1xx_hal_pcd.o
 .ARM.attributes
                0x000000000000033b       0x2d ./Drivers/STM32F1xx_HAL_Driver/Src/stm32f1xx_hal_pwr.o
 .ARM.attributes
                0x0000000000000368       0x2d ./Drivers/STM32F1xx_HAL_Driver/Src/stm32f1xx_hal_rcc.o
 .ARM.attributes
                0x0000000000000395       0x2d ./Drivers/STM32F1xx_HAL_Driver/Src/stm32f1xx_hal_rcc_ex.o
 .ARM.attributes
                0x00000000000003c2       0x2d ./Drivers/STM32F1xx_HAL_Driver/Src/stm32f1xx_hal_rtc.o
 .ARM.attributes
                0x00000000000003ef       0x2d ./Drivers/STM32F1xx_HAL_Driver/Src/stm32f1xx_hal_rtc_ex.o
 .ARM.attributes
                0x000000000000041c       0x2d ./Drivers/STM32F1xx_HAL_Driver/Src/stm32f1xx_hal_spi.o
 .ARM.attributes
                0x0000000000000449       0x2d ./Drivers/STM32F1xx_HAL_Driver/Src/stm32f1xx_hal_uart.o
 .ARM.attributes
                0x0000000000000476       0x2d ./Drivers/STM32F1xx_HAL_Driver/Src/stm32f1xx_ll_usb.o
 .ARM.attributes
                0x00000000000004a3       0x2d c:/st/stm32cubeide_1.7.0/stm32cubeide/plugins/com.st.stm32cube.ide.mcu.externaltools.gnu-tools-for-stm32.9-2020-q2-update.win32_2.0.0.202105311346/tools/bin/../lib/gcc/arm-none-eabi/9.3.1/../../../../arm-none-eabi/lib/thumb/v7-m/nofp\libc_nano.a(lib_a-assert.o)
 .ARM.attributes
                0x00000000000004d0       0x2d c:/st/stm32cubeide_1.7.0/stm32cubeide/plugins/com.st.stm32cube.ide.mcu.externaltools.gnu-tools-for-stm32.9-2020-q2-update.win32_2.0.0.202105311346/tools/bin/../lib/gcc/arm-none-eabi/9.3.1/../../../../arm-none-eabi/lib/thumb/v7-m/nofp\libc_nano.a(lib_a-errno.o)
 .ARM.attributes
                0x00000000000004fd       0x2d c:/st/stm32cubeide_1.7.0/stm32cubeide/plugins/com.st.stm32cube.ide.mcu.externaltools.gnu-tools-for-stm32.9-2020-q2-update.win32_2.0.0.202105311346/tools/bin/../lib/gcc/arm-none-eabi/9.3.1/../../../../arm-none-eabi/lib/thumb/v7-m/nofp\libc_nano.a(lib_a-fprintf.o)
 .ARM.attributes
                0x000000000000052a       0x2d c:/st/stm32cubeide_1.7.0/stm32cubeide/plugins/com.st.stm32cube.ide.mcu.externaltools.gnu-tools-for-stm32.9-2020-q2-update.win32_2.0.0.202105311346/tools/bin/../lib/gcc/arm-none-eabi/9.3.1/../../../../arm-none-eabi/lib/thumb/v7-m/nofp\libc_nano.a(lib_a-impure.o)
 .ARM.attributes