Archive member included to satisfy reference by file (symbol)

c:/st/stm32cubeide_1.7.0/stm32cubeide/plugins/com.st.stm32cube.ide.mcu.externaltools.gnu-tools-for-stm32.9-2020-q2-update.win32_2.0.0.202105311346/tools/bin/../lib/gcc/arm-none-eabi/9.3.1/../../../../arm-none-eabi/lib/thumb/v7-m/nofp\libc_nano.a(lib_a-assert.o)
                              ./Core/Src/lfs.o (__assert_func)
c:/st/stm32cubeide_1.7.0/stm32cubeide/plugins/com.st.stm32cube.ide.mcu.externaltools.gnu-tools-for-stm32.9-2020-q2-update.win32_2.0.0.202105311346/tools/bin/../lib/gcc/arm-none-eabi/9.3.1/../../../../arm-none-eabi/lib/thumb/v7-m/nofp\libc_nano.a(lib_a-errno.o)
                              ./Core/Src/syscalls.o (__errno)
c:/st/stm32cubeide_1.7.0/stm32cubeide/plugins/com.st.stm32cube.ide.mcu.externaltools.gnu-tools-for-stm32.9-2020-q2-update.win32_2.0.0.202105311346/tools/bin/../lib/gcc/arm-none-eabi/9.3.1/../../../../arm-none-eabi/lib/thumb/v7-m/nofp\libc_nano.a(lib_a-exit.o)
                              c:/st/stm32cubeide_1.7.0/stm32cubeide/plugins/com.st.stm32cube.ide.mcu.externaltools.gnu-tools-for-stm32.9-2020-q2-update.win32_2.0.0.202105311346/tools/bin/../lib/gcc/arm-none-eabi/9.3.1/../../../../arm-none-eabi/lib/thumb/v7-m/nofp/crt0.o (exit)
c:/st/stm32cubeide_1.7.0/stm32cubeide/plugins/com.st.stm32cube.ide.mcu.externaltools.gnu-tools-for-stm32.9-2020-q2-update.win32_2.0.0.202105311346/tools/bin/../lib/gcc/arm-none-eabi/9.3.1/../../../../arm-none-eabi/lib/thumb/v7-m/nofp\libc_nano.a(lib_a-fprintf.o)
                              c:/st/stm32cubeide_1.7.0/stm32cubeide/plugins/com.st.stm32cube.ide.mcu.externaltools.gnu-tools-for-stm32.9-2020-q2-update.win32_2.0.0.202105311346/tools/bin/../lib/gcc/arm-none-eabi/9.3.1/../../../../arm-none-eabi/lib/thumb/v7-m/nofp\libc_nano.a(lib_a-assert.o) (fiprintf)
c:/st/stm32cubeide_1.7.0/stm32cubeide/plugins/com.st.stm32cube.ide.mcu.externaltools.gnu-tools-for-stm32.9-2020-q2-update.win32_2.0.0.202105311346/tools/bin/../lib/gcc/arm-none-eabi/9.3.1/../../../../arm-none-eabi/lib/thumb/v7-m/nofp\libc_nano.a(lib_a-impure.o)
                              c:/st/stm32cubeide_1.7.0/stm32cubeide/plugins/com.st.stm32cube.ide.mcu.externaltools.gnu-tools-for-stm32.9-2020-q2-update.win32_2.0.0.202105311346/tools/bin/../lib/gcc/arm-none-eabi/9.3.1/../../../../arm-none-eabi/lib/thumb/v7-m/nofp\libc_nano.a(lib_a-exit.o) (_global_impure_ptr)
c:/st/stm32cubeide_1.7.0/stm32cubeide/plugins/com.st.stm32cube.ide.mcu.externaltools.gnu-tools-for-stm32.9-2020-q2-update.win32_2.0.0.202105311346/tools/bin/../lib/gcc/arm-none-eabi/9.3.1/../../../../arm-none-eabi/lib/thumb/v7-m/nofp\libc_nano.a(lib_a-init.o)
                              c:/st/stm32cubeide_1.7.0/stm32cubeide/plugins/com.st.stm32cube.ide.mcu.externaltools.gnu-tools-for-stm32.9-2020-q2-update.win32_2.0.0.202105311346/tools/bin/../lib/gcc/arm-none-eabi/9.3.1/../../../../arm-none-eabi/lib/thumb/v7-m/nofp/crt0.o (__libc_init_array)
c:/st/stm32cubeide_1.7.0/stm32cubeide/plugins/com.st.stm32cube.ide.mcu.externaltools.gnu-tools-for-stm32.9-2020-q2-update.win32_2.0.0.202105311346/tools/bin/../lib/gcc/arm-none-eabi/9.3.1/../../../../arm-none-eabi/lib/thumb/v7-m/nofp\libc_nano.a(lib_a-malloc.o)
                              ./Core/Src/lfs.o (malloc)
c:/st/stm32cubeide_1.7.0/stm32cubeide/plugins/com.st.stm32cube.ide.mcu.externaltools.gnu-tools-for-stm32.9-2020-q2-update.win32_2.0.0.202105311346/tools/bin/../lib/gcc/arm-none-eabi/9.3.1/../../../../arm-none-eabi/lib/thumb/v7-m/nofp\libc_nano.a(lib_a-memcmp.o)
                              ./Core/Src/lfs.o (memcmp)
c:/st/stm32cubeide_1.7.0/stm32cubeide/plugins/com.st.stm32cube.ide.mcu.externaltools.gnu-tools-for-stm32.9-2020-q2-update.win32_2.0.0.202105311346/tools/bin/../lib/gcc/arm-none-eabi/9.3.1/../../../../arm-none-eabi/lib/thumb/v7-m/nofp\libc_nano.a(lib_a-memcpy-stub.o)
                              ./Core/Src/lfs.o (memcpy)
c:/st/stm32cubeide_1.7.0/stm32cubeide/plugins/com.st.stm32cube.ide.mcu.externaltools.gnu-tools-for-stm32.9-2020-q2-update.win32_2.0.0.202105311346/tools/bin/../lib/gcc/arm-none-eabi/9.3.1/../../../../arm-none-eabi/lib/thumb/v7-m/nofp\libc_nano.a(lib_a-memset.o)
                              c:/st/stm32cubeide_1.7.0/stm32cubeide/plugins/com.st.stm32cube.ide.mcu.externaltools.gnu-tools-for-stm32.9-2020-q2-update.win32_2.0.0.202105311346/tools/bin/../lib/gcc/arm-none-eabi/9.3.1/../../../../arm-none-eabi/lib/thumb/v7-m/nofp/crt0.o (memset)
c:/st/stm32cubeide_1.7.0/stm32cubeide/plugins/com.st.stm32cube.ide.mcu.externaltools.gnu-tools-for-stm32.9-2020-q2-update.win32_2.0.0.202105311346/tools/bin/../lib/gcc/arm-none-eabi/9.3.1/../../../../arm-none-eabi/lib/thumb/v7-m/nofp\libc_nano.a(lib_a-nano-freer.o)
[...]
Memory Configuration

Name             Origin             Length             Attributes
RAM              0x0000000020000000 0x0000000000005000 xrw
FLASH            0x0000000008000000 0x0000000000011400 xr
*default*        0x0000000000000000 0xffffffffffffffff

Linker script and memory map

LOAD c:/st/stm32cubeide_1.7.0/stm32cubeide/plugins/com.st.stm32cube.ide.mcu.externaltools.gnu-tools-for-stm32.9-2020-q2-update.win32_2.0.0.202105311346/tools/bin/../lib/gcc/arm-none-eabi/9.3.1/thumb/v7-m/nofp/crti.o
LOAD c:/st/stm32cubeide_1.7.0/stm32cubeide/plugins/com.st.stm32cube.ide.mcu.externaltools.gnu-tools-for-stm32.9-2020-q2-update.win32_2.0.0.202105311346/tools/bin/../lib/gcc/arm-none-eabi/9.3.1/thumb/v7-m/nofp/crtbegin.o
LOAD c:/st/stm32cubeide_1.7.0/stm32cubeide/plugins/com.st.stm32cube.ide.mcu.externaltools.gnu-tools-for-stm32.9-2020-q2-update.win32_2.0.0.202105311346/tools/bin/../lib/gcc/arm-none-eabi/9.3.1/../../../../arm-none-eabi/lib/thumb/v7-m/nofp/crt0.o
LOAD ./Core/Src/MT25Q.o
LOAD ./Core/Src/RM3100QUAD.o
LOAD ./Core/Src/lfs.o
LOAD ./Core/Src/lfs_port.o
LOAD ./Core/Src/lfs_port_ai.o
LOAD ./Core/Src/lfs_util.o
LOAD ./Core/Src/littlefs_driver.o
LOAD ./Core/Src/main.o
LOAD ./Core/Src/main_original.o
LOAD ./Core/Src/nor.o
LOAD ./Core/Src/nor_ids.o
LOAD ./Core/Src/stm32f1xx_hal_msp.o
LOAD ./Core/Src/stm32f1xx_it.o
LOAD ./Core/Src/syscalls.o
LOAD ./Core/Src/sysmem.o
LOAD ./Core/Src/system_stm32f1xx.o
LOAD ./Core/Startup/startup_stm32f103c8tx.o
LOAD ./Drivers/STM32F1xx_HAL_Driver/Src/stm32f1xx_hal.o
LOAD ./Drivers/STM32F1xx_HAL_Driver/Src/stm32f1xx_hal_cortex.o
LOAD ./Drivers/STM32F1xx_HAL_Driver/Src/stm32f1xx_hal_dma.o
LOAD ./Drivers/STM32F1xx_HAL_Driver/Src/stm32f1xx_hal_exti.o
LOAD ./Drivers/STM32F1xx_HAL_Driver/Src/stm32f1xx_hal_flash.o
LOAD ./Drivers/STM32F1xx_HAL_Driver/Src/stm32f1xx_hal_flash_ex.o
LOAD ./Drivers/STM32F1xx_HAL_Driver/Src/stm32f1xx_hal_gpio.o
LOAD ./Drivers/STM32F1xx_HAL_Driver/Src/stm32f1xx_hal_gpio_ex.o
LOAD ./Drivers/STM32F1xx_HAL_Driver/Src/stm32f1xx_hal_pcd.o
LOAD ./Drivers/STM32F1xx_HAL_Driver/Src/stm32f1xx_hal_pcd_ex.o
LOAD ./Drivers/STM32F1xx_HAL_Driver/Src/stm32f1xx_hal_pwr.o
LOAD ./Drivers/STM32F1xx_HAL_Driver/Src/stm32f1xx_hal_rcc.o
LOAD ./Drivers/STM32F1xx_HAL_Driver/Src/stm32f1xx_hal_rcc_ex.o
LOAD ./Drivers/STM32F1xx_HAL_Driver/Src/stm32f1xx_hal_rtc.o
LOAD ./Drivers/STM32F1xx_HAL_Driver/Src/stm32f1xx_hal_rtc_ex.o
LOAD ./Drivers/STM32F1xx_HAL_Driver/Src/stm32f1xx_hal_spi.o
LOAD ./Drivers/STM32F1xx_HAL_Driver/Src/stm32f1xx_hal_tim.o
LOAD ./Drivers/STM32F1xx_HAL_Driver/Src/stm32f1xx_hal_tim_ex.o
LOAD ./Drivers/STM32F1xx_HAL_Driver/Src/stm32f1xx_hal_uart.o
LOAD ./Drivers/STM32F1xx_HAL_Driver/Src/stm32f1xx_ll_usb.o
START GROUP
LOAD c:/st/stm32cubeide_1.7.0/stm32cubeide/plugins/com.st.stm32cube.ide.mcu.externaltools.gnu-tools-for-stm32.9-2020-q2-update.win32_2.0.0.202105311346/tools/bin/../lib/gcc/arm-none-eabi/9.3.1/../../../../arm-none-eabi/lib/thumb/v7-m/nofp\libc_nano.a
LOAD c:/st/stm32cubeide_1.7.0/stm32cubeide/plugins/com.st.stm32cube.ide.mcu.externaltools.gnu-tools-for-stm32.9-2020-q2-update.win32_2.0.0.202105311346/tools/bin/../lib/gcc/arm-none-eabi/9.3.1/../../../../arm-none-eabi/lib/thumb/v7-m/nofp\libm.a
END GROUP
START GROUP
LOAD c:/st/stm32cubeide_1.7.0/stm32cubeide/plugins/com.st.stm32cube.ide.mcu.externaltools.gnu-tools-for-stm32.9-2020-q2-update.win32_2.0.0.202105311346/tools/bin/../lib/gcc/arm-none-eabi/9.3.1/thumb/v7-m/nofp\libgcc.a
LOAD c:/st/stm32cubeide_1.7.0/stm32cubeide/plugins/com.st.stm32cube.ide.mcu.externaltools.gnu-tools-for-stm32.9-2020-q2-update.win32_2.0.0.202105311346/tools/bin/../lib/gcc/arm-none-eabi/9.3.1/../../../../arm-none-eabi/lib/thumb/v7-m/nofp\libc_nano.a
END GROUP
START GROUP
LOAD c:/st/stm32cubeide_1.7.0/stm32cubeide/plugins/com.st.stm32cube.ide.mcu.externaltools.gnu-tools-for-stm32.9-2020-q2-update.win32_2.0.0.202105311346/tools/bin/../lib/gcc/arm-none-eabi/9.3.1/thumb/v7-m/nofp\libgcc.a
LOAD c:/st/stm32cubeide_1.7.0/stm32cubeide/plugins/com.st.stm32cube.ide.mcu.externaltools.gnu-tools-for-stm32.9-2020-q2-update.win32_2.0.0.202105311346/tools/bin/../lib/gcc/arm-none-eabi/9.3.1/../../../../arm-none-eabi/lib/thumb/v7-m/nofp\libc_nano.a
LOAD c:/st/stm32cubeide_1.7.0/stm32cubeide/plugins/com.st.stm32cube.ide.mcu.externaltools.gnu-tools-for-stm32.9-2020-q2-update.win32_2.0.0.202105311346/tools/bin/../lib/gcc/arm-none-eabi/9.3.1/../../../../arm-none-eabi/lib/thumb/v7-m/nofp\libnosys.a
END GROUP
START GROUP
LOAD c:/st/stm32cubeide_1.7.0/stm32cubeide/plugins/com.st.stm32cube.ide.mcu.externaltools.gnu-tools-for-stm32.9-2020-q2-update.win32_2.0.0.202105311346/tools/bin/../lib/gcc/arm-none-eabi/9.3.1/thumb/v7-m/nofp\libgcc.a
LOAD c:/st/stm32cubeide_1.7.0/stm32cubeide/plugins/com.st.stm32cube.ide.mcu.externaltools.gnu-tools-for-stm32.9-2020-q2-update.win32_2.0.0.202105311346/tools/bin/../lib/gcc/arm-none-eabi/9.3.1/../../../../arm-none-eabi/lib/thumb/v7-m/nofp\libc_nano.a
LOAD c:/st/stm32cubeide_1.7.0/stm32cubeide/plugins/com.st.stm32cube.ide.mcu.externaltools.gnu-tools-for-stm32.9-2020-q2-update.win32_2.0.0.202105311346/tools/bin/../lib/gcc/arm-none-eabi/9.3.1/../../../../arm-none-eabi/lib/thumb/v7-m/nofp\libnosys.a
END GROUP
LOAD c:/st/stm32cubeide_1.7.0/stm32cubeide/plugins/com.st.stm32cube.ide.mcu.externaltools.gnu-tools-for-stm32.9-2020-q2-update.win32_2.0.0.202105311346/tools/bin/../lib/gcc/arm-none-eabi/9.3.1/thumb/v7-m/nofp/crtend.o
LOAD c:/st/stm32cubeide_1.7.0/stm32cubeide/plugins/com.st.stm32cube.ide.mcu.externaltools.gnu-tools-for-stm32.9-2020-q2-update.win32_2.0.0.202105311346/tools/bin/../lib/gcc/arm-none-eabi/9.3.1/thumb/v7-m/nofp/crtn.o
                0x0000000020005000                _estack = (ORIGIN (RAM) + LENGTH (RAM))
                0x0000000000000200                _Min_Heap_Size = 0x200
                0x0000000000000400                _Min_Stack_Size = 0x400

.isr_vector     0x0000000008000000      0x10c
                0x0000000008000000                . = ALIGN (0x4)
 *(.isr_vector)
 .isr_vector    0x0000000008000000      0x10c ./Core/Startup/startup_stm32f103c8tx.o
                0x0000000008000000                g_pfnVectors
                0x000000000800010c                . = ALIGN (0x4)

.text           0x000000000800010c     0xe7ec
                0x000000000800010c                . = ALIGN (0x4)
 *(.text)
 .text          0x000000000800010c       0x40 c:/st/stm32cubeide_1.7.0/stm32cubeide/plugins/com.st.stm32cube.ide.mcu.externaltools.gnu-tools-for-stm32.9-2020-q2-update.win32_2.0.0.202105311346/tools/bin/../lib/gcc/arm-none-eabi/9.3.1/thumb/v7-m/nofp/crtbegin.o
 .text          0x000000000800014c       0x14 c:/st/stm32cubeide_1.7.0/stm32cubeide/plugins/com.st.stm32cube.ide.mcu.externaltools.gnu-tools-for-stm32.9-2020-q2-update.win32_2.0.0.202105311346/tools/bin/../lib/gcc/arm-none-eabi/9.3.1/../../../../arm-none-eabi/lib/thumb/v7-m/nofp\libc_nano.a(lib_a-strcmp.o)
                0x000000000800014c                strcmp
 .text          0x0000000008000160       0x10 c:/st/stm32cubeide_1.7.0/stm32cubeide/plugins/com.st.stm32cube.ide.mcu.externaltools.gnu-tools-for-stm32.9-2020-q2-update.win32_2.0.0.202105311346/tools/bin/../lib/gcc/arm-none-eabi/9.3.1/../../../../arm-none-eabi/lib/thumb/v7-m/nofp\libc_nano.a(lib_a-strlen.o)
                0x0000000008000160                strlen
 .text          0x0000000008000170       0x28 c:/st/stm32cubeide_1.7.0/stm32cubeide/plugins/com.st.stm32cube.ide.mcu.externaltools.gnu-tools-for-stm32.9-2020-q2-update.win32_2.0.0.202105311346/tools/bin/../lib/gcc/arm-none-eabi/9.3.1/thumb/v7-m/nofp\libgcc.a(_popcountsi2.o)
                0x0000000008000170                __popcountsi2
 *(.text*)
 .text.lfs_max  0x0000000008000198       0x1e ./Core/Src/lfs.o
 .text.lfs_min  0x00000000080001b6       0x1e ./Core/Src/lfs.o
 .text.lfs_aligndown
                0x00000000080001d4       0x28 ./Core/Src/lfs.o
 .text.lfs_alignup
                0x00000000080001fc       0x24 ./Core/Src/lfs.o
 .text.lfs_npw2
                0x0000000008000220       0x1e ./Core/Src/lfs.o
 .text.lfs_ctz  0x000000000800023e       0x1c ./Core/Src/lfs.o
 .text.lfs_popc
                0x000000000800025a       0x18 ./Core/Src/lfs.o
 .text.lfs_scmp
                0x0000000008000272       0x1a ./Core/Src/lfs.o
 .text.lfs_fromle32
                0x000000000800028c       0x14 ./Core/Src/lfs.o
 .text.lfs_tole32
                0x00000000080002a0       0x18 ./Core/Src/lfs.o
 .text.lfs_frombe32
                0x00000000080002b8       0x16 ./Core/Src/lfs.o
 .text.lfs_tobe32
                0x00000000080002ce       0x18 ./Core/Src/lfs.o
 .text.lfs_malloc
                0x00000000080002e6       0x18 ./Core/Src/lfs.o
 .text.lfs_free
                0x00000000080002fe       0x16 ./Core/Src/lfs.o
 .text.lfs_cache_drop
                0x0000000008000314       0x1c ./Core/Src/lfs.o
 .text.lfs_cache_zero
                0x0000000008000330       0x2c ./Core/Src/lfs.o
 .text.lfs_bd_read
                0x000000000800035c      0x288 ./Core/Src/lfs.o
 .text.lfs_bd_cmp
                0x00000000080005e4       0xa2 ./Core/Src/lfs.o
 *fill*         0x0000000008000686        0x2 
 .text.lfs_bd_flush
                0x0000000008000688       0xf8 ./Core/Src/lfs.o
 .text.lfs_bd_sync
                0x0000000008000780       0x68 ./Core/Src/lfs.o
 .text.lfs_bd_prog
                0x00000000080007e8      0x158 ./Core/Src/lfs.o
 .text.lfs_bd_erase
                0x0000000008000940       0x64 ./Core/Src/lfs.o
 .text.lfs_pair_swap
                0x00000000080009a4       0x28 ./Core/Src/lfs.o
 .text.lfs_pair_isnull
                0x00000000080009cc       0x34 ./Core/Src/lfs.o
 .text.lfs_pair_cmp
                0x0000000008000a00       0x52 ./Core/Src/lfs.o
 .text.lfs_pair_sync
                0x0000000008000a52       0x58 ./Core/Src/lfs.o
 .text.lfs_pair_fromle32
                0x0000000008000aaa       0x34 ./Core/Src/lfs.o
 .text.lfs_pair_tole32
                0x0000000008000ade       0x34 ./Core/Src/lfs.o
 .text.lfs_tag_isvalid
                0x0000000008000b12       0x1a ./Core/Src/lfs.o
 .text.lfs_tag_isdelete
                0x0000000008000b2c       0x24 ./Core/Src/lfs.o
 .text.lfs_tag_type1
                0x0000000008000b50       0x1e ./Core/Src/lfs.o
 .text.lfs_tag_type3
                0x0000000008000b6e       0x1e ./Core/Src/lfs.o
 .text.lfs_tag_chunk
                0x0000000008000b8c       0x18 ./Core/Src/lfs.o
 .text.lfs_tag_splice
                0x0000000008000ba4       0x1a ./Core/Src/lfs.o
 .text.lfs_tag_id
                0x0000000008000bbe       0x1e ./Core/Src/lfs.o
 .text.lfs_tag_size
                0x0000000008000bdc       0x18 ./Core/Src/lfs.o
 .text.lfs_tag_dsize
                0x0000000008000bf4       0x28 ./Core/Src/lfs.o
 .text.lfs_gstate_xor
                0x0000000008000c1c       0x48 ./Core/Src/lfs.o
 .text.lfs_gstate_iszero
                0x0000000008000c64       0x38 ./Core/Src/lfs.o
 .text.lfs_gstate_hasorphans
                0x0000000008000c9c       0x26 ./Core/Src/lfs.o
 .text.lfs_gstate_getorphans
                0x0000000008000cc2       0x1e ./Core/Src/lfs.o
 .text.lfs_gstate_hasmove
                0x0000000008000ce0       0x26 ./Core/Src/lfs.o
 .text.lfs_gstate_hasmovehere
                0x0000000008000d06       0x40 ./Core/Src/lfs.o
 .text.lfs_gstate_fromle32
                0x0000000008000d46       0x40 ./Core/Src/lfs.o
 .text.lfs_gstate_tole32
                0x0000000008000d86       0x40 ./Core/Src/lfs.o
 .text.lfs_ctz_fromle32
                0x0000000008000dc6       0x30 ./Core/Src/lfs.o
 .text.lfs_ctz_tole32
                0x0000000008000df6       0x30 ./Core/Src/lfs.o
 .text.lfs_superblock_fromle32
                0x0000000008000e26       0x70 ./Core/Src/lfs.o
 .text.lfs_superblock_tole32
                0x0000000008000e96       0x70 ./Core/Src/lfs.o
 .text.lfs_mlist_isopen
                0x0000000008000f06       0x38 ./Core/Src/lfs.o
 .text.lfs_mlist_remove
                0x0000000008000f3e       0x42 ./Core/Src/lfs.o
 .text.lfs_mlist_append
                0x0000000008000f80       0x22 ./Core/Src/lfs.o
 .text.lfs_alloc_lookahead
                0x0000000008000fa2       0x6c ./Core/Src/lfs.o
 .text.lfs_alloc_ack
                0x000000000800100e       0x1c ./Core/Src/lfs.o
 .text.lfs_alloc_drop
                0x000000000800102a       0x22 ./Core/Src/lfs.o
 .text.lfs_alloc
                0x000000000800104c      0x168 ./Core/Src/lfs.o
 .text.lfs_dir_getslice
                0x00000000080011b4      0x1cc ./Core/Src/lfs.o
 .text.lfs_dir_get
                0x0000000008001380       0x36 ./Core/Src/lfs.o
 .text.lfs_dir_getread
                0x00000000080013b6      0x1b6 ./Core/Src/lfs.o
 .text.lfs_dir_traverse_filter
                0x000000000800156c       0xb8 ./Core/Src/lfs.o
 .text.lfs_dir_traverse
                0x0000000008001624      0x814 ./Core/Src/lfs.o
 .text.lfs_dir_fetchmatch
                0x0000000008001e38      0x6e8 ./Core/Src/lfs.o
 .text.lfs_dir_fetch
                0x0000000008002520       0x36 ./Core/Src/lfs.o
 *fill*         0x0000000008002556        0x2 
 .text.lfs_dir_getgstate
                0x0000000008002558       0x64 ./Core/Src/lfs.o
 .text.lfs_dir_getinfo
                0x00000000080025bc       0xf4 ./Core/Src/lfs.o
 .text.lfs_dir_find_match
                0x00000000080026b0       0x92 ./Core/Src/lfs.o
 *fill*         0x0000000008002742        0x2 
 .text.lfs_dir_find
                0x0000000008002744      0x1f4 ./Core/Src/lfs.o
 .text.lfs_dir_commitprog
                0x0000000008002938       0x6c ./Core/Src/lfs.o
 .text.lfs_dir_commitattr
                0x00000000080029a4      0x100 ./Core/Src/lfs.o
 .text.lfs_dir_commitcrc
                0x0000000008002aa4      0x278 ./Core/Src/lfs.o
 .text.lfs_dir_alloc
                0x0000000008002d1c       0xf2 ./Core/Src/lfs.o
 .text.lfs_dir_split
                0x0000000008002e0e       0xa8 ./Core/Src/lfs.o
 .text.lfs_dir_commit_size
                0x0000000008002eb6       0x2c ./Core/Src/lfs.o
 .text.lfs_dir_commit_commit
                0x0000000008002ee2       0x2a ./Core/Src/lfs.o
 .text.lfs_dir_needsrelocation
                0x0000000008002f0c       0x4a ./Core/Src/lfs.o
 *fill*         0x0000000008002f56        0x2 
 .text.lfs_dir_compact
                0x0000000008002f58      0x3ec ./Core/Src/lfs.o
 .text.lfs_dir_splittingcompact
                0x0000000008003344      0x230 ./Core/Src/lfs.o
 .text.lfs_dir_relocatingcommit
                0x0000000008003574      0x568 ./Core/Src/lfs.o
 .text.lfs_dir_orphaningcommit
                0x0000000008003adc      0x5f4 ./Core/Src/lfs.o
 .text.lfs_dir_commit
                0x00000000080040d0       0x4a ./Core/Src/lfs.o
 *fill*         0x000000000800411a        0x2 
 .text.lfs_dir_rawopen
                0x000000000800411c       0xf4 ./Core/Src/lfs.o
 .text.lfs_dir_rawclose
                0x0000000008004210       0x1c ./Core/Src/lfs.o
 .text.lfs_dir_rawread
                0x000000000800422c      0x108 ./Core/Src/lfs.o
 .text.lfs_ctz_index
                0x0000000008004334       0x70 ./Core/Src/lfs.o
 .text.lfs_ctz_find
                0x00000000080043a4       0xd6 ./Core/Src/lfs.o
 *fill*         0x000000000800447a        0x2 
 .text.lfs_ctz_extend
                0x000000000800447c      0x210 ./Core/Src/lfs.o
 .text.lfs_ctz_traverse
                0x000000000800468c       0xfc ./Core/Src/lfs.o
 .text.lfs_file_rawopencfg
                0x0000000008004788      0x3a0 ./Core/Src/lfs.o
 .text.lfs_file_rawopen
                0x0000000008004b28       0x30 ./Core/Src/lfs.o
 .text.lfs_file_rawclose
                0x0000000008004b58       0x3a ./Core/Src/lfs.o
 *fill*         0x0000000008004b92        0x2 
 .text.lfs_file_relocate
                0x0000000008004b94      0x1b4 ./Core/Src/lfs.o
 .text.lfs_file_outline
                0x0000000008004d48       0x42 ./Core/Src/lfs.o
 *fill*         0x0000000008004d8a        0x2 
 .text.lfs_file_flush
                0x0000000008004d8c      0x1a8 ./Core/Src/lfs.o
 .text.lfs_file_rawsync
                0x0000000008004f34      0x118 ./Core/Src/lfs.o
 .text.lfs_file_flushedread
                0x000000000800504c      0x1a4 ./Core/Src/lfs.o
 .text.lfs_file_flushedwrite
                0x00000000080051f0      0x24e ./Core/Src/lfs.o
 *fill*         0x000000000800543e        0x2 
 .text.lfs_file_rawwrite
                0x0000000008005440      0x108 ./Core/Src/lfs.o
 .text.lfs_init
                0x0000000008005548      0x370 ./Core/Src/lfs.o
 .text.lfs_deinit
                0x00000000080058b8       0x4e ./Core/Src/lfs.o
 *fill*         0x0000000008005906        0x2 
 .text.lfs_rawformat
                0x0000000008005908      0x140 ./Core/Src/lfs.o
 .text.lfs_rawmount
                0x0000000008005a48      0x358 ./Core/Src/lfs.o
 .text.lfs_rawunmount
                0x0000000008005da0       0x18 ./Core/Src/lfs.o
 .text.lfs_fs_rawtraverse
                0x0000000008005db8      0x250 ./Core/Src/lfs.o
 .text.lfs_fs_pred
                0x0000000008006008       0x8a ./Core/Src/lfs.o
 .text.lfs_fs_parent_match
                0x0000000008006092       0x84 ./Core/Src/lfs.o
 *fill*         0x0000000008006116        0x2 
 .text.lfs_fs_parent
                0x0000000008006118       0xac ./Core/Src/lfs.o
 .text.lfs_fs_preporphans
                0x00000000080061c4       0x74 ./Core/Src/lfs.o
 .text.lfs_fs_prepmove
                0x0000000008006238       0x74 ./Core/Src/lfs.o
 .text.lfs_fs_demove
                0x00000000080062ac       0xcc ./Core/Src/lfs.o
 .text.lfs_fs_deorphan
                0x0000000008006378      0x348 ./Core/Src/lfs.o
 .text.lfs_fs_forceconsistency
                0x00000000080066c0       0x38 ./Core/Src/lfs.o
 .text.lfs_fs_size_count
                0x00000000080066f8       0x24 ./Core/Src/lfs.o
 .text.lfs_fs_rawsize
                0x000000000800671c       0x34 ./Core/Src/lfs.o
 .text.lfs_format
                0x0000000008006750       0x2c ./Core/Src/lfs.o
                0x0000000008006750                lfs_format
 .text.lfs_mount
                0x000000000800677c       0x2c ./Core/Src/lfs.o
                0x000000000800677c                lfs_mount
 .text.lfs_unmount
                0x00000000080067a8       0x28 ./Core/Src/lfs.o
                0x00000000080067a8                lfs_unmount
 .text.lfs_file_open
                0x00000000080067d0       0x68 ./Core/Src/lfs.o
                0x00000000080067d0                lfs_file_open
 .text.lfs_file_close
                0x0000000008006838       0x58 ./Core/Src/lfs.o
                0x0000000008006838                lfs_file_close
 .text.lfs_file_write
                0x0000000008006890       0x60 ./Core/Src/lfs.o
                0x0000000008006890                lfs_file_write
 .text.lfs_dir_open
                0x00000000080068f0       0x64 ./Core/Src/lfs.o
                0x00000000080068f0                lfs_dir_open
 .text.lfs_dir_close
                0x0000000008006954       0x2c ./Core/Src/lfs.o
                0x0000000008006954                lfs_dir_close
 .text.lfs_dir_read
                0x0000000008006980       0x30 ./Core/Src/lfs.o
                0x0000000008006980                lfs_dir_read
 .text.lfs_crc  0x00000000080069b0       0x78 ./Core/Src/lfs_util.o
                0x00000000080069b0                lfs_crc
 .text.nor_delay_us
                0x0000000008006a28       0x18 ./Core/Src/littlefs_driver.o
                0x0000000008006a28                nor_delay_us
 .text.nor_cs_assert
                0x0000000008006a40       0x18 ./Core/Src/littlefs_driver.o
                0x0000000008006a40                nor_cs_assert
 .text.nor_cs_deassert
                0x0000000008006a58       0x18 ./Core/Src/littlefs_driver.o
                0x0000000008006a58                nor_cs_deassert
 .text.nor_spi_tx
                0x0000000008006a70       0x30 ./Core/Src/littlefs_driver.o
                0x0000000008006a70                nor_spi_tx
 .text.nor_spi_rx
                0x0000000008006aa0       0x30 ./Core/Src/littlefs_driver.o
                0x0000000008006aa0                nor_spi_rx
 .text.__init_nor
                0x0000000008006ad0       0x50 ./Core/Src/littlefs_driver.o
                0x0000000008006ad0                __init_nor
 .text._fs_read
                0x0000000008006b20       0x38 ./Core/Src/littlefs_driver.o
                0x0000000008006b20                _fs_read
 .text._fs_write
                0x0000000008006b58       0x38 ./Core/Src/littlefs_driver.o
                0x0000000008006b58                _fs_write
 .text._fs_erase
                0x0000000008006b90       0x2c ./Core/Src/littlefs_driver.o
                0x0000000008006b90                _fs_erase
 .text._fs_sync
                0x0000000008006bbc       0x14 ./Core/Src/littlefs_driver.o
                0x0000000008006bbc                _fs_sync
 .text.__init_littefs
                0x0000000008006bd0      0x120 ./Core/Src/littlefs_driver.o
                0x0000000008006bd0                __init_littefs
 .text.count_files_in_directory
                0x0000000008006cf0       0xac ./Core/Src/littlefs_driver.o
                0x0000000008006cf0                count_files_in_directory
 .text.list_directories_with_file_count
                0x0000000008006d9c      0x138 ./Core/Src/littlefs_driver.o
                0x0000000008006d9c                list_directories_with_file_count
 .text.__init_storage
                0x0000000008006ed4       0x10 ./Core/Src/littlefs_driver.o
                0x0000000008006ed4                __init_storage
 .text.write_to_file
                0x0000000008006ee4       0x54 ./Core/Src/littlefs_driver.o
                0x0000000008006ee4                write_to_file
 .text.main     0x0000000008006f38       0xd4 ./Core/Src/main.o
                0x0000000008006f38                main
 .text.SystemClock_Config
                0x000000000800700c       0xc0 ./Core/Src/main.o
                0x000000000800700c                SystemClock_Config
 .text.MX_RTC_Init
                0x00000000080070cc       0x38 ./Core/Src/main.o
 .text.MX_SPI1_Init
                0x0000000008007104       0x6c ./Core/Src/main.o
 .text.MX_SPI2_Init
                0x0000000008007170       0x6c ./Core/Src/main.o
 .text.MX_USART1_UART_Init
                0x00000000080071dc       0x54 ./Core/Src/main.o
 .text.MX_USART2_UART_Init
                0x0000000008007230       0x54 ./Core/Src/main.o
 .text.MX_USB_PCD_Init
                0x0000000008007284       0x44 ./Core/Src/main.o
 .text.MX_GPIO_Init
                0x00000000080072c8       0xc4 ./Core/Src/main.o
 .text.Error_Handler
                0x000000000800738c        0xa ./Core/Src/main.o
                0x000000000800738c                Error_Handler
 *fill*         0x0000000008007396        0x2 
 .text.Read_ID  0x0000000008007398       0x8c ./Core/Src/nor.o
                0x0000000008007398                Read_ID
 .text._nor_cs_assert
                0x0000000008007424       0x16 ./Core/Src/nor.o
 .text._nor_cs_deassert
                0x000000000800743a       0x16 ./Core/Src/nor.o
 .text._nor_spi_tx
                0x0000000008007450       0x1e ./Core/Src/nor.o
 .text._nor_spi_rx
                0x000000000800746e       0x1e ./Core/Src/nor.o
 .text._nor_delay_us
                0x000000000800748c       0x1a ./Core/Src/nor.o
 .text._nor_ReadID
                0x00000000080074a6       0x42 ./Core/Src/nor.o
 .text._nor_ReadUniqID
                0x00000000080074e8       0x62 ./Core/Src/nor.o
 .text._nor_WriteEnable
                0x000000000800754a       0x2e ./Core/Src/nor.o
 .text._nor_ReadStatusRegister
                0x0000000008007578       0x84 ./Core/Src/nor.o
                0x0000000008007578                _nor_ReadStatusRegister
 .text._nor_WaitForWriteEnd
                0x00000000080075fc       0x78 ./Core/Src/nor.o
                0x00000000080075fc                _nor_WaitForWriteEnd
 .text.NOR_Init
                0x0000000008007674      0x17c ./Core/Src/nor.o
                0x0000000008007674                NOR_Init
 .text.NOR_EraseAddress
                0x00000000080077f0       0xb4 ./Core/Src/nor.o
                0x00000000080077f0                NOR_EraseAddress
 .text.NOR_EraseSector
                0x00000000080078a4       0x48 ./Core/Src/nor.o
                0x00000000080078a4                NOR_EraseSector
 .text.NOR_WriteBytes
                0x00000000080078ec       0xe0 ./Core/Src/nor.o
                0x00000000080078ec                NOR_WriteBytes
 .text.NOR_WriteSector
                0x00000000080079cc       0x70 ./Core/Src/nor.o
                0x00000000080079cc                NOR_WriteSector
 .text.NOR_ReadBytes
                0x0000000008007a3c       0xdc ./Core/Src/nor.o
                0x0000000008007a3c                NOR_ReadBytes
 .text.NOR_ReadSector
                0x0000000008007b18       0x70 ./Core/Src/nor.o
                0x0000000008007b18                NOR_ReadSector
 .text.NOR_IDS_Interpret_Manufacturer
                0x0000000008007b88       0x16 ./Core/Src/nor_ids.o
                0x0000000008007b88                NOR_IDS_Interpret_Manufacturer
 .text.NOR_IDS_Interpret_Model
                0x0000000008007b9e       0x48 ./Core/Src/nor_ids.o
                0x0000000008007b9e                NOR_IDS_Interpret_Model
 .text.NOR_IDS_GetQtdBlocks
                0x0000000008007be6       0x60 ./Core/Src/nor_ids.o
                0x0000000008007be6                NOR_IDS_GetQtdBlocks
 *fill*         0x0000000008007c46        0x2 
 .text.HAL_MspInit
                0x0000000008007c48       0x64 ./Core/Src/stm32f1xx_hal_msp.o
                0x0000000008007c48                HAL_MspInit
 .text.HAL_RTC_MspInit
                0x0000000008007cac       0x58 ./Core/Src/stm32f1xx_hal_msp.o
                0x0000000008007cac                HAL_RTC_MspInit
 .text.HAL_SPI_MspInit
                0x0000000008007d04      0x12c ./Core/Src/stm32f1xx_hal_msp.o
                0x0000000008007d04                HAL_SPI_MspInit
 .text.HAL_UART_MspInit
                0x0000000008007e30      0x108 ./Core/Src/stm32f1xx_hal_msp.o
                0x0000000008007e30                HAL_UART_MspInit
 .text.HAL_PCD_MspInit
                0x0000000008007f38       0x5c ./Core/Src/stm32f1xx_hal_msp.o
                0x0000000008007f38                HAL_PCD_MspInit
 .text.NMI_Handler
                0x0000000008007f94        0x6 ./Core/Src/stm32f1xx_it.o
                0x0000000008007f94                NMI_Handler
 .text.HardFault_Handler
                0x0000000008007f9a        0x6 ./Core/Src/stm32f1xx_it.o
                0x0000000008007f9a                HardFault_Handler
 .text.MemManage_Handler
                0x0000000008007fa0        0x6 ./Core/Src/stm32f1xx_it.o
                0x0000000008007fa0                MemManage_Handler
 .text.BusFault_Handler
                0x0000000008007fa6        0x6 ./Core/Src/stm32f1xx_it.o
                0x0000000008007fa6                BusFault_Handler
 .text.UsageFault_Handler
                0x0000000008007fac        0x6 ./Core/Src/stm32f1xx_it.o
                0x0000000008007fac                UsageFault_Handler
 .text.SVC_Handler
                0x0000000008007fb2        0xc ./Core/Src/stm32f1xx_it.o
                0x0000000008007fb2                SVC_Handler
 .text.DebugMon_Handler
                0x0000000008007fbe        0xc ./Core/Src/stm32f1xx_it.o
                0x0000000008007fbe                DebugMon_Handler
 .text.PendSV_Handler
                0x0000000008007fca        0xc ./Core/Src/stm32f1xx_it.o
                0x0000000008007fca                PendSV_Handler
 .text.SysTick_Handler
                0x0000000008007fd6        0xc ./Core/Src/stm32f1xx_it.o
                0x0000000008007fd6                SysTick_Handler
 *fill*         0x0000000008007fe2        0x2 
 .text.RTC_IRQHandler
                0x0000000008007fe4       0x14 ./Core/Src/stm32f1xx_it.o
                0x0000000008007fe4                RTC_IRQHandler
 .text.USB_HP_CAN1_TX_IRQHandler
                0x0000000008007ff8       0x14 ./Core/Src/stm32f1xx_it.o
                0x0000000008007ff8                USB_HP_CAN1_TX_IRQHandler
 .text.USB_LP_CAN1_RX0_IRQHandler
                0x000000000800800c       0x14 ./Core/Src/stm32f1xx_it.o
                0x000000000800800c                USB_LP_CAN1_RX0_IRQHandler
 .text.SPI1_IRQHandler
                0x0000000008008020       0x14 ./Core/Src/stm32f1xx_it.o
                0x0000000008008020                SPI1_IRQHandler
 .text.SPI2_IRQHandler
                0x0000000008008034       0x14 ./Core/Src/stm32f1xx_it.o
                0x0000000008008034                SPI2_IRQHandler
 .text._getpid  0x0000000008008048        0xe ./Core/Src/syscalls.o
                0x0000000008008048                _getpid
 .text._kill    0x0000000008008056       0x20 ./Core/Src/syscalls.o
                0x0000000008008056                _kill
 .text._exit    0x0000000008008076       0x14 ./Core/Src/syscalls.o
                0x0000000008008076                _exit
 .text._read    0x000000000800808a       0x3a ./Core/Src/syscalls.o
                0x000000000800808a                _read
 .text._write   0x00000000080080c4       0x38 ./Core/Src/syscalls.o
                0x00000000080080c4                _write
 .text._close   0x00000000080080fc       0x16 ./Core/Src/syscalls.o
                0x00000000080080fc                _close
 .text._fstat   0x0000000008008112       0x1e ./Core/Src/syscalls.o
                0x0000000008008112                _fstat
 .text._isatty  0x0000000008008130       0x14 ./Core/Src/syscalls.o
                0x0000000008008130                _isatty
 .text._lseek   0x0000000008008144       0x18 ./Core/Src/syscalls.o
                0x0000000008008144                _lseek
 .text._sbrk    0x000000000800815c       0x6c ./Core/Src/sysmem.o
                0x000000000800815c                _sbrk
 .text.SystemInit
                0x00000000080081c8        0xc ./Core/Src/system_stm32f1xx.o
                0x00000000080081c8                SystemInit
 .text.Reset_Handler
                0x00000000080081d4       0x48 ./Core/Startup/startup_stm32f103c8tx.o
                0x00000000080081d4                Reset_Handler
 .text.Default_Handler
                0x000000000800821c        0x2 ./Core/Startup/startup_stm32f103c8tx.o
                0x000000000800821c                RTC_Alarm_IRQHandler
                0x000000000800821c                EXTI2_IRQHandler
                0x000000000800821c                TIM1_CC_IRQHandler
                0x000000000800821c                PVD_IRQHandler
                0x000000000800821c                EXTI3_IRQHandler
                0x000000000800821c                EXTI0_IRQHandler
                0x000000000800821c                I2C2_EV_IRQHandler
                0x000000000800821c                ADC1_2_IRQHandler
                0x000000000800821c                TAMPER_IRQHandler
                0x000000000800821c                DMA1_Channel4_IRQHandler
                0x000000000800821c                USART3_IRQHandler
                0x000000000800821c                DMA1_Channel7_IRQHandler
                0x000000000800821c                CAN1_RX1_IRQHandler
                0x000000000800821c                TIM4_IRQHandler
                0x000000000800821c                I2C1_EV_IRQHandler
                0x000000000800821c                DMA1_Channel6_IRQHandler
                0x000000000800821c                TIM3_IRQHandler
                0x000000000800821c                RCC_IRQHandler
                0x000000000800821c                TIM1_TRG_COM_IRQHandler
                0x000000000800821c                DMA1_Channel1_IRQHandler
                0x000000000800821c                Default_Handler
                0x000000000800821c                EXTI15_10_IRQHandler
                0x000000000800821c                EXTI9_5_IRQHandler
                0x000000000800821c                DMA1_Channel5_IRQHandler
                0x000000000800821c                EXTI4_IRQHandler
                0x000000000800821c                DMA1_Channel3_IRQHandler
                0x000000000800821c                TIM1_UP_IRQHandler
                0x000000000800821c                WWDG_IRQHandler
                0x000000000800821c                TIM2_IRQHandler
                0x000000000800821c                TIM1_BRK_IRQHandler
                0x000000000800821c                EXTI1_IRQHandler
                0x000000000800821c                USART2_IRQHandler
                0x000000000800821c                I2C2_ER_IRQHandler
                0x000000000800821c                DMA1_Channel2_IRQHandler
                0x000000000800821c                CAN1_SCE_IRQHandler
                0x000000000800821c                FLASH_IRQHandler
                0x000000000800821c                USART1_IRQHandler
                0x000000000800821c                I2C1_ER_IRQHandler
                0x000000000800821c                USBWakeUp_IRQHandler
 *fill*         0x000000000800821e        0x2 
 .text.HAL_Init
                0x0000000008008220       0x2c ./Drivers/STM32F1xx_HAL_Driver/Src/stm32f1xx_hal.o
                0x0000000008008220                HAL_Init
 .text.HAL_InitTick
                0x000000000800824c       0x60 ./Drivers/STM32F1xx_HAL_Driver/Src/stm32f1xx_hal.o
                0x000000000800824c                HAL_InitTick
 .text.HAL_IncTick
                0x00000000080082ac       0x24 ./Drivers/STM32F1xx_HAL_Driver/Src/stm32f1xx_hal.o
                0x00000000080082ac                HAL_IncTick
 .text.HAL_GetTick
                0x00000000080082d0       0x14 ./Drivers/STM32F1xx_HAL_Driver/Src/stm32f1xx_hal.o
                0x00000000080082d0                HAL_GetTick
 .text.HAL_Delay
                0x00000000080082e4       0x48 ./Drivers/STM32F1xx_HAL_Driver/Src/stm32f1xx_hal.o
                0x00000000080082e4                HAL_Delay
 .text.__NVIC_SetPriorityGrouping
                0x000000000800832c       0x48 ./Drivers/STM32F1xx_HAL_Driver/Src/stm32f1xx_hal_cortex.o
 .text.__NVIC_GetPriorityGrouping
                0x0000000008008374       0x1c ./Drivers/STM32F1xx_HAL_Driver/Src/stm32f1xx_hal_cortex.o
 .text.__NVIC_EnableIRQ
                0x0000000008008390       0x38 ./Drivers/STM32F1xx_HAL_Driver/Src/stm32f1xx_hal_cortex.o
 .text.__NVIC_SetPriority
                0x00000000080083c8       0x54 ./Drivers/STM32F1xx_HAL_Driver/Src/stm32f1xx_hal_cortex.o
 .text.NVIC_EncodePriority
                0x000000000800841c       0x64 ./Drivers/STM32F1xx_HAL_Driver/Src/stm32f1xx_hal_cortex.o
 .text.SysTick_Config
                0x0000000008008480       0x44 ./Drivers/STM32F1xx_HAL_Driver/Src/stm32f1xx_hal_cortex.o
 .text.HAL_NVIC_SetPriorityGrouping
                0x00000000080084c4       0x16 ./Drivers/STM32F1xx_HAL_Driver/Src/stm32f1xx_hal_cortex.o
                0x00000000080084c4                HAL_NVIC_SetPriorityGrouping
 .text.HAL_NVIC_SetPriority
                0x00000000080084da       0x38 ./Drivers/STM32F1xx_HAL_Driver/Src/stm32f1xx_hal_cortex.o
                0x00000000080084da                HAL_NVIC_SetPriority
 .text.HAL_NVIC_EnableIRQ
                0x0000000008008512       0x1c ./Drivers/STM32F1xx_HAL_Driver/Src/stm32f1xx_hal_cortex.o
                0x0000000008008512                HAL_NVIC_EnableIRQ
 .text.HAL_SYSTICK_Config
                0x000000000800852e       0x18 ./Drivers/STM32F1xx_HAL_Driver/Src/stm32f1xx_hal_cortex.o
                0x000000000800852e                HAL_SYSTICK_Config
 *fill*         0x0000000008008546        0x2 
 .text.HAL_DMA_Abort_IT
                0x0000000008008548       0xf0 ./Drivers/STM32F1xx_HAL_Driver/Src/stm32f1xx_hal_dma.o
                0x0000000008008548                HAL_DMA_Abort_IT
 .text.HAL_GPIO_Init
                0x0000000008008638      0x308 ./Drivers/STM32F1xx_HAL_Driver/Src/stm32f1xx_hal_gpio.o
                0x0000000008008638                HAL_GPIO_Init
 .text.HAL_GPIO_WritePin
                0x0000000008008940       0x30 ./Drivers/STM32F1xx_HAL_Driver/Src/stm32f1xx_hal_gpio.o
                0x0000000008008940                HAL_GPIO_WritePin
 .text.HAL_PCD_Init
                0x0000000008008970      0x1ec ./Drivers/STM32F1xx_HAL_Driver/Src/stm32f1xx_hal_pcd.o
                0x0000000008008970                HAL_PCD_Init
 .text.HAL_PCD_IRQHandler
                0x0000000008008b5c      0x264 ./Drivers/STM32F1xx_HAL_Driver/Src/stm32f1xx_hal_pcd.o
                0x0000000008008b5c                HAL_PCD_IRQHandler
 .text.HAL_PCD_DataOutStageCallback
                0x0000000008008dc0       0x16 ./Drivers/STM32F1xx_HAL_Driver/Src/stm32f1xx_hal_pcd.o
                0x0000000008008dc0                HAL_PCD_DataOutStageCallback
 .text.HAL_PCD_DataInStageCallback
                0x0000000008008dd6       0x16 ./Drivers/STM32F1xx_HAL_Driver/Src/stm32f1xx_hal_pcd.o
                0x0000000008008dd6                HAL_PCD_DataInStageCallback
 .text.HAL_PCD_SetupStageCallback
                0x0000000008008dec       0x12 ./Drivers/STM32F1xx_HAL_Driver/Src/stm32f1xx_hal_pcd.o
                0x0000000008008dec                HAL_PCD_SetupStageCallback
 .text.HAL_PCD_SOFCallback
                0x0000000008008dfe       0x12 ./Drivers/STM32F1xx_HAL_Driver/Src/stm32f1xx_hal_pcd.o
                0x0000000008008dfe                HAL_PCD_SOFCallback
 .text.HAL_PCD_ResetCallback
                0x0000000008008e10       0x12 ./Drivers/STM32F1xx_HAL_Driver/Src/stm32f1xx_hal_pcd.o
                0x0000000008008e10                HAL_PCD_ResetCallback
 .text.HAL_PCD_SuspendCallback
                0x0000000008008e22       0x12 ./Drivers/STM32F1xx_HAL_Driver/Src/stm32f1xx_hal_pcd.o
                0x0000000008008e22                HAL_PCD_SuspendCallback
 .text.HAL_PCD_ResumeCallback
                0x0000000008008e34       0x12 ./Drivers/STM32F1xx_HAL_Driver/Src/stm32f1xx_hal_pcd.o
                0x0000000008008e34                HAL_PCD_ResumeCallback
 .text.HAL_PCD_SetAddress
                0x0000000008008e46       0x48 ./Drivers/STM32F1xx_HAL_Driver/Src/stm32f1xx_hal_pcd.o
                0x0000000008008e46                HAL_PCD_SetAddress
 .text.PCD_EP_ISR_Handler
                0x0000000008008e8e      0x7a0 ./Drivers/STM32F1xx_HAL_Driver/Src/stm32f1xx_hal_pcd.o
 .text.HAL_PCD_EP_DB_Receive
                0x000000000800962e      0x21a ./Drivers/STM32F1xx_HAL_Driver/Src/stm32f1xx_hal_pcd.o
 .text.HAL_PCD_EP_DB_Transmit
                0x0000000008009848      0x7f4 ./Drivers/STM32F1xx_HAL_Driver/Src/stm32f1xx_hal_pcd.o
 .text.HAL_PWR_EnableBkUpAccess
                0x000000000800a03c       0x18 ./Drivers/STM32F1xx_HAL_Driver/Src/stm32f1xx_hal_pwr.o
                0x000000000800a03c                HAL_PWR_EnableBkUpAccess
 .text.HAL_RCC_OscConfig
                0x000000000800a054      0x500 ./Drivers/STM32F1xx_HAL_Driver/Src/stm32f1xx_hal_rcc.o
                0x000000000800a054                HAL_RCC_OscConfig
 .text.HAL_RCC_ClockConfig
                0x000000000800a554      0x1d4 ./Drivers/STM32F1xx_HAL_Driver/Src/stm32f1xx_hal_rcc.o
                0x000000000800a554                HAL_RCC_ClockConfig
 .text.HAL_RCC_GetSysClockFreq
                0x000000000800a728       0xa8 ./Drivers/STM32F1xx_HAL_Driver/Src/stm32f1xx_hal_rcc.o
                0x000000000800a728                HAL_RCC_GetSysClockFreq
 .text.HAL_RCC_GetHCLKFreq
                0x000000000800a7d0       0x14 ./Drivers/STM32F1xx_HAL_Driver/Src/stm32f1xx_hal_rcc.o
                0x000000000800a7d0                HAL_RCC_GetHCLKFreq
 .text.HAL_RCC_GetPCLK1Freq
                0x000000000800a7e4       0x28 ./Drivers/STM32F1xx_HAL_Driver/Src/stm32f1xx_hal_rcc.o
                0x000000000800a7e4                HAL_RCC_GetPCLK1Freq
 .text.HAL_RCC_GetPCLK2Freq
                0x000000000800a80c       0x28 ./Drivers/STM32F1xx_HAL_Driver/Src/stm32f1xx_hal_rcc.o
                0x000000000800a80c                HAL_RCC_GetPCLK2Freq
 .text.RCC_Delay
                0x000000000800a834       0x3c ./Drivers/STM32F1xx_HAL_Driver/Src/stm32f1xx_hal_rcc.o
 .text.HAL_RCCEx_PeriphCLKConfig
                0x000000000800a870      0x16c ./Drivers/STM32F1xx_HAL_Driver/Src/stm32f1xx_hal_rcc_ex.o
                0x000000000800a870                HAL_RCCEx_PeriphCLKConfig
 .text.HAL_RCCEx_GetPeriphCLKFreq
                0x000000000800a9dc      0x16c ./Drivers/STM32F1xx_HAL_Driver/Src/stm32f1xx_hal_rcc_ex.o
                0x000000000800a9dc                HAL_RCCEx_GetPeriphCLKFreq
 .text.HAL_RTC_Init
                0x000000000800ab48      0x118 ./Drivers/STM32F1xx_HAL_Driver/Src/stm32f1xx_hal_rtc.o
                0x000000000800ab48                HAL_RTC_Init
 .text.HAL_RTC_WaitForSynchro
                0x000000000800ac60       0x5a ./Drivers/STM32F1xx_HAL_Driver/Src/stm32f1xx_hal_rtc.o
                0x000000000800ac60                HAL_RTC_WaitForSynchro
 .text.RTC_EnterInitMode
                0x000000000800acba       0x50 ./Drivers/STM32F1xx_HAL_Driver/Src/stm32f1xx_hal_rtc.o
 .text.RTC_ExitInitMode
                0x000000000800ad0a       0x50 ./Drivers/STM32F1xx_HAL_Driver/Src/stm32f1xx_hal_rtc.o
 .text.HAL_RTCEx_RTCIRQHandler
                0x000000000800ad5a       0x6e ./Drivers/STM32F1xx_HAL_Driver/Src/stm32f1xx_hal_rtc_ex.o
                0x000000000800ad5a                HAL_RTCEx_RTCIRQHandler
 .text.HAL_RTCEx_RTCEventCallback
                0x000000000800adc8       0x12 ./Drivers/STM32F1xx_HAL_Driver/Src/stm32f1xx_hal_rtc_ex.o
                0x000000000800adc8                HAL_RTCEx_RTCEventCallback
 .text.HAL_RTCEx_RTCEventErrorCallback
                0x000000000800adda       0x12 ./Drivers/STM32F1xx_HAL_Driver/Src/stm32f1xx_hal_rtc_ex.o
                0x000000000800adda                HAL_RTCEx_RTCEventErrorCallback
 .text.HAL_SPI_Init
                0x000000000800adec      0x108 ./Drivers/STM32F1xx_HAL_Driver/Src/stm32f1xx_hal_spi.o
                0x000000000800adec                HAL_SPI_Init
 .text.HAL_SPI_Transmit
                0x000000000800aef4      0x288 ./Drivers/STM32F1xx_HAL_Driver/Src/stm32f1xx_hal_spi.o
                0x000000000800aef4                HAL_SPI_Transmit
 .text.HAL_SPI_Receive
                0x000000000800b17c      0x232 ./Drivers/STM32F1xx_HAL_Driver/Src/stm32f1xx_hal_spi.o
                0x000000000800b17c                HAL_SPI_Receive
 .text.HAL_SPI_TransmitReceive
                0x000000000800b3ae      0x352 ./Drivers/STM32F1xx_HAL_Driver/Src/stm32f1xx_hal_spi.o
                0x000000000800b3ae                HAL_SPI_TransmitReceive
 .text.HAL_SPI_IRQHandler
                0x000000000800b700      0x1cc ./Drivers/STM32F1xx_HAL_Driver/Src/stm32f1xx_hal_spi.o
                0x000000000800b700                HAL_SPI_IRQHandler
 .text.HAL_SPI_ErrorCallback
                0x000000000800b8cc       0x12 ./Drivers/STM32F1xx_HAL_Driver/Src/stm32f1xx_hal_spi.o
                0x000000000800b8cc                HAL_SPI_ErrorCallback
 .text.SPI_DMAAbortOnError
                0x000000000800b8de       0x28 ./Drivers/STM32F1xx_HAL_Driver/Src/stm32f1xx_hal_spi.o
 *fill*         0x000000000800b906        0x2 
 .text.SPI_WaitFlagStateUntilTimeout
                0x000000000800b908      0x110 ./Drivers/STM32F1xx_HAL_Driver/Src/stm32f1xx_hal_spi.o
 .text.SPI_EndRxTransaction
                0x000000000800ba18       0xa4 ./Drivers/STM32F1xx_HAL_Driver/Src/stm32f1xx_hal_spi.o
 .text.SPI_EndRxTxTransaction
                0x000000000800babc       0x62 ./Drivers/STM32F1xx_HAL_Driver/Src/stm32f1xx_hal_spi.o
 .text.HAL_UART_Init
                0x000000000800bb1e       0xa0 ./Drivers/STM32F1xx_HAL_Driver/Src/stm32f1xx_hal_uart.o
                0x000000000800bb1e                HAL_UART_Init
 .text.HAL_UART_Transmit
                0x000000000800bbbe      0x116 ./Drivers/STM32F1xx_HAL_Driver/Src/stm32f1xx_hal_uart.o
                0x000000000800bbbe                HAL_UART_Transmit
 .text.UART_WaitOnFlagUntilTimeout
                0x000000000800bcd4       0xb2 ./Drivers/STM32F1xx_HAL_Driver/Src/stm32f1xx_hal_uart.o
 .text.UART_EndRxTransfer
                0x000000000800bd86       0xc4 ./Drivers/STM32F1xx_HAL_Driver/Src/stm32f1xx_hal_uart.o
 *fill*         0x000000000800be4a        0x2 
 .text.UART_SetConfig
                0x000000000800be4c      0x11c ./Drivers/STM32F1xx_HAL_Driver/Src/stm32f1xx_hal_uart.o
 .text.USB_CoreInit
                0x000000000800bf68       0x1a ./Drivers/STM32F1xx_HAL_Driver/Src/stm32f1xx_ll_usb.o
                0x000000000800bf68                USB_CoreInit
 .text.USB_DisableGlobalInt
                0x000000000800bf82       0x34 ./Drivers/STM32F1xx_HAL_Driver/Src/stm32f1xx_ll_usb.o
                0x000000000800bf82                USB_DisableGlobalInt
 .text.USB_SetCurrentMode
                0x000000000800bfb6       0x18 ./Drivers/STM32F1xx_HAL_Driver/Src/stm32f1xx_ll_usb.o
                0x000000000800bfb6                USB_SetCurrentMode
 .text.USB_DevInit
                0x000000000800bfce       0x3a ./Drivers/STM32F1xx_HAL_Driver/Src/stm32f1xx_ll_usb.o
                0x000000000800bfce                USB_DevInit
 .text.USB_EPStartXfer
                0x000000000800c008     0x1298 ./Drivers/STM32F1xx_HAL_Driver/Src/stm32f1xx_ll_usb.o
                0x000000000800c008                USB_EPStartXfer
 .text.USB_SetDevAddress
                0x000000000800d2a0       0x26 ./Drivers/STM32F1xx_HAL_Driver/Src/stm32f1xx_ll_usb.o
                0x000000000800d2a0                USB_SetDevAddress
 .text.USB_DevDisconnect
                0x000000000800d2c6       0x14 ./Drivers/STM32F1xx_HAL_Driver/Src/stm32f1xx_ll_usb.o
                0x000000000800d2c6                USB_DevDisconnect
 .text.USB_ReadInterrupts
                0x000000000800d2da       0x1e ./Drivers/STM32F1xx_HAL_Driver/Src/stm32f1xx_ll_usb.o
                0x000000000800d2da                USB_ReadInterrupts
 .text.USB_WritePMA
                0x000000000800d2f8       0x8a ./Drivers/STM32F1xx_HAL_Driver/Src/stm32f1xx_ll_usb.o
                0x000000000800d2f8                USB_WritePMA
 .text.USB_ReadPMA
                0x000000000800d382       0x9e ./Drivers/STM32F1xx_HAL_Driver/Src/stm32f1xx_ll_usb.o
                0x000000000800d382                USB_ReadPMA
 .text.__assert_func
                0x000000000800d420       0x3c c:/st/stm32cubeide_1.7.0/stm32cubeide/plugins/com.st.stm32cube.ide.mcu.externaltools.gnu-tools-for-stm32.9-2020-q2-update.win32_2.0.0.202105311346/tools/bin/../lib/gcc/arm-none-eabi/9.3.1/../../../../arm-none-eabi/lib/thumb/v7-m/nofp\libc_nano.a(lib_a-assert.o)
                0x000000000800d420                __assert_func
 .text.__errno  0x000000000800d45c        0xc c:/st/stm32cubeide_1.7.0/stm32cubeide/plugins/com.st.stm32cube.ide.mcu.externaltools.gnu-tools-for-stm32.9-2020-q2-update.win32_2.0.0.202105311346/tools/bin/../lib/gcc/arm-none-eabi/9.3.1/../../../../arm-none-eabi/lib/thumb/v7-m/nofp\libc_nano.a(lib_a-errno.o)
                0x000000000800d45c                __errno
 .text.fprintf  0x000000000800d468       0x24 c:/st/stm32cubeide_1.7.0/stm32cubeide/plugins/com.st.stm32cube.ide.mcu.externaltools.gnu-tools-for-stm32.9-2020-q2-update.win32_2.0.0.202105311346/tools/bin/../lib/gcc/arm-none-eabi/9.3.1/../../../../arm-none-eabi/lib/thumb/v7-m/nofp\libc_nano.a(lib_a-fprintf.o)
                0x000000000800d468                fiprintf
                0x000000000800d468                fprintf
 .text.__libc_init_array
                0x000000000800d48c       0x48 c:/st/stm32cubeide_1.7.0/stm32cubeide/plugins/com.st.stm32cube.ide.mcu.externaltools.gnu-tools-for-stm32.9-2020-q2-update.win32_2.0.0.202105311346/tools/bin/../lib/gcc/arm-none-eabi/9.3.1/../../../../arm-none-eabi/lib/thumb/v7-m/nofp\libc_nano.a(lib_a-init.o)
                0x000000000800d48c                __libc_init_array
 .text.malloc   0x000000000800d4d4       0x10 c:/st/stm32cubeide_1.7.0/stm32cubeide/plugins/com.st.stm32cube.ide.mcu.externaltools.gnu-tools-for-stm32.9-2020-q2-update.win32_2.0.0.202105311346/tools/bin/../lib/gcc/arm-none-eabi/9.3.1/../../../../arm-none-eabi/lib/thumb/v7-m/nofp\libc_nano.a(lib_a-malloc.o)
                0x000000000800d4d4                malloc
 .text.free     0x000000000800d4e4       0x10 c:/st/stm32cubeide_1.7.0/stm32cubeide/plugins/com.st.stm32cube.ide.mcu.externaltools.gnu-tools-for-stm32.9-2020-q2-update.win32_2.0.0.202105311346/tools/bin/../lib/gcc/arm-none-eabi/9.3.1/../../../../arm-none-eabi/lib/thumb/v7-m/nofp\libc_nano.a(lib_a-malloc.o)
                0x000000000800d4e4                free
 .text.memcmp   0x000000000800d4f4       0x1c c:/st/stm32cubeide_1.7.0/stm32cubeide/plugins/com.st.stm32cube.ide.mcu.externaltools.gnu-tools-for-stm32.9-2020-q2-update.win32_2.0.0.202105311346/tools/bin/../lib/gcc/arm-none-eabi/9.3.1/../../../../arm-none-eabi/lib/thumb/v7-m/nofp\libc_nano.a(lib_a-memcmp.o)
                0x000000000800d4f4                memcmp
 .text.memcpy   0x000000000800d510       0x1c c:/st/stm32cubeide_1.7.0/stm32cubeide/plugins/com.st.stm32cube.ide.mcu.externaltools.gnu-tools-for-stm32.9-2020-q2-update.win32_2.0.0.202105311346/tools/bin/../lib/gcc/arm-none-eabi/9.3.1/../../../../arm-none-eabi/lib/thumb/v7-m/nofp\libc_nano.a(lib_a-memcpy-stub.o)
                0x000000000800d510                memcpy
 .text.memset   0x000000000800d52c       0x10 c:/st/stm32cubeide_1.7.0/stm32cubeide/plugins/com.st.stm32cube.ide.mcu.externaltools.gnu-tools-for-stm32.9-2020-q2-update.win32_2.0.0.202105311346/tools/bin/../lib/gcc/arm-none-eabi/9.3.1/../../../../arm-none-eabi/lib/thumb/v7-m/nofp\libc_nano.a(lib_a-memset.o)
                0x000000000800d52c                memset
 .text._free_r  0x000000000800d53c       0x98 c:/st/stm32cubeide_1.7.0/stm32cubeide/plugins/com.st.stm32cube.ide.mcu.externaltools.gnu-tools-for-stm32.9-2020-q2-update.win32_2.0.0.202105311346/tools/bin/../lib/gcc/arm-none-eabi/9.3.1/../../../../arm-none-eabi/lib/thumb/v7-m/nofp\libc_nano.a(lib_a-nano-freer.o)
                0x000000000800d53c                _free_r
 .text._malloc_r
                0x000000000800d5d4       0xb4 c:/st/stm32cubeide_1.7.0/stm32cubeide/plugins/com.st.stm32cube.ide.mcu.externaltools.gnu-tools-for-stm32.9-2020-q2-update.win32_2.0.0.202105311346/tools/bin/../lib/gcc/arm-none-eabi/9.3.1/../../../../arm-none-eabi/lib/thumb/v7-m/nofp\libc_nano.a(lib_a-nano-mallocr.o)
                0x000000000800d5d4                _malloc_r
 .text.__sfputc_r
                0x000000000800d688       0x2a c:/st/stm32cubeide_1.7.0/stm32cubeide/plugins/com.st.stm32cube.ide.mcu.externaltools.gnu-tools-for-stm32.9-2020-q2-update.win32_2.0.0.202105311346/tools/bin/../lib/gcc/arm-none-eabi/9.3.1/../../../../arm-none-eabi/lib/thumb/v7-m/nofp\libc_nano.a(lib_a-nano-vfprintf.o)
 .text.__sfputs_r
                0x000000000800d6b2       0x24 c:/st/stm32cubeide_1.7.0/stm32cubeide/plugins/com.st.stm32cube.ide.mcu.externaltools.gnu-tools-for-stm32.9-2020-q2-update.win32_2.0.0.202105311346/tools/bin/../lib/gcc/arm-none-eabi/9.3.1/../../../../arm-none-eabi/lib/thumb/v7-m/nofp\libc_nano.a(lib_a-nano-vfprintf.o)
                0x000000000800d6b2                __sfputs_r
 *fill*         0x000000000800d6d6        0x2 
 .text._vfprintf_r
                0x000000000800d6d8      0x260 c:/st/stm32cubeide_1.7.0/stm32cubeide/plugins/com.st.stm32cube.ide.mcu.externaltools.gnu-tools-for-stm32.9-2020-q2-update.win32_2.0.0.202105311346/tools/bin/../lib/gcc/arm-none-eabi/9.3.1/../../../../arm-none-eabi/lib/thumb/v7-m/nofp\libc_nano.a(lib_a-nano-vfprintf.o)
                0x000000000800d6d8                _vfprintf_r
                0x000000000800d6d8                _vfiprintf_r
 .text._printf_common
                0x000000000800d938       0xde c:/st/stm32cubeide_1.7.0/stm32cubeide/plugins/com.st.stm32cube.ide.mcu.externaltools.gnu-tools-for-stm32.9-2020-q2-update.win32_2.0.0.202105311346/tools/bin/../lib/gcc/arm-none-eabi/9.3.1/../../../../arm-none-eabi/lib/thumb/v7-m/nofp\libc_nano.a(lib_a-nano-vfprintf_i.o)
                0x000000000800d938                _printf_common
 *fill*         0x000000000800da16        0x2 
 .text._printf_i
                0x000000000800da18      0x24c c:/st/stm32cubeide_1.7.0/stm32cubeide/plugins/com.st.stm32cube.ide.mcu.externaltools.gnu-tools-for-stm32.9-2020-q2-update.win32_2.0.0.202105311346/tools/bin/../lib/gcc/arm-none-eabi/9.3.1/../../../../arm-none-eabi/lib/thumb/v7-m/nofp\libc_nano.a(lib_a-nano-vfprintf_i.o)
                0x000000000800da18                _printf_i
 .text.printf   0x000000000800dc64       0x30 c:/st/stm32cubeide_1.7.0/stm32cubeide/plugins/com.st.stm32cube.ide.mcu.externaltools.gnu-tools-for-stm32.9-2020-q2-update.win32_2.0.0.202105311346/tools/bin/../lib/gcc/arm-none-eabi/9.3.1/../../../../arm-none-eabi/lib/thumb/v7-m/nofp\libc_nano.a(lib_a-printf.o)
                0x000000000800dc64                iprintf
                0x000000000800dc64                printf
 .text._sbrk_r  0x000000000800dc94       0x20 c:/st/stm32cubeide_1.7.0/stm32cubeide/plugins/com.st.stm32cube.ide.mcu.externaltools.gnu-tools-for-stm32.9-2020-q2-update.win32_2.0.0.202105311346/tools/bin/../lib/gcc/arm-none-eabi/9.3.1/../../../../arm-none-eabi/lib/thumb/v7-m/nofp\libc_nano.a(lib_a-sbrkr.o)
                0x000000000800dc94                _sbrk_r
 .text.snprintf
                0x000000000800dcb4       0x68 c:/st/stm32cubeide_1.7.0/stm32cubeide/plugins/com.st.stm32cube.ide.mcu.externaltools.gnu-tools-for-stm32.9-2020-q2-update.win32_2.0.0.202105311346/tools/bin/../lib/gcc/arm-none-eabi/9.3.1/../../../../arm-none-eabi/lib/thumb/v7-m/nofp\libc_nano.a(lib_a-snprintf.o)
                0x000000000800dcb4                sniprintf
                0x000000000800dcb4                snprintf
 .text.sprintf  0x000000000800dd1c       0x40 c:/st/stm32cubeide_1.7.0/stm32cubeide/plugins/com.st.stm32cube.ide.mcu.externaltools.gnu-tools-for-stm32.9-2020-q2-update.win32_2.0.0.202105311346/tools/bin/../lib/gcc/arm-none-eabi/9.3.1/../../../../arm-none-eabi/lib/thumb/v7-m/nofp\libc_nano.a(lib_a-sprintf.o)
                0x000000000800dd1c                siprintf
                0x000000000800dd1c                sprintf
 .text.strchr   0x000000000800dd5c       0x1a c:/st/stm32cubeide_1.7.0/stm32cubeide/plugins/com.st.stm32cube.ide.mcu.externaltools.gnu-tools-for-stm32.9-2020-q2-update.win32_2.0.0.202105311346/tools/bin/../lib/gcc/arm-none-eabi/9.3.1/../../../../arm-none-eabi/lib/thumb/v7-m/nofp\libc_nano.a(lib_a-strchr.o)
                0x000000000800dd5c                strchr
 .text.strcspn  0x000000000800dd76       0x22 c:/st/stm32cubeide_1.7.0/stm32cubeide/plugins/com.st.stm32cube.ide.mcu.externaltools.gnu-tools-for-stm32.9-2020-q2-update.win32_2.0.0.202105311346/tools/bin/../lib/gcc/arm-none-eabi/9.3.1/../../../../arm-none-eabi/lib/thumb/v7-m/nofp\libc_nano.a(lib_a-strcspn.o)
                0x000000000800dd76                strcspn
 .text.strspn   0x000000000800dd98       0x20 c:/st/stm32cubeide_1.7.0/stm32cubeide/plugins/com.st.stm32cube.ide.mcu.externaltools.gnu-tools-for-stm32.9-2020-q2-update.win32_2.0.0.202105311346/tools/bin/../lib/gcc/arm-none-eabi/9.3.1/../../../../arm-none-eabi/lib/thumb/v7-m/nofp\libc_nano.a(lib_a-strspn.o)
                0x000000000800dd98                strspn
 .text.__swbuf_r
                0x000000000800ddb8       0xa4 c:/st/stm32cubeide_1.7.0/stm32cubeide/plugins/com.st.stm32cube.ide.mcu.externaltools.gnu-tools-for-stm32.9-2020-q2-update.win32_2.0.0.202105311346/tools/bin/../lib/gcc/arm-none-eabi/9.3.1/../../../../arm-none-eabi/lib/thumb/v7-m/nofp\libc_nano.a(lib_a-wbuf.o)
                0x000000000800ddb8                __swbuf_r
 .text.__swsetup_r
                0x000000000800de5c       0xdc c:/st/stm32cubeide_1.7.0/stm32cubeide/plugins/com.st.stm32cube.ide.mcu.externaltools.gnu-tools-for-stm32.9-2020-q2-update.win32_2.0.0.202105311346/tools/bin/../lib/gcc/arm-none-eabi/9.3.1/../../../../arm-none-eabi/lib/thumb/v7-m/nofp\libc_nano.a(lib_a-wsetup.o)
                0x000000000800de5c                __swsetup_r
 .text.abort    0x000000000800df38        0xe c:/st/stm32cubeide_1.7.0/stm32cubeide/plugins/com.st.stm32cube.ide.mcu.externaltools.gnu-tools-for-stm32.9-2020-q2-update.win32_2.0.0.202105311346/tools/bin/../lib/gcc/arm-none-eabi/9.3.1/../../../../arm-none-eabi/lib/thumb/v7-m/nofp\libc_nano.a(lib_a-abort.o)
                0x000000000800df38                abort
 *fill*         0x000000000800df46        0x2 
 .text.__sflush_r
                0x000000000800df48      0x10c c:/st/stm32cubeide_1.7.0/stm32cubeide/plugins/com.st.stm32cube.ide.mcu.externaltools.gnu-tools-for-stm32.9-2020-q2-update.win32_2.0.0.202105311346/tools/bin/../lib/gcc/arm-none-eabi/9.3.1/../../../../arm-none-eabi/lib/thumb/v7-m/nofp\libc_nano.a(lib_a-fflush.o)
                0x000000000800df48                __sflush_r
 .text._fflush_r
                0x000000000800e054       0x78 c:/st/stm32cubeide_1.7.0/stm32cubeide/plugins/com.st.stm32cube.ide.mcu.externaltools.gnu-tools-for-stm32.9-2020-q2-update.win32_2.0.0.202105311346/tools/bin/../lib/gcc/arm-none-eabi/9.3.1/../../../../arm-none-eabi/lib/thumb/v7-m/nofp\libc_nano.a(lib_a-fflush.o)
                0x000000000800e054                _fflush_r
 .text.std      0x000000000800e0cc       0x48 c:/st/stm32cubeide_1.7.0/stm32cubeide/plugins/com.st.stm32cube.ide.mcu.externaltools.gnu-tools-for-stm32.9-2020-q2-update.win32_2.0.0.202105311346/tools/bin/../lib/gcc/arm-none-eabi/9.3.1/../../../../arm-none-eabi/lib/thumb/v7-m/nofp\libc_nano.a(lib_a-findfp.o)
 .text._cleanup_r
                0x000000000800e114        0xc c:/st/stm32cubeide_1.7.0/stm32cubeide/plugins/com.st.stm32cube.ide.mcu.externaltools.gnu-tools-for-stm32.9-2020-q2-update.win32_2.0.0.202105311346/tools/bin/../lib/gcc/arm-none-eabi/9.3.1/../../../../arm-none-eabi/lib/thumb/v7-m/nofp\libc_nano.a(lib_a-findfp.o)
                0x000000000800e114                _cleanup_r
 .text.__sfmoreglue
                0x000000000800e120       0x2c c:/st/stm32cubeide_1.7.0/stm32cubeide/plugins/com.st.stm32cube.ide.mcu.externaltools.gnu-tools-for-stm32.9-2020-q2-update.win32_2.0.0.202105311346/tools/bin/../lib/gcc/arm-none-eabi/9.3.1/../../../../arm-none-eabi/lib/thumb/v7-m/nofp\libc_nano.a(lib_a-findfp.o)
                0x000000000800e120                __sfmoreglue
 .text.__sfp_lock_acquire
                0x000000000800e14c        0xc c:/st/stm32cubeide_1.7.0/stm32cubeide/plugins/com.st.stm32cube.ide.mcu.externaltools.gnu-tools-for-stm32.9-2020-q2-update.win32_2.0.0.202105311346/tools/bin/../lib/gcc/arm-none-eabi/9.3.1/../../../../arm-none-eabi/lib/thumb/v7-m/nofp\libc_nano.a(lib_a-findfp.o)
                0x000000000800e14c                __sfp_lock_acquire
 .text.__sfp_lock_release
                0x000000000800e158        0xc c:/st/stm32cubeide_1.7.0/stm32cubeide/plugins/com.st.stm32cube.ide.mcu.externaltools.gnu-tools-for-stm32.9-2020-q2-update.win32_2.0.0.202105311346/tools/bin/../lib/gcc/arm-none-eabi/9.3.1/../../../../arm-none-eabi/lib/thumb/v7-m/nofp\libc_nano.a(lib_a-findfp.o)
                0x000000000800e158                __sfp_lock_release
 .text.__sinit_lock_acquire
                0x000000000800e164        0xc c:/st/stm32cubeide_1.7.0/stm32cubeide/plugins/com.st.stm32cube.ide.mcu.externaltools.gnu-tools-for-stm32.9-2020-q2-update.win32_2.0.0.202105311346/tools/bin/../lib/gcc/arm-none-eabi/9.3.1/../../../../arm-none-eabi/lib/thumb/v7-m/nofp\libc_nano.a(lib_a-findfp.o)
                0x000000000800e164                __sinit_lock_acquire
 .text.__sinit_lock_release
                0x000000000800e170        0xc c:/st/stm32cubeide_1.7.0/stm32cubeide/plugins/com.st.stm32cube.ide.mcu.externaltools.gnu-tools-for-stm32.9-2020-q2-update.win32_2.0.0.202105311346/tools/bin/../lib/gcc/arm-none-eabi/9.3.1/../../../../arm-none-eabi/lib/thumb/v7-m/nofp\libc_nano.a(lib_a-findfp.o)
                0x000000000800e170                __sinit_lock_release
 .text.__sinit  0x000000000800e17c       0x70 c:/st/stm32cubeide_1.7.0/stm32cubeide/plugins/com.st.stm32cube.ide.mcu.externaltools.gnu-tools-for-stm32.9-2020-q2-update.win32_2.0.0.202105311346/tools/bin/../lib/gcc/arm-none-eabi/9.3.1/../../../../arm-none-eabi/lib/thumb/v7-m/nofp\libc_nano.a(lib_a-findfp.o)
                0x000000000800e17c                __sinit
 .text.__sfp    0x000000000800e1ec       0x8c c:/st/stm32cubeide_1.7.0/stm32cubeide/plugins/com.st.stm32cube.ide.mcu.externaltools.gnu-tools-for-stm32.9-2020-q2-update.win32_2.0.0.202105311346/tools/bin/../lib/gcc/arm-none-eabi/9.3.1/../../../../arm-none-eabi/lib/thumb/v7-m/nofp\libc_nano.a(lib_a-findfp.o)
                0x000000000800e1ec                __sfp
 .text._fwalk_reent
                0x000000000800e278       0x3e c:/st/stm32cubeide_1.7.0/stm32cubeide/plugins/com.st.stm32cube.ide.mcu.externaltools.gnu-tools-for-stm32.9-2020-q2-update.win32_2.0.0.202105311346/tools/bin/../lib/gcc/arm-none-eabi/9.3.1/../../../../arm-none-eabi/lib/thumb/v7-m/nofp\libc_nano.a(lib_a-fwalk.o)
                0x000000000800e278                _fwalk_reent
 .text.__retarget_lock_init_recursive
                0x000000000800e2b6        0x2 c:/st/stm32cubeide_1.7.0/stm32cubeide/plugins/com.st.stm32cube.ide.mcu.externaltools.gnu-tools-for-stm32.9-2020-q2-update.win32_2.0.0.202105311346/tools/bin/../lib/gcc/arm-none-eabi/9.3.1/../../../../arm-none-eabi/lib/thumb/v7-m/nofp\libc_nano.a(lib_a-lock.o)
                0x000000000800e2b6                __retarget_lock_init_recursive
 .text.__retarget_lock_acquire_recursive
                0x000000000800e2b8        0x2 c:/st/stm32cubeide_1.7.0/stm32cubeide/plugins/com.st.stm32cube.ide.mcu.externaltools.gnu-tools-for-stm32.9-2020-q2-update.win32_2.0.0.202105311346/tools/bin/../lib/gcc/arm-none-eabi/9.3.1/../../../../arm-none-eabi/lib/thumb/v7-m/nofp\libc_nano.a(lib_a-lock.o)
                0x000000000800e2b8                __retarget_lock_acquire_recursive
 .text.__retarget_lock_release_recursive
                0x000000000800e2ba        0x2 c:/st/stm32cubeide_1.7.0/stm32cubeide/plugins/com.st.stm32cube.ide.mcu.externaltools.gnu-tools-for-stm32.9-2020-q2-update.win32_2.0.0.202105311346/tools/bin/../lib/gcc/arm-none-eabi/9.3.1/../../../../arm-none-eabi/lib/thumb/v7-m/nofp\libc_nano.a(lib_a-lock.o)
                0x000000000800e2ba                __retarget_lock_release_recursive
 .text.__swhatbuf_r
                0x000000000800e2bc       0x48 c:/st/stm32cubeide_1.7.0/stm32cubeide/plugins/com.st.stm32cube.ide.mcu.externaltools.gnu-tools-for-stm32.9-2020-q2-update.win32_2.0.0.202105311346/tools/bin/../lib/gcc/arm-none-eabi/9.3.1/../../../../arm-none-eabi/lib/thumb/v7-m/nofp\libc_nano.a(lib_a-makebuf.o)
                0x000000000800e2bc                __swhatbuf_r
 .text.__smakebuf_r
                0x000000000800e304       0x80 c:/st/stm32cubeide_1.7.0/stm32cubeide/plugins/com.st.stm32cube.ide.mcu.externaltools.gnu-tools-for-stm32.9-2020-q2-update.win32_2.0.0.202105311346/tools/bin/../lib/gcc/arm-none-eabi/9.3.1/../../../../arm-none-eabi/lib/thumb/v7-m/nofp\libc_nano.a(lib_a-makebuf.o)
                0x000000000800e304                __smakebuf_r
 .text.memchr   0x000000000800e384       0x1c c:/st/stm32cubeide_1.7.0/stm32cubeide/plugins/com.st.stm32cube.ide.mcu.externaltools.gnu-tools-for-stm32.9-2020-q2-update.win32_2.0.0.202105311346/tools/bin/../lib/gcc/arm-none-eabi/9.3.1/../../../../arm-none-eabi/lib/thumb/v7-m/nofp\libc_nano.a(lib_a-memchr-stub.o)
                0x000000000800e384                memchr
 .text.memmove  0x000000000800e3a0       0x34 c:/st/stm32cubeide_1.7.0/stm32cubeide/plugins/com.st.stm32cube.ide.mcu.externaltools.gnu-tools-for-stm32.9-2020-q2-update.win32_2.0.0.202105311346/tools/bin/../lib/gcc/arm-none-eabi/9.3.1/../../../../arm-none-eabi/lib/thumb/v7-m/nofp\libc_nano.a(lib_a-memmove.o)
                0x000000000800e3a0                memmove
 .text.__malloc_lock
                0x000000000800e3d4        0xc c:/st/stm32cubeide_1.7.0/stm32cubeide/plugins/com.st.stm32cube.ide.mcu.externaltools.gnu-tools-for-stm32.9-2020-q2-update.win32_2.0.0.202105311346/tools/bin/../lib/gcc/arm-none-eabi/9.3.1/../../../../arm-none-eabi/lib/thumb/v7-m/nofp\libc_nano.a(lib_a-mlock.o)
                0x000000000800e3d4                __malloc_lock
 .text.__malloc_unlock
                0x000000000800e3e0        0xc c:/st/stm32cubeide_1.7.0/stm32cubeide/plugins/com.st.stm32cube.ide.mcu.externaltools.gnu-tools-for-stm32.9-2020-q2-update.win32_2.0.0.202105311346/tools/bin/../lib/gcc/arm-none-eabi/9.3.1/../../../../arm-none-eabi/lib/thumb/v7-m/nofp\libc_nano.a(lib_a-mlock.o)
                0x000000000800e3e0                __malloc_unlock
 .text._realloc_r
                0x000000000800e3ec       0x4c c:/st/stm32cubeide_1.7.0/stm32cubeide/plugins/com.st.stm32cube.ide.mcu.externaltools.gnu-tools-for-stm32.9-2020-q2-update.win32_2.0.0.202105311346/tools/bin/../lib/gcc/arm-none-eabi/9.3.1/../../../../arm-none-eabi/lib/thumb/v7-m/nofp\libc_nano.a(lib_a-nano-reallocr.o)
                0x000000000800e3ec                _realloc_r
 .text.__ssputs_r
                0x000000000800e438       0xb6 c:/st/stm32cubeide_1.7.0/stm32cubeide/plugins/com.st.stm32cube.ide.mcu.externaltools.gnu-tools-for-stm32.9-2020-q2-update.win32_2.0.0.202105311346/tools/bin/../lib/gcc/arm-none-eabi/9.3.1/../../../../arm-none-eabi/lib/thumb/v7-m/nofp\libc_nano.a(lib_a-nano-svfprintf.o)
                0x000000000800e438                __ssputs_r
 *fill*         0x000000000800e4ee        0x2 
 .text._svfprintf_r
                0x000000000800e4f0      0x200 c:/st/stm32cubeide_1.7.0/stm32cubeide/plugins/com.st.stm32cube.ide.mcu.externaltools.gnu-tools-for-stm32.9-2020-q2-update.win32_2.0.0.202105311346/tools/bin/../lib/gcc/arm-none-eabi/9.3.1/../../../../arm-none-eabi/lib/thumb/v7-m/nofp\libc_nano.a(lib_a-nano-svfprintf.o)
                0x000000000800e4f0                _svfiprintf_r
                0x000000000800e4f0                _svfprintf_r
 .text._raise_r
                0x000000000800e6f0       0x50 c:/st/stm32cubeide_1.7.0/stm32cubeide/plugins/com.st.stm32cube.ide.mcu.externaltools.gnu-tools-for-stm32.9-2020-q2-update.win32_2.0.0.202105311346/tools/bin/../lib/gcc/arm-none-eabi/9.3.1/../../../../arm-none-eabi/lib/thumb/v7-m/nofp\libc_nano.a(lib_a-signal.o)
                0x000000000800e6f0                _raise_r
 .text.raise    0x000000000800e740       0x10 c:/st/stm32cubeide_1.7.0/stm32cubeide/plugins/com.st.stm32cube.ide.mcu.externaltools.gnu-tools-for-stm32.9-2020-q2-update.win32_2.0.0.202105311346/tools/bin/../lib/gcc/arm-none-eabi/9.3.1/../../../../arm-none-eabi/lib/thumb/v7-m/nofp\libc_nano.a(lib_a-signal.o)
                0x000000000800e740                raise
 .text._kill_r  0x000000000800e750       0x24 c:/st/stm32cubeide_1.7.0/stm32cubeide/plugins/com.st.stm32cube.ide.mcu.externaltools.gnu-tools-for-stm32.9-2020-q2-update.win32_2.0.0.202105311346/tools/bin/../lib/gcc/arm-none-eabi/9.3.1/../../../../arm-none-eabi/lib/thumb/v7-m/nofp\libc_nano.a(lib_a-signalr.o)
                0x000000000800e750                _kill_r
 .text._getpid_r
                0x000000000800e774        0x4 c:/st/stm32cubeide_1.7.0/stm32cubeide/plugins/com.st.stm32cube.ide.mcu.externaltools.gnu-tools-for-stm32.9-2020-q2-update.win32_2.0.0.202105311346/tools/bin/../lib/gcc/arm-none-eabi/9.3.1/../../../../arm-none-eabi/lib/thumb/v7-m/nofp\libc_nano.a(lib_a-signalr.o)
                0x000000000800e774                _getpid_r
 .text.__sread  0x000000000800e778       0x22 c:/st/stm32cubeide_1.7.0/stm32cubeide/plugins/com.st.stm32cube.ide.mcu.externaltools.gnu-tools-for-stm32.9-2020-q2-update.win32_2.0.0.202105311346/tools/bin/../lib/gcc/arm-none-eabi/9.3.1/../../../../arm-none-eabi/lib/thumb/v7-m/nofp\libc_nano.a(lib_a-stdio.o)
                0x000000000800e778                __sread
 .text.__swrite
                0x000000000800e79a       0x38 c:/st/stm32cubeide_1.7.0/stm32cubeide/plugins/com.st.stm32cube.ide.mcu.externaltools.gnu-tools-for-stm32.9-2020-q2-update.win32_2.0.0.202105311346/tools/bin/../lib/gcc/arm-none-eabi/9.3.1/../../../../arm-none-eabi/lib/thumb/v7-m/nofp\libc_nano.a(lib_a-stdio.o)
                0x000000000800e79a                __swrite
 .text.__sseek  0x000000000800e7d2       0x24 c:/st/stm32cubeide_1.7.0/stm32cubeide/plugins/com.st.stm32cube.ide.mcu.externaltools.gnu-tools-for-stm32.9-2020-q2-update.win32_2.0.0.202105311346/tools/bin/../lib/gcc/arm-none-eabi/9.3.1/../../../../arm-none-eabi/lib/thumb/v7-m/nofp\libc_nano.a(lib_a-stdio.o)
                0x000000000800e7d2                __sseek
 .text.__sclose
                0x000000000800e7f6        0x8 c:/st/stm32cubeide_1.7.0/stm32cubeide/plugins/com.st.stm32cube.ide.mcu.externaltools.gnu-tools-for-stm32.9-2020-q2-update.win32_2.0.0.202105311346/tools/bin/../lib/gcc/arm-none-eabi/9.3.1/../../../../arm-none-eabi/lib/thumb/v7-m/nofp\libc_nano.a(lib_a-stdio.o)
                0x000000000800e7f6                __sclose
 *fill*         0x000000000800e7fe        0x2 
 .text._write_r
                0x000000000800e800       0x24 c:/st/stm32cubeide_1.7.0/stm32cubeide/plugins/com.st.stm32cube.ide.mcu.externaltools.gnu-tools-for-stm32.9-2020-q2-update.win32_2.0.0.202105311346/tools/bin/../lib/gcc/arm-none-eabi/9.3.1/../../../../arm-none-eabi/lib/thumb/v7-m/nofp\libc_nano.a(lib_a-writer.o)
                0x000000000800e800                _write_r
 .text._close_r
                0x000000000800e824       0x20 c:/st/stm32cubeide_1.7.0/stm32cubeide/plugins/com.st.stm32cube.ide.mcu.externaltools.gnu-tools-for-stm32.9-2020-q2-update.win32_2.0.0.202105311346/tools/bin/../lib/gcc/arm-none-eabi/9.3.1/../../../../arm-none-eabi/lib/thumb/v7-m/nofp\libc_nano.a(lib_a-closer.o)
                0x000000000800e824                _close_r
 .text._fstat_r
                0x000000000800e844       0x24 c:/st/stm32cubeide_1.7.0/stm32cubeide/plugins/com.st.stm32cube.ide.mcu.externaltools.gnu-tools-for-stm32.9-2020-q2-update.win32_2.0.0.202105311346/tools/bin/../lib/gcc/arm-none-eabi/9.3.1/../../../../arm-none-eabi/lib/thumb/v7-m/nofp\libc_nano.a(lib_a-fstatr.o)
                0x000000000800e844                _fstat_r
 .text._isatty_r
                0x000000000800e868       0x20 c:/st/stm32cubeide_1.7.0/stm32cubeide/plugins/com.st.stm32cube.ide.mcu.externaltools.gnu-tools-for-stm32.9-2020-q2-update.win32_2.0.0.202105311346/tools/bin/../lib/gcc/arm-none-eabi/9.3.1/../../../../arm-none-eabi/lib/thumb/v7-m/nofp\libc_nano.a(lib_a-isattyr.o)
                0x000000000800e868                _isatty_r
 .text._lseek_r
                0x000000000800e888       0x24 c:/st/stm32cubeide_1.7.0/stm32cubeide/plugins/com.st.stm32cube.ide.mcu.externaltools.gnu-tools-for-stm32.9-2020-q2-update.win32_2.0.0.202105311346/tools/bin/../lib/gcc/arm-none-eabi/9.3.1/../../../../arm-none-eabi/lib/thumb/v7-m/nofp\libc_nano.a(lib_a-lseekr.o)
                0x000000000800e888                _lseek_r
 .text._malloc_usable_size_r
                0x000000000800e8ac       0x10 c:/st/stm32cubeide_1.7.0/stm32cubeide/plugins/com.st.stm32cube.ide.mcu.externaltools.gnu-tools-for-stm32.9-2020-q2-update.win32_2.0.0.202105311346/tools/bin/../lib/gcc/arm-none-eabi/9.3.1/../../../../arm-none-eabi/lib/thumb/v7-m/nofp\libc_nano.a(lib_a-nano-msizer.o)
                0x000000000800e8ac                _malloc_usable_size_r
 .text._read_r  0x000000000800e8bc       0x24 c:/st/stm32cubeide_1.7.0/stm32cubeide/plugins/com.st.stm32cube.ide.mcu.externaltools.gnu-tools-for-stm32.9-2020-q2-update.win32_2.0.0.202105311346/tools/bin/../lib/gcc/arm-none-eabi/9.3.1/../../../../arm-none-eabi/lib/thumb/v7-m/nofp\libc_nano.a(lib_a-readr.o)
                0x000000000800e8bc                _read_r
 *(.glue_7)
 .glue_7        0x000000000800e8e0        0x0 linker stubs
 *(.glue_7t)
 .glue_7t       0x000000000800e8e0        0x0 linker stubs
 *(.eh_frame)
 .eh_frame      0x000000000800e8e0        0x0 c:/st/stm32cubeide_1.7.0/stm32cubeide/plugins/com.st.stm32cube.ide.mcu.externaltools.gnu-tools-for-stm32.9-2020-q2-update.win32_2.0.0.202105311346/tools/bin/../lib/gcc/arm-none-eabi/9.3.1/thumb/v7-m/nofp/crtbegin.o
 *(.init)
 .init          0x000000000800e8e0        0x4 c:/st/stm32cubeide_1.7.0/stm32cubeide/plugins/com.st.stm32cube.ide.mcu.externaltools.gnu-tools-for-stm32.9-2020-q2-update.win32_2.0.0.202105311346/tools/bin/../lib/gcc/arm-none-eabi/9.3.1/thumb/v7-m/nofp/crti.o
                0x000000000800e8e0                _init
 .init          0x000000000800e8e4        0x8 c:/st/stm32cubeide_1.7.0/stm32cubeide/plugins/com.st.stm32cube.ide.mcu.externaltools.gnu-tools-for-stm32.9-2020-q2-update.win32_2.0.0.202105311346/tools/bin/../lib/gcc/arm-none-eabi/9.3.1/thumb/v7-m/nofp/crtn.o
 *(.fini)
 .fini          0x000000000800e8ec        0x4 c:/st/stm32cubeide_1.7.0/stm32cubeide/plugins/com.st.stm32cube.ide.mcu.externaltools.gnu-tools-for-stm32.9-2020-q2-update.win32_2.0.0.202105311346/tools/bin/../lib/gcc/arm-none-eabi/9.3.1/thumb/v7-m/nofp/crti.o
                0x000000000800e8ec                _fini
 .fini          0x000000000800e8f0        0x8 c:/st/stm32cubeide_1.7.0/stm32cubeide/plugins/com.st.stm32cube.ide.mcu.externaltools.gnu-tools-for-stm32.9-2020-q2-update.win32_2.0.0.202105311346/tools/bin/../lib/gcc/arm-none-eabi/9.3.1/thumb/v7-m/nofp/crtn.o
                0x000000000800e8f8                . = ALIGN (0x4)
                0x000000000800e8f8                _etext = .

.vfp11_veneer   0x000000000800e8f8        0x0
 .vfp11_veneer  0x000000000800e8f8        0x0 linker stubs

.v4_bx          0x000000000800e8f8        0x0
 .v4_bx         0x000000000800e8f8        0x0 linker stubs

.iplt           0x000000000800e8f8        0x0
 .iplt          0x000000000800e8f8        0x0 c:/st/stm32cubeide_1.7.0/stm32cubeide/plugins/com.st.stm32cube.ide.mcu.externaltools.gnu-tools-for-stm32.9-2020-q2-update.win32_2.0.0.202105311346/tools/bin/../lib/gcc/arm-none-eabi/9.3.1/thumb/v7-m/nofp/crtbegin.o

.rodata         0x000000000800e8f8      0xdc4
                0x000000000800e8f8                . = ALIGN (0x4)
 *(.rodata)
 .rodata        0x000000000800e8f8      0x926 ./Core/Src/lfs.o
 *fill*         0x000000000800f21e        0x2 
 .rodata        0x000000000800f220      0x1a1 ./Core/Src/littlefs_driver.o
 *fill*         0x000000000800f3c1        0x3 
 .rodata        0x000000000800f3c4       0x65 ./Core/Src/main.o
 *fill*         0x000000000800f429        0x3 
 .rodata        0x000000000800f42c       0x1d ./Core/Src/nor.o
 *(.rodata*)
 *fill*         0x000000000800f449        0x3 
 .rodata.__func__.8265
                0x000000000800f44c        0xc ./Core/Src/lfs.o
 .rodata.__func__.8293
                0x000000000800f458        0xd ./Core/Src/lfs.o
 *fill*         0x000000000800f465        0x3 
 .rodata.__func__.8304
                0x000000000800f468        0xc ./Core/Src/lfs.o
 .rodata.__func__.8316
                0x000000000800f474        0xc ./Core/Src/lfs.o
 .rodata.__func__.8326
                0x000000000800f480        0xd ./Core/Src/lfs.o
 *fill*         0x000000000800f48d        0x3 
 .rodata.__func__.8662
                0x000000000800f490       0x11 ./Core/Src/lfs.o
 *fill*         0x000000000800f4a1        0x3 
 .rodata.__func__.8896
                0x000000000800f4a4       0x10 ./Core/Src/lfs.o
 .rodata.__func__.8935
                0x000000000800f4b4       0x19 ./Core/Src/lfs.o
 *fill*         0x000000000800f4cd        0x3 
 .rodata.__func__.8992
                0x000000000800f4d0       0x18 ./Core/Src/lfs.o
 .rodata.defaults.9164
                0x000000000800f4e8        0xc ./Core/Src/lfs.o
 .rodata.__func__.9263
                0x000000000800f4f4       0x12 ./Core/Src/lfs.o
 *fill*         0x000000000800f506        0x2 
 .rodata.__func__.9407
                0x000000000800f508        0x9 ./Core/Src/lfs.o
 *fill*         0x000000000800f511        0x3 
 .rodata.__func__.9520
                0x000000000800f514       0x13 ./Core/Src/lfs.o
 *fill*         0x000000000800f527        0x1 
 .rodata.__func__.9631
                0x000000000800f528        0xe ./Core/Src/lfs.o
 *fill*         0x000000000800f536        0x2 
 .rodata.__func__.9646
                0x000000000800f538        0xf ./Core/Src/lfs.o
 *fill*         0x000000000800f547        0x1 
 .rodata.__func__.9669
                0x000000000800f548        0xf ./Core/Src/lfs.o
 *fill*         0x000000000800f557        0x1 
 .rodata.__func__.9725
                0x000000000800f558        0xd ./Core/Src/lfs.o
 *fill*         0x000000000800f565        0x3 
 .rodata.rtable.7934
                0x000000000800f568       0x40 ./Core/Src/lfs_util.o
 .rodata.AHBPrescTable
                0x000000000800f5a8       0x10 ./Core/Src/system_stm32f1xx.o
                0x000000000800f5a8                AHBPrescTable
 .rodata.APBPrescTable
                0x000000000800f5b8        0x8 ./Core/Src/system_stm32f1xx.o
                0x000000000800f5b8                APBPrescTable
 .rodata.aPLLMULFactorTable.6230
                0x000000000800f5c0       0x10 ./Drivers/STM32F1xx_HAL_Driver/Src/stm32f1xx_hal_rcc.o
 .rodata.aPredivFactorTable.6231
                0x000000000800f5d0        0x2 ./Drivers/STM32F1xx_HAL_Driver/Src/stm32f1xx_hal_rcc.o
 *fill*         0x000000000800f5d2        0x2 
 .rodata.aPLLMULFactorTable.6165
                0x000000000800f5d4       0x10 ./Drivers/STM32F1xx_HAL_Driver/Src/stm32f1xx_hal_rcc_ex.o
 .rodata.aPredivFactorTable.6166
                0x000000000800f5e4        0x2 ./Drivers/STM32F1xx_HAL_Driver/Src/stm32f1xx_hal_rcc_ex.o
 .rodata.__assert_func.str1.1
                0x000000000800f5e6       0x3c c:/st/stm32cubeide_1.7.0/stm32cubeide/plugins/com.st.stm32cube.ide.mcu.externaltools.gnu-tools-for-stm32.9-2020-q2-update.win32_2.0.0.202105311346/tools/bin/../lib/gcc/arm-none-eabi/9.3.1/../../../../arm-none-eabi/lib/thumb/v7-m/nofp\libc_nano.a(lib_a-assert.o)
                                         0x3d (size before relaxing)
 *fill*         0x000000000800f622        0x2 
 .rodata._global_impure_ptr
                0x000000000800f624        0x4 c:/st/stm32cubeide_1.7.0/stm32cubeide/plugins/com.st.stm32cube.ide.mcu.externaltools.gnu-tools-for-stm32.9-2020-q2-update.win32_2.0.0.202105311346/tools/bin/../lib/gcc/arm-none-eabi/9.3.1/../../../../arm-none-eabi/lib/thumb/v7-m/nofp\libc_nano.a(lib_a-impure.o)
                0x000000000800f624                _global_impure_ptr
 .rodata._vfprintf_r.str1.1
                0x000000000800f628       0x11 c:/st/stm32cubeide_1.7.0/stm32cubeide/plugins/com.st.stm32cube.ide.mcu.externaltools.gnu-tools-for-stm32.9-2020-q2-update.win32_2.0.0.202105311346/tools/bin/../lib/gcc/arm-none-eabi/9.3.1/../../../../arm-none-eabi/lib/thumb/v7-m/nofp\libc_nano.a(lib_a-nano-vfprintf.o)
 .rodata._printf_i.str1.1
                0x000000000800f639       0x22 c:/st/stm32cubeide_1.7.0/stm32cubeide/plugins/com.st.stm32cube.ide.mcu.externaltools.gnu-tools-for-stm32.9-2020-q2-update.win32_2.0.0.202105311346/tools/bin/../lib/gcc/arm-none-eabi/9.3.1/../../../../arm-none-eabi/lib/thumb/v7-m/nofp\libc_nano.a(lib_a-nano-vfprintf_i.o)
 *fill*         0x000000000800f65b        0x1 
 .rodata.__sf_fake_stderr
                0x000000000800f65c       0x20 c:/st/stm32cubeide_1.7.0/stm32cubeide/plugins/com.st.stm32cube.ide.mcu.externaltools.gnu-tools-for-stm32.9-2020-q2-update.win32_2.0.0.202105311346/tools/bin/../lib/gcc/arm-none-eabi/9.3.1/../../../../arm-none-eabi/lib/thumb/v7-m/nofp\libc_nano.a(lib_a-findfp.o)
                0x000000000800f65c                __sf_fake_stderr
 .rodata.__sf_fake_stdin
                0x000000000800f67c       0x20 c:/st/stm32cubeide_1.7.0/stm32cubeide/plugins/com.st.stm32cube.ide.mcu.externaltools.gnu-tools-for-stm32.9-2020-q2-update.win32_2.0.0.202105311346/tools/bin/../lib/gcc/arm-none-eabi/9.3.1/../../../../arm-none-eabi/lib/thumb/v7-m/nofp\libc_nano.a(lib_a-findfp.o)
                0x000000000800f67c                __sf_fake_stdin
 .rodata.__sf_fake_stdout
                0x000000000800f69c       0x20 c:/st/stm32cubeide_1.7.0/stm32cubeide/plugins/com.st.stm32cube.ide.mcu.externaltools.gnu-tools-for-stm32.9-2020-q2-update.win32_2.0.0.202105311346/tools/bin/../lib/gcc/arm-none-eabi/9.3.1/../../../../arm-none-eabi/lib/thumb/v7-m/nofp\libc_nano.a(lib_a-findfp.o)
                0x000000000800f69c                __sf_fake_stdout
 .rodata._svfprintf_r.str1.1
                0x000000000800f6bc       0x11 c:/st/stm32cubeide_1.7.0/stm32cubeide/plugins/com.st.stm32cube.ide.mcu.externaltools.gnu-tools-for-stm32.9-2020-q2-update.win32_2.0.0.202105311346/tools/bin/../lib/gcc/arm-none-eabi/9.3.1/../../../../arm-none-eabi/lib/thumb/v7-m/nofp\libc_nano.a(lib_a-nano-svfprintf.o)
                0x000000000800f6d0                . = ALIGN (0x4)

.rel.dyn        0x000000000800f6bc        0x0
 .rel.iplt      0x000000000800f6bc        0x0 c:/st/stm32cubeide_1.7.0/stm32cubeide/plugins/com.st.stm32cube.ide.mcu.externaltools.gnu-tools-for-stm32.9-2020-q2-update.win32_2.0.0.202105311346/tools/bin/../lib/gcc/arm-none-eabi/9.3.1/thumb/v7-m/nofp/crtbegin.o

.ARM.extab      0x000000000800f6bc        0x0
                0x000000000800f6bc                . = ALIGN (0x4)
 *(.ARM.extab* .gnu.linkonce.armextab.*)
                0x000000000800f6bc                . = ALIGN (0x4)

.ARM            0x000000000800f6bc        0x0
                0x000000000800f6bc                . = ALIGN (0x4)
                0x000000000800f6bc                __exidx_start = .
 *(.ARM.exidx*)
                0x000000000800f6bc                __exidx_end = .
                0x000000000800f6bc                . = ALIGN (0x4)

.preinit_array  0x000000000800f6bc        0x0
                0x000000000800f6bc                . = ALIGN (0x4)
                0x000000000800f6bc                PROVIDE (__preinit_array_start = .)
 *(.preinit_array*)
                0x000000000800f6bc                PROVIDE (__preinit_array_end = .)
                0x000000000800f6bc                . = ALIGN (0x4)

.init_array     0x000000000800f6bc        0x4
                0x000000000800f6bc                . = ALIGN (0x4)
                0x000000000800f6bc                PROVIDE (__init_array_start = .)
 *(SORT_BY_NAME(.init_array.*))
 *(.init_array*)
 .init_array    0x000000000800f6bc        0x4 c:/st/stm32cubeide_1.7.0/stm32cubeide/plugins/com.st.stm32cube.ide.mcu.externaltools.gnu-tools-for-stm32.9-2020-q2-update.win32_2.0.0.202105311346/tools/bin/../lib/gcc/arm-none-eabi/9.3.1/thumb/v7-m/nofp/crtbegin.o
                0x000000000800f6c0                PROVIDE (__init_array_end = .)
                0x000000000800f6c0                . = ALIGN (0x4)

.fini_array     0x000000000800f6c0        0x4
                0x000000000800f6c0                . = ALIGN (0x4)
                [!provide]                        PROVIDE (__fini_array_start = .)
 *(SORT_BY_NAME(.fini_array.*))
 *(.fini_array*)
 .fini_array    0x000000000800f6c0        0x4 c:/st/stm32cubeide_1.7.0/stm32cubeide/plugins/com.st.stm32cube.ide.mcu.externaltools.gnu-tools-for-stm32.9-2020-q2-update.win32_2.0.0.202105311346/tools/bin/../lib/gcc/arm-none-eabi/9.3.1/thumb/v7-m/nofp/crtbegin.o
                [!provide]                        PROVIDE (__fini_array_end = .)
                0x000000000800f6c4                . = ALIGN (0x4)
                0x000000000800f6c4                _sidata = LOADADDR (.data)

.data           0x0000000020000000       0x70 load address 0x000000000800f6c4
                0x0000000020000000                . = ALIGN (0x4)
                0x0000000020000000                _sdata = .
 *(.data)
 *(.data*)
 .data.SystemCoreClock
                0x0000000020000000        0x4 ./Core/Src/system_stm32f1xx.o
                0x0000000020000000                SystemCoreClock
 .data.uwTickPrio
                0x0000000020000004        0x4 ./Drivers/STM32F1xx_HAL_Driver/Src/stm32f1xx_hal.o
                0x0000000020000004                uwTickPrio
 .data.uwTickFreq
                0x0000000020000008        0x1 ./Drivers/STM32F1xx_HAL_Driver/Src/stm32f1xx_hal.o
                0x0000000020000008                uwTickFreq
 *fill*         0x0000000020000009        0x3 
 .data._impure_ptr
                0x000000002000000c        0x4 c:/st/stm32cubeide_1.7.0/stm32cubeide/plugins/com.st.stm32cube.ide.mcu.externaltools.gnu-tools-for-stm32.9-2020-q2-update.win32_2.0.0.202105311346/tools/bin/../lib/gcc/arm-none-eabi/9.3.1/../../../../arm-none-eabi/lib/thumb/v7-m/nofp\libc_nano.a(lib_a-impure.o)
                0x000000002000000c                _impure_ptr
 .data.impure_data
                0x0000000020000010       0x60 c:/st/stm32cubeide_1.7.0/stm32cubeide/plugins/com.st.stm32cube.ide.mcu.externaltools.gnu-tools-for-stm32.9-2020-q2-update.win32_2.0.0.202105311346/tools/bin/../lib/gcc/arm-none-eabi/9.3.1/../../../../arm-none-eabi/lib/thumb/v7-m/nofp\libc_nano.a(lib_a-impure.o)
 *(.RamFunc)
 *(.RamFunc*)
                0x0000000020000070                . = ALIGN (0x4)
                0x0000000020000070                _edata = .

.igot.plt       0x0000000020000070        0x0 load address 0x000000000800f734
 .igot.plt      0x0000000020000070        0x0 c:/st/stm32cubeide_1.7.0/stm32cubeide/plugins/com.st.stm32cube.ide.mcu.externaltools.gnu-tools-for-stm32.9-2020-q2-update.win32_2.0.0.202105311346/tools/bin/../lib/gcc/arm-none-eabi/9.3.1/thumb/v7-m/nofp/crtbegin.o
                0x0000000020000070                . = ALIGN (0x4)

.bss            0x0000000020000070      0x7d4 load address 0x000000000800f734
                0x0000000020000070                _sbss = .
                0x0000000020000070                __bss_start__ = _sbss
 *(.bss)
 .bss           0x0000000020000070       0x1c c:/st/stm32cubeide_1.7.0/stm32cubeide/plugins/com.st.stm32cube.ide.mcu.externaltools.gnu-tools-for-stm32.9-2020-q2-update.win32_2.0.0.202105311346/tools/bin/../lib/gcc/arm-none-eabi/9.3.1/thumb/v7-m/nofp/crtbegin.o
 *(.bss*)
 .bss.LfsConfig
                0x000000002000008c       0x4c ./Core/Src/littlefs_driver.o
 .bss.LfsConfig2
                0x00000000200000d8       0x4c ./Core/Src/littlefs_driver.o
 .bss.DmaEnd    0x0000000020000124        0x1 ./Core/Src/littlefs_driver.o
                0x0000000020000124                DmaEnd
 *fill*         0x0000000020000125        0x3 
 .bss.Counter   0x0000000020000128        0x8 ./Core/Src/main.o
                0x0000000020000128                Counter
 .bss.__sbrk_heap_end
                0x0000000020000130        0x4 ./Core/Src/sysmem.o
 .bss.__malloc_free_list
                0x0000000020000134        0x4 c:/st/stm32cubeide_1.7.0/stm32cubeide/plugins/com.st.stm32cube.ide.mcu.externaltools.gnu-tools-for-stm32.9-2020-q2-update.win32_2.0.0.202105311346/tools/bin/../lib/gcc/arm-none-eabi/9.3.1/../../../../arm-none-eabi/lib/thumb/v7-m/nofp\libc_nano.a(lib_a-nano-mallocr.o)
                0x0000000020000134                __malloc_free_list
 .bss.__malloc_sbrk_start
                0x0000000020000138        0x4 c:/st/stm32cubeide_1.7.0/stm32cubeide/plugins/com.st.stm32cube.ide.mcu.externaltools.gnu-tools-for-stm32.9-2020-q2-update.win32_2.0.0.202105311346/tools/bin/../lib/gcc/arm-none-eabi/9.3.1/../../../../arm-none-eabi/lib/thumb/v7-m/nofp\libc_nano.a(lib_a-nano-mallocr.o)
                0x0000000020000138                __malloc_sbrk_start
 *(COMMON)
 *fill*         0x000000002000013c        0x4 
 COMMON         0x0000000020000140      0x1ac ./Core/Src/littlefs_driver.o
                0x0000000020000140                File
                0x0000000020000194                Lfs2
                0x0000000020000210                Nor
                0x0000000020000260                Lfs
                0x00000000200002d8                Text
 COMMON         0x00000000200002ec      0x544 ./Core/Src/main.o
                0x00000000200002ec                hspi2
                0x0000000020000344                huart1
                0x000000002000038c                tx
                0x00000000200004a4                hrtc
                0x00000000200004b8                hspi1
                0x0000000020000510                huart2
                0x0000000020000558                hpcd_USB_FS
 COMMON         0x0000000020000830        0x4 ./Drivers/STM32F1xx_HAL_Driver/Src/stm32f1xx_hal.o
                0x0000000020000830                uwTick
 COMMON         0x0000000020000834        0x9 c:/st/stm32cubeide_1.7.0/stm32cubeide/plugins/com.st.stm32cube.ide.mcu.externaltools.gnu-tools-for-stm32.9-2020-q2-update.win32_2.0.0.202105311346/tools/bin/../lib/gcc/arm-none-eabi/9.3.1/../../../../arm-none-eabi/lib/thumb/v7-m/nofp\libc_nano.a(lib_a-lock.o)
                0x0000000020000834                __lock___atexit_recursive_mutex
                0x0000000020000835                __lock___arc4random_mutex
                0x0000000020000836                __lock___env_recursive_mutex
                0x0000000020000837                __lock___sinit_recursive_mutex
                0x0000000020000838                __lock___malloc_recursive_mutex
                0x0000000020000839                __lock___at_quick_exit_mutex
                0x000000002000083a                __lock___dd_hash_mutex
                0x000000002000083b                __lock___tz_mutex
                0x000000002000083c                __lock___sfp_recursive_mutex
 *fill*         0x000000002000083d        0x3 
 COMMON         0x0000000020000840        0x4 c:/st/stm32cubeide_1.7.0/stm32cubeide/plugins/com.st.stm32cube.ide.mcu.externaltools.gnu-tools-for-stm32.9-2020-q2-update.win32_2.0.0.202105311346/tools/bin/../lib/gcc/arm-none-eabi/9.3.1/../../../../arm-none-eabi/lib/thumb/v7-m/nofp\libc_nano.a(lib_a-reent.o)
                0x0000000020000840                errno
                0x0000000020000844                . = ALIGN (0x4)
                0x0000000020000844                _ebss = .
                0x0000000020000844                __bss_end__ = _ebss

._user_heap_stack
                0x0000000020000844      0x604 load address 0x000000000800f734
                0x0000000020000848                . = ALIGN (0x8)
 *fill*         0x0000000020000844        0x4 
                [!provide]                        PROVIDE (end = .)
                0x0000000020000848                PROVIDE (_end = .)
                0x0000000020000a48                . = (. + _Min_Heap_Size)
 *fill*         0x0000000020000848      0x200 
                0x0000000020000e48                . = (. + _Min_Stack_Size)
 *fill*         0x0000000020000a48      0x400 
                0x0000000020000e48                . = ALIGN (0x8)

/DISCARD/
 libc.a(*)
 libm.a(*)
 libgcc.a(*)

.ARM.attributes
                0x0000000000000000       0x29
 *(.ARM.attributes)
 .ARM.attributes
                0x0000000000000000       0x1d c:/st/stm32cubeide_1.7.0/stm32cubeide/plugins/com.st.stm32cube.ide.mcu.externaltools.gnu-tools-for-stm32.9-2020-q2-update.win32_2.0.0.202105311346/tools/bin/../lib/gcc/arm-none-eabi/9.3.1/thumb/v7-m/nofp/crti.o
 .ARM.attributes
                0x000000000000001d       0x2d c:/st/stm32cubeide_1.7.0/stm32cubeide/plugins/com.st.stm32cube.ide.mcu.externaltools.gnu-tools-for-stm32.9-2020-q2-update.win32_2.0.0.202105311346/tools/bin/../lib/gcc/arm-none-eabi/9.3.1/thumb/v7-m/nofp/crtbegin.o
 .ARM.attributes
                0x000000000000004a       0x2d ./Core/Src/lfs.o
 .ARM.attributes
                0x0000000000000077       0x2d ./Core/Src/lfs_util.o
 .ARM.attributes
                0x00000000000000a4       0x2d ./Core/Src/littlefs_driver.o
 .ARM.attributes
                0x00000000000000d1       0x2d ./Core/Src/main.o
 .ARM.attributes
                0x00000000000000fe       0x2d ./Core/Src/nor.o
 .ARM.attributes
                0x000000000000012b       0x2d ./Core/Src/nor_ids.o
 .ARM.attributes
                0x0000000000000158       0x2d ./Core/Src/stm32f1xx_hal_msp.o
 .ARM.attributes
                0x0000000000000185       0x2d ./Core/Src/stm32f1xx_it.o
 .ARM.attributes
                0x00000000000001b2       0x2d ./Core/Src/syscalls.o
 .ARM.attributes
                0x00000000000001df       0x2d ./Core/Src/sysmem.o
 .ARM.attributes
                0x000000000000020c       0x2d ./Core/Src/system_stm32f1xx.o
 .ARM.attributes
                0x0000000000000239       0x21 ./Core/Startup/startup_stm32f103c8tx.o
 .ARM.attributes
                0x000000000000025a       0x2d ./Drivers/STM32F1xx_HAL_Driver/Src/stm32f1xx_hal.o
 .ARM.attributes
                0x0000000000000287       0x2d ./Drivers/STM32F1xx_HAL_Driver/Src/stm32f1xx_hal_cortex.o
 .ARM.attributes
                0x00000000000002b4       0x2d ./Drivers/STM32F1xx_HAL_Driver/Src/stm32f1xx_hal_dma.o
 .ARM.attributes
                0x00000000000002e1       0x2d ./Drivers/STM32F1xx_HAL_Driver/Src/stm32f1xx_hal_gpio.o
 .ARM.attributes
                0x000000000000030e       0x2d ./Drivers/STM32F1xx_HAL_Driver/Src/stm32f1xx_hal_pcd.o
 .ARM.attributes
                0x000000000000033b       0x2d ./Drivers/STM32F1xx_HAL_Driver/Src/stm32f1xx_hal_pwr.o
 .ARM.attributes
                0x0000000000000368       0x2d ./Drivers/STM32F1xx_HAL_Driver/Src/stm32f1xx_hal_rcc.o
 .ARM.attributes
                0x0000000000000395       0x2d ./Drivers/STM32F1xx_HAL_Driver/Src/stm32f1xx_hal_rcc_ex.o
 .ARM.attributes
                0x00000000000003c2       0x2d ./Drivers/STM32F1xx_HAL_Driver/Src/stm32f1xx_hal_rtc.o
 .ARM.attributes
                0x00000000000003ef       0x2d ./Drivers/STM32F1xx_HAL_Driver/Src/stm32f1xx_hal_rtc_ex.o
 .ARM.attributes
                0x000000000000041c       0x2d ./Drivers/STM32F1xx_HAL_Driver/Src/stm32f1xx_hal_spi.o
 .ARM.attributes
                0x0000000000000449       0x2d ./Drivers/STM32F1xx_HAL_Driver/Src/stm32f1xx_hal_uart.o
 .ARM.attributes
                0x0000000000000476       0x2d ./Drivers/STM32F1xx_HAL_Driver/Src/stm32f1xx_ll_usb.o
 .ARM.attributes
                0x00000000000004a3       0x2d c:/st/stm32cubeide_1.7.0/stm32cubeide/plugins/com.st.stm32cube.ide.mcu.externaltools.gnu-tools-for-stm32.9-2020-q2-update.win32_2.0.0.202105311346/tools/bin/../lib/gcc/arm-none-eabi/9.3.1/../../../../arm-none-eabi/lib/thumb/v7-m/nofp\libc_nano.a(lib_a-assert.o)
 .ARM.attributes
                0x00000000000004d0       0x2d c:/st/stm32cubeide_1.7.0/stm32cubeide/plugins/com.st.stm32cube.ide.mcu.externaltools.gnu-tools-for-stm32.9-2020-q2-update.win32_2.0.0.202105311346/tools/bin/../lib/gcc/arm-none-eabi/9.3.1/../../../../arm-none-eabi/lib/thumb/v7-m/nofp\libc_nano.a(lib_a-errno.o)
 .ARM.attributes
                0x00000000000004fd       0x2d c:/st/stm32cubeide_1.7.0/stm32cubeide/plugins/com.st.stm32cube.ide.mcu.externaltools.gnu-tools-for-stm32.9-2020-q2-update.win32_2.0.0.202105311346/tools/bin/../lib/gcc/arm-none-eabi/9.3.1/../../../../arm-none-eabi/lib/thumb/v7-m/nofp\libc_nano.a(lib_a-fprintf.o)
 .ARM.attributes