main.c:101:6:read_file_from_littlefs	128	static
main.c:152:6:HAL_SPI_TxCpltCallback	16	static
main.c:156:6:HAL_SPI_RxCpltCallback	16	static
main.c:160:6:nor_delay_us	16	static
main.c:171:6:nor_cs_assert	8	static
main.c:175:6:nor_cs_deassert	8	static
main.c:179:6:nor_spi_tx	16	static
main.c:186:6:nor_spi_rx	16	static
main.c:194:6:__init_nor	8	static
main.c:208:5:_fs_read	32	static
main.c:218:5:_fs_write	32	static
main.c:228:5:_fs_erase	16	static
main.c:236:5:_fs_sync	16	static
main.c:241:6:list_files	440	static
main.c:279:6:__init_littefs	16	static
main.c:336:5:count_files_in_directory	344	static
main.c:373:6:list_directories_with_file_count	1104	static
main.c:419:6:list_files_with_size	1112	static
main.c:463:6:__init_storage	8	static
main.c:473:5:main	64	static
main.c:626:6:SystemClock_Config	88	static
main.c:674:13:MX_RTC_Init	8	static
main.c:704:13:MX_SPI1_Init	8	static
main.c:742:13:MX_SPI2_Init	8	static
main.c:780:13:MX_USART1_UART_Init	8	static
main.c:813:13:MX_USART2_UART_Init	8	static
main.c:846:13:MX_USB_PCD_Init	8	static
main.c:877:13:MX_GPIO_Init	40	static
main.c:915:6:myprintf	112	static
main.c:930:6:Error_Handler	4	static,ignoring_inline_asm
