MT25Q.c:35:6:Read_ID	72	static
MT25Q.c:75:6:ADDRESSING_MODE	24	static
MT25Q.c:105:6:Bulk_Read	32	static
MT25Q.c:128:9:Read_Byte_4B	32	static
MT25Q.c:153:6:Bulk_Read_4B	32	static
MT25Q.c:177:6:Page_Write	32	static
MT25Q.c:219:6:Page_Write_4B	32	static
MT25Q.c:265:6:Byte_Write_4B	32	static
MT25Q.c:293:9:Sector_Erase	32	static
MT25Q.c:339:9:Sector_Erase_4B	32	static
MT25Q.c:387:6:Chip_Erase	24	static
MT25Q.c:407:9:Status_Reg	24	static
MT25Q.c:421:9:Status_Reg_Flag	24	static
MT25Q.c:434:10:Status_Reg_NonVol	24	static
MT25Q.c:448:9:Status_Reg_Volatile	24	static
MT25Q.c:461:9:Status_Reg_Enhanced	24	static
MT25Q.c:474:9:Status_Reg_Extended	24	static
MT25Q.c:487:9:Status_Reg_General	24	static
MT25Q.c:502:9:Serial_Flash_Parameter	24	static
MT25Q.c:523:6:Status_Reg_Write	24	static
MT25Q.c:533:6:Status_Reg_Write_NonVol	24	static
MT25Q.c:547:6:Status_Reg_Write_Vol	24	static
MT25Q.c:557:6:Status_Reg_Write_Enhanced	24	static
MT25Q.c:567:6:Status_Reg_Write_Extended	24	static
MT25Q.c:577:6:Status_Reg_Clear_Flag	24	static
MT25Q.c:594:10:Read_Sector_Protection	24	static
MT25Q.c:612:6:Write_Sector_Protection	24	static
MT25Q.c:632:6:Reset_Memory	24	static
MT25Q.c:642:13:Reset_Enable	24	static
MT25Q.c:649:6:Write_Enable	24	static
MT25Q.c:658:13:Write_Disable	24	static
MT25Q.c:665:13:FM_Enable	16	static
MT25Q.c:672:13:FM_Disable	16	static
