nor.c:68:6:Read_ID	32	static
nor.c:97:13:_nor_cs_assert	16	static
nor.c:102:13:_nor_cs_deassert	16	static
nor.c:107:13:_nor_spi_tx	24	static
nor.c:111:13:_nor_spi_rx	24	static
nor.c:115:13:_nor_delay_us	16	static
nor.c:119:17:_nor_ReadID	24	static
nor.c:132:17:_nor_ReadUniqID	40	static
nor.c:148:13:_nor_WriteEnable	24	static
nor.c:158:6:_nor_WriteDisable	24	static
nor.c:167:9:_nor_ReadStatusRegister	24	static
nor.c:198:6:_nor_WriteStatusRegister	24	static
nor.c:224:11:_nor_WaitForWriteEnd	24	static
nor.c:245:11:_nor_check_buff_is_empty	24	static
nor.c:261:11:NOR_Init	24	static
nor.c:330:11:NOR_Init_wo_ID	24	static
nor.c:385:11:NOR_ExitPowerDown	24	static
nor.c:403:11:NOR_EnterPowerDown	24	static
nor.c:420:11:NOR_EraseChip	24	static
nor.c:439:11:NOR_EraseAddress	40	static
nor.c:480:11:NOR_EraseSector	24	static
nor.c:489:11:NOR_EraseBlock	24	static
nor.c:498:10:NOR_PageToSector	16	static
nor.c:503:10:NOR_PageToBlock	16	static
nor.c:508:10:NOR_SectorToBlock	16	static
nor.c:513:10:NOR_SectorToPage	16	static
nor.c:518:10:NOR_BlockToPage	16	static
nor.c:523:11:NOR_IsEmptyAddress	88	static
nor.c:547:11:NOR_IsEmptyPage	32	static
nor.c:556:11:NOR_IsEmptySector	32	static
nor.c:565:11:NOR_IsEmptyBlock	32	static
nor.c:574:11:NOR_WriteBytes	40	static
nor.c:624:11:NOR_WritePage	32	static
nor.c:638:11:NOR_WriteSector	32	static
nor.c:652:11:NOR_WriteBlock	32	static
nor.c:666:11:NOR_ReadBytes	48	static
nor.c:719:11:NOR_ReadPage	32	static
nor.c:733:11:NOR_ReadSector	32	static
nor.c:747:11:NOR_ReadBlock	32	static
