nor.c:70:13:_nor_cs_assert	16	static
nor.c:75:13:_nor_cs_deassert	16	static
nor.c:80:13:_nor_spi_tx	24	static
nor.c:84:13:_nor_spi_rx	24	static
nor.c:88:13:_nor_delay_us	16	static
nor.c:92:17:_nor_ReadID	24	static
nor.c:105:17:_nor_ReadUniqID	40	static
nor.c:121:13:_nor_WriteEnable	24	static
nor.c:131:6:_nor_WriteDisable	24	static
nor.c:140:9:_nor_ReadStatusRegister	24	static
nor.c:171:6:_nor_WriteStatusRegister	24	static
nor.c:197:11:_nor_WaitForWriteEnd	24	static
nor.c:218:11:_nor_check_buff_is_empty	24	static
nor.c:234:11:NOR_Init	24	static
nor.c:303:11:NOR_Init_wo_ID	24	static
nor.c:358:11:NOR_ExitPowerDown	24	static
nor.c:376:11:NOR_EnterPowerDown	24	static
nor.c:393:11:NOR_EraseChip	24	static
nor.c:412:11:NOR_EraseAddress	40	static
nor.c:453:11:NOR_EraseSector	24	static
nor.c:462:11:NOR_EraseBlock	24	static
nor.c:471:10:NOR_PageToSector	16	static
nor.c:476:10:NOR_PageToBlock	16	static
nor.c:481:10:NOR_SectorToBlock	16	static
nor.c:486:10:NOR_SectorToPage	16	static
nor.c:491:10:NOR_BlockToPage	16	static
nor.c:496:11:NOR_IsEmptyAddress	88	static
nor.c:520:11:NOR_IsEmptyPage	32	static
nor.c:529:11:NOR_IsEmptySector	32	static
nor.c:538:11:NOR_IsEmptyBlock	32	static
nor.c:547:11:NOR_WriteBytes	40	static
nor.c:597:11:NOR_WritePage	32	static
nor.c:611:11:NOR_WriteSector	32	static
nor.c:625:11:NOR_WriteBlock	32	static
nor.c:639:11:NOR_ReadBytes	48	static
nor.c:692:11:NOR_ReadPage	32	static
nor.c:706:11:NOR_ReadSector	32	static
nor.c:720:11:NOR_ReadBlock	32	static
